Component: ARM Compiler 5.05 update 1 (build 106) Tool: armlink [4d0efa]

==============================================================================

Section Cross References

    main.o(i._Z8Get_Timev) refers to ffltll_clz.o(x$fpl$ffltll) for __aeabi_ul2f
    main.o(i._Z8Get_Timev) refers to time.o(.data) for SystemTime
    main.o(i._Z8Get_Timev) refers to main.o(.data) for Time_Pre
    main.o(i.__sti___6_main_c_TG_50HZ) refers to main.o(i._ZN7Target_C1EPFvtEi) for Target_::Target_(void(*)(unsigned short), int)
    main.o(i.__sti___6_main_c_TG_50HZ) refers to scheduler.o(.data) for Scheduler
    main.o(i.__sti___6_main_c_TG_50HZ) refers to main.o(.bss) for TG_50HZ
    main.o(i.main) refers to misc.o(i.NVIC_PriorityGroupConfig) for NVIC_PriorityGroupConfig
    main.o(i.main) refers to target.o(i._ZN7Target_3RunEv) for Target_::Run()
    main.o(i.main) refers to time.o(.data) for SystemTime
    main.o(i.main) refers to led.o(.data) for Led
    main.o(i.main) refers to buzzer.o(.data) for Buzzer
    main.o(i.main) refers to usart.o(.data) for usart1
    main.o(i.main) refers to attitude.o(.data) for Attitude
    main.o(i.main) refers to position.o(.data) for Position
    main.o(i.main) refers to pwm_capture.o(.data) for PWM_In
    main.o(i.main) refers to battery.o(.data) for Power
    main.o(i.main) refers to motor.o(.data) for Motor
    main.o(i.main) refers to hallspeed.o(.data) for speed_measure
    main.o(i.main) refers to main.o(.bss) for TG_50HZ
    main.o(.ARM.exidx) refers to main.o(i._Z8Get_Timev) for i._Z8Get_Timev
    main.o(.ARM.exidx) refers to main.o(i.main) for i.main
    main.o(.ARM.exidx) refers to main.o(i.__sti___6_main_c_TG_50HZ) for i.__sti___6_main_c_TG_50HZ
    main.o(.init_array) refers to main.o(i.__sti___6_main_c_TG_50HZ) for __sti___6_main_c_TG_50HZ
    main.o(.init_array) refers to init_aeabi.o(.text) for __cpp_initialize__aeabi_
    scheduler.o(i._Z10Loop_100Hzt) refers to hallspeed.o(.data) for speed_measure
    scheduler.o(i._Z10Loop_100Hzt) refers to ms5611.o(.data) for MS5611
    scheduler.o(i._Z10Loop_100Hzt) refers to communication.o(.data) for Communication
    scheduler.o(i._Z10Loop_200Hzt) refers to position.o(.data) for Position
    scheduler.o(i._Z10Loop_200Hzt) refers to hmc5883.o(.data) for HMC5883
    scheduler.o(i._Z10Loop_500Hzt) refers to mpu6050.o(.data) for MPU6050
    scheduler.o(i._Z10Loop_500Hzt) refers to attitude.o(.data) for Attitude
    scheduler.o(i._Z9Loop_50Hzt) refers to dflt_clz.o(x$fpl$dfltu) for __aeabi_ui2d
    scheduler.o(i._Z9Loop_50Hzt) refers to dfixu.o(x$fpl$dfixu) for __aeabi_d2uiz
    scheduler.o(i._Z9Loop_50Hzt) refers to pwm_capture.o(.data) for PWM_In
    scheduler.o(i._Z9Loop_50Hzt) refers to battery.o(.data) for Power
    scheduler.o(i._Z9Loop_50Hzt) refers to sysstate.o(.data) for SystemState
    scheduler.o(i._Z9Loop_50Hzt) refers to carcontrol.o(.data) for CarControl
    scheduler.o(i._Z9Loop_50Hzt) refers to motor.o(.data) for Motor
    scheduler.o(i._Z9Loop_50Hzt) refers to math_user.o(.data) for Math
    scheduler.o(.ARM.exidx) refers to scheduler.o(i._Z11Loop_1000Hzt) for i._Z11Loop_1000Hzt
    scheduler.o(.ARM.exidx) refers to scheduler.o(i._Z10Loop_500Hzt) for i._Z10Loop_500Hzt
    scheduler.o(.ARM.exidx) refers to scheduler.o(i._Z10Loop_200Hzt) for i._Z10Loop_200Hzt
    scheduler.o(.ARM.exidx) refers to scheduler.o(i._Z10Loop_100Hzt) for i._Z10Loop_100Hzt
    scheduler.o(.ARM.exidx) refers to scheduler.o(i._Z9Loop_50Hzt) for i._Z9Loop_50Hzt
    scheduler.o(.data) refers to scheduler.o(i._Z11Loop_1000Hzt) for Loop_1000Hz(unsigned short)
    scheduler.o(.data) refers to scheduler.o(i._Z10Loop_500Hzt) for Loop_500Hz(unsigned short)
    scheduler.o(.data) refers to scheduler.o(i._Z10Loop_200Hzt) for Loop_200Hz(unsigned short)
    scheduler.o(.data) refers to scheduler.o(i._Z10Loop_100Hzt) for Loop_100Hz(unsigned short)
    scheduler.o(.data) refers to scheduler.o(i._Z9Loop_50Hzt) for Loop_50Hz(unsigned short)
    communication.o(i._Z10Char_2_IntPh) refers to dflt_clz.o(x$fpl$dfltu) for __aeabi_ui2d
    communication.o(i._Z10Char_2_IntPh) refers to dmul.o(x$fpl$dmul) for __aeabi_dmul
    communication.o(i._Z10Char_2_IntPh) refers to dfixu.o(x$fpl$dfixu) for __aeabi_d2uiz
    communication.o(i._Z11Communicatev) refers to communication.o(i._Z13Send_Data_TX2v) for Send_Data_TX2()
    communication.o(i._Z11Communicatev) refers to communication.o(i._Z17Data_Analysis_TX2v) for Data_Analysis_TX2()
    communication.o(i._Z13Send_Data_TX2v) refers to communication.o(i._Z15Send_Senser_TX2v) for Send_Senser_TX2()
    communication.o(i._Z14Send_Reply_TX2th) refers to communication.o(.bss) for Communicate_BUF
    communication.o(i._Z14Send_Reply_TX2th) refers to usart.o(.data) for usart1
    communication.o(i._Z15Send_Senser_TX2v) refers to carcontrol.o(.data) for CarControl
    communication.o(i._Z15Send_Senser_TX2v) refers to communication.o(.bss) for Communicate_BUF
[...]
    ADC_DMARequestAfterLastTransferCmd       0x0800055b   Thumb Code    22  stm32f4xx_adc.o(i.ADC_DMARequestAfterLastTransferCmd)
    ADC_Init                                 0x08000571   Thumb Code    74  stm32f4xx_adc.o(i.ADC_Init)
    ADC_RegularChannelConfig                 0x080005c5   Thumb Code   184  stm32f4xx_adc.o(i.ADC_RegularChannelConfig)
    ADC_SoftwareStartConv                    0x0800067d   Thumb Code    10  stm32f4xx_adc.o(i.ADC_SoftwareStartConv)
    BusFault_Handler                         0x08000687   Thumb Code     4  stm32f4xx_it.o(i.BusFault_Handler)
    DMA_Cmd                                  0x0800068b   Thumb Code    22  stm32f4xx_dma.o(i.DMA_Cmd)
    DMA_Init                                 0x080006a1   Thumb Code    82  stm32f4xx_dma.o(i.DMA_Init)
    DebugMon_Handler                         0x080006f9   Thumb Code     2  stm32f4xx_it.o(i.DebugMon_Handler)
    FLASH_ClearFlag                          0x080006fd   Thumb Code     6  stm32f4xx_flash.o(i.FLASH_ClearFlag)
    FLASH_EraseSector                        0x08000709   Thumb Code   130  stm32f4xx_flash.o(i.FLASH_EraseSector)
    FLASH_GetStatus                          0x08000791   Thumb Code    80  stm32f4xx_flash.o(i.FLASH_GetStatus)
    FLASH_Lock                               0x080007e5   Thumb Code    14  stm32f4xx_flash.o(i.FLASH_Lock)
    FLASH_ProgramWord                        0x080007f9   Thumb Code    74  stm32f4xx_flash.o(i.FLASH_ProgramWord)
    FLASH_Unlock                             0x08000849   Thumb Code    24  stm32f4xx_flash.o(i.FLASH_Unlock)
    FLASH_WaitForLastOperation               0x0800086d   Thumb Code    34  stm32f4xx_flash.o(i.FLASH_WaitForLastOperation)
    GPIO_Init                                0x0800088f   Thumb Code   144  stm32f4xx_gpio.o(i.GPIO_Init)
    GPIO_PinAFConfig                         0x0800091f   Thumb Code    70  stm32f4xx_gpio.o(i.GPIO_PinAFConfig)
    GPIO_ResetBits                           0x08000965   Thumb Code     4  stm32f4xx_gpio.o(i.GPIO_ResetBits)
    GPIO_SetBits                             0x08000969   Thumb Code     4  stm32f4xx_gpio.o(i.GPIO_SetBits)
    HardFault_Handler                        0x0800096d   Thumb Code     4  stm32f4xx_it.o(i.HardFault_Handler)
    MemManage_Handler                        0x08000971   Thumb Code     4  stm32f4xx_it.o(i.MemManage_Handler)
    NMI_Handler                              0x08000975   Thumb Code     2  stm32f4xx_it.o(i.NMI_Handler)
    NVIC_Init                                0x08000979   Thumb Code   106  misc.o(i.NVIC_Init)
    NVIC_PriorityGroupConfig                 0x080009f1   Thumb Code    10  misc.o(i.NVIC_PriorityGroupConfig)
    PendSV_Handler                           0x08000a05   Thumb Code     2  stm32f4xx_it.o(i.PendSV_Handler)
    RCC_AHB1PeriphClockCmd                   0x08000a09   Thumb Code    26  stm32f4xx_rcc.o(i.RCC_AHB1PeriphClockCmd)
    RCC_APB1PeriphClockCmd                   0x08000a29   Thumb Code    26  stm32f4xx_rcc.o(i.RCC_APB1PeriphClockCmd)
    RCC_APB1PeriphResetCmd                   0x08000a49   Thumb Code    26  stm32f4xx_rcc.o(i.RCC_APB1PeriphResetCmd)
    RCC_APB2PeriphClockCmd                   0x08000a69   Thumb Code    26  stm32f4xx_rcc.o(i.RCC_APB2PeriphClockCmd)
    RCC_APB2PeriphResetCmd                   0x08000a89   Thumb Code    26  stm32f4xx_rcc.o(i.RCC_APB2PeriphResetCmd)
    RCC_GetClocksFreq                        0x08000aa9   Thumb Code   214  stm32f4xx_rcc.o(i.RCC_GetClocksFreq)
    SVC_Handler                              0x08000b8d   Thumb Code     2  stm32f4xx_it.o(i.SVC_Handler)
    SysTick_Handler                          0x08000b91   Thumb Code    20  time.o(i.SysTick_Handler)
    SystemInit                               0x08000ba9   Thumb Code    88  system_stm32f4xx.o(i.SystemInit)
    TIM4_IRQHandler                          0x08000c11   Thumb Code   502  pwm_capture.o(i.TIM4_IRQHandler)
    TIM5_IRQHandler                          0x08000e29   Thumb Code    70  ms5611.o(i.TIM5_IRQHandler)
    TIM_ARRPreloadConfig                     0x08000e79   Thumb Code    24  stm32f4xx_tim.o(i.TIM_ARRPreloadConfig)
    TIM_ClearFlag                            0x08000e91   Thumb Code     6  stm32f4xx_tim.o(i.TIM_ClearFlag)
    TIM_ClearITPendingBit                    0x08000e97   Thumb Code     6  stm32f4xx_tim.o(i.TIM_ClearITPendingBit)
    TIM_Cmd                                  0x08000e9d   Thumb Code    24  stm32f4xx_tim.o(i.TIM_Cmd)
    TIM_DeInit                               0x08000eb5   Thumb Code   346  stm32f4xx_tim.o(i.TIM_DeInit)
    TIM_EncoderInterfaceConfig               0x08001045   Thumb Code    66  stm32f4xx_tim.o(i.TIM_EncoderInterfaceConfig)
    TIM_GetCapture1                          0x08001087   Thumb Code     6  stm32f4xx_tim.o(i.TIM_GetCapture1)
    TIM_GetCapture2                          0x0800108d   Thumb Code     6  stm32f4xx_tim.o(i.TIM_GetCapture2)
    TIM_GetCapture3                          0x08001093   Thumb Code     6  stm32f4xx_tim.o(i.TIM_GetCapture3)
    TIM_GetCapture4                          0x08001099   Thumb Code     6  stm32f4xx_tim.o(i.TIM_GetCapture4)
    TIM_GetCounter                           0x0800109f   Thumb Code     6  stm32f4xx_tim.o(i.TIM_GetCounter)
    TIM_GetITStatus                          0x080010a5   Thumb Code    34  stm32f4xx_tim.o(i.TIM_GetITStatus)
    TIM_ICInit                               0x080010c7   Thumb Code   110  stm32f4xx_tim.o(i.TIM_ICInit)
    TIM_ICStructInit                         0x08001135   Thumb Code    18  stm32f4xx_tim.o(i.TIM_ICStructInit)
    TIM_ITConfig                             0x08001147   Thumb Code    18  stm32f4xx_tim.o(i.TIM_ITConfig)
    TIM_OC1Init                              0x08001159   Thumb Code   114  stm32f4xx_tim.o(i.TIM_OC1Init)
    TIM_OC1PreloadConfig                     0x080011d5   Thumb Code    18  stm32f4xx_tim.o(i.TIM_OC1PreloadConfig)
    TIM_OC2Init                              0x080011e9   Thumb Code   154  stm32f4xx_tim.o(i.TIM_OC2Init)
    TIM_OC2PreloadConfig                     0x0800128d   Thumb Code    26  stm32f4xx_tim.o(i.TIM_OC2PreloadConfig)
    TIM_OC3Init                              0x080012a9   Thumb Code   150  stm32f4xx_tim.o(i.TIM_OC3Init)
    TIM_OC3PreloadConfig                     0x08001349   Thumb Code    18  stm32f4xx_tim.o(i.TIM_OC3PreloadConfig)
    TIM_OC4Init                              0x0800135d   Thumb Code   112  stm32f4xx_tim.o(i.TIM_OC4Init)
    TIM_OC4PreloadConfig                     0x080013d5   Thumb Code    26  stm32f4xx_tim.o(i.TIM_OC4PreloadConfig)
    TIM_SetCompare1                          0x080013ef   Thumb Code     4  stm32f4xx_tim.o(i.TIM_SetCompare1)
    TIM_SetCompare2                          0x080013f3   Thumb Code     4  stm32f4xx_tim.o(i.TIM_SetCompare2)
    TIM_SetCompare3                          0x080013f7   Thumb Code     4  stm32f4xx_tim.o(i.TIM_SetCompare3)
    TIM_SetCompare4                          0x080013fb   Thumb Code     4  stm32f4xx_tim.o(i.TIM_SetCompare4)
    TIM_SetCounter                           0x080013ff   Thumb Code     4  stm32f4xx_tim.o(i.TIM_SetCounter)
    TIM_SetIC1Prescaler                      0x08001403   Thumb Code    18  stm32f4xx_tim.o(i.TIM_SetIC1Prescaler)
    TIM_SetIC2Prescaler                      0x08001415   Thumb Code    26  stm32f4xx_tim.o(i.TIM_SetIC2Prescaler)
    TIM_SetIC3Prescaler                      0x0800142f   Thumb Code    18  stm32f4xx_tim.o(i.TIM_SetIC3Prescaler)
    TIM_SetIC4Prescaler                      0x08001441   Thumb Code    26  stm32f4xx_tim.o(i.TIM_SetIC4Prescaler)
    TIM_TimeBaseInit                         0x0800145d   Thumb Code   104  stm32f4xx_tim.o(i.TIM_TimeBaseInit)
    UART4_IRQHandler                         0x080014e1   Thumb Code   206  gps_uart.o(i.UART4_IRQHandler)
    USART1_IRQHandler                        0x080015cd   Thumb Code    98  usart.o(i.USART1_IRQHandler)
    USART2_IRQHandler                        0x08001641   Thumb Code   162  sbus.o(i.USART2_IRQHandler)
    USART_ClearITPendingBit                  0x08001705   Thumb Code    30  stm32f4xx_usart.o(i.USART_ClearITPendingBit)
    USART_Cmd                                0x08001723   Thumb Code    24  stm32f4xx_usart.o(i.USART_Cmd)
    USART_GetFlagStatus                      0x0800173b   Thumb Code    26  stm32f4xx_usart.o(i.USART_GetFlagStatus)
    USART_GetITStatus                        0x08001755   Thumb Code    84  stm32f4xx_usart.o(i.USART_GetITStatus)
    USART_ITConfig                           0x080017a9   Thumb Code    74  stm32f4xx_usart.o(i.USART_ITConfig)
    USART_Init                               0x080017f5   Thumb Code   204  stm32f4xx_usart.o(i.USART_Init)
    USART_ReceiveData                        0x080018c9   Thumb Code    10  stm32f4xx_usart.o(i.USART_ReceiveData)
    USART_SendData                           0x080018d3   Thumb Code     8  stm32f4xx_usart.o(i.USART_SendData)
    UsageFault_Handler                       0x080018db   Thumb Code     4  stm32f4xx_it.o(i.UsageFault_Handler)
    ADC_Updata()                             0x080018e1   Thumb Code    44  battery.o(i._Z10ADC_Updatav)
    Buzzer_Off()                             0x0800191d   Thumb Code    14  buzzer.o(i._Z10Buzzer_Offv)
    Loop_100Hz(unsigned short)               0x08001931   Thumb Code    26  scheduler.o(i._Z10Loop_100Hzt)
    Loop_200Hz(unsigned short)               0x08001959   Thumb Code    20  scheduler.o(i._Z10Loop_200Hzt)
    Loop_500Hz(unsigned short)               0x08001975   Thumb Code    18  scheduler.o(i._Z10Loop_500Hzt)
    Motor_Hold()                             0x08001991   Thumb Code    68  motor.o(i._Z10Motor_Holdv)
    Motor_Init()                             0x080019d9   Thumb Code    16  motor.o(i._Z10Motor_Initv)
    Motor_Stop()                             0x080019e9   Thumb Code    86  motor.o(i._Z10Motor_Stopv)
    PWM_output()                             0x08001a49   Thumb Code   106  carcontrol.o(i._Z10PWM_outputv)
    Read_Flash(unsigned short)               0x08001ad1   Thumb Code    28  mpu6050.o(i._Z10Read_Flasht)
    TimeNow_MS()                             0x08001c19   Thumb Code     8  time.o(i._Z10TimeNow_MSv)
    TimeNow_US()                             0x08001c25   Thumb Code   152  time.o(i._Z10TimeNow_USv)
    Buzzer_Init()                            0x08001cc5   Thumb Code    56  buzzer.o(i._Z11Buzzer_Initv)
    Communicate()                            0x08001d01   Thumb Code    14  communication.o(i._Z11Communicatev)
    GPS_receive(unsigned char*, unsigned short) 0x08001d11   Thumb Code    62  gps_uart.o(i._Z11GPS_receivePht)
    LED_Reverse(unsigned short, unsigned)    0x08001d55   Thumb Code    52  led.o(i._Z11LED_Reversetj)
    Loop_1000Hz(unsigned short)              0x08001d95   Thumb Code     2  scheduler.o(i._Z11Loop_1000Hzt)
    SBUS_Updata()                            0x08001d97   Thumb Code     8  sbus.o(i._Z11SBUS_Updatav)
    Time_WaitMS(unsigned)                    0x08001e8d   Thumb Code    24  time.o(i._Z11Time_WaitMSj)
    Time_WaitUS(unsigned)                    0x08001ea5   Thumb Code    28  time.o(i._Z11Time_WaitUSj)
    Write_Flash()                            0x08001ec1   Thumb Code   260  mpu6050.o(i._Z11Write_Flashv)
    usart1_init(unsigned)                    0x08001fd1   Thumb Code   216  usart.o(i._Z11usart1_initj)
    usart1_send(unsigned char*, unsigned short) 0x080020c5   Thumb Code    70  usart.o(i._Z11usart1_sendPht)
    ADC_DMA_Init()                           0x08002119   Thumb Code    90  battery.o(i._Z12ADC_DMA_Initv)
    Control_stop()                           0x08002181   Thumb Code    12  carcontrol.o(i._Z12Control_stopv)
    HMC5883_Init()                           0x08002191   Thumb Code    54  hmc5883.o(i._Z12HMC5883_Initv)
    MPU6050_Init()                           0x080021d1   Thumb Code   114  mpu6050.o(i._Z12MPU6050_Initv)
    MS5611_Reset()                           0x0800224d   Thumb Code    52  ms5611.o(i._Z12MS5611_Resetv)
    Motor_Output(BOOL)                       0x08002285   Thumb Code   728  motor.o(i._Z12Motor_Output4BOOL)
    POS_Acc_Loop(unsigned)                   0x08002581   Thumb Code   564  flycontrol.o(i._Z12POS_Acc_Loopj)
    PWM_CPT_Init(unsigned short, unsigned short) 0x08002811   Thumb Code    30  pwm_capture.o(i._Z12PWM_CPT_Inittt)
    SBUS_Receive()                           0x08002835   Thumb Code   214  sbus.o(i._Z12SBUS_Receivev)
    SW_POS_Judge(unsigned short)             0x08002931   Thumb Code    28  sbus.o(i._Z12SW_POS_Judget)
    State_Updata(unsigned short)             0x0800294d   Thumb Code    24  sysstate.o(i._Z12State_Updatat)
    Updata_Eular()                           0x08002965   Thumb Code   124  attitude.o(i._Z12Updata_Eularv)
    ADC_GOIO_Init()                          0x08002a25   Thumb Code    42  battery.o(i._Z13ADC_GOIO_Initv)
    Attitude_Init()                          0x08002a55   Thumb Code    16  attitude.o(i._Z13Attitude_Initv)
    Body_To_Earth(Vector, float, float, float) 0x08002a6d   Thumb Code   328  math_user.o(i._Z13Body_To_Earth6Vectorfff)
    GPS_UART_init(unsigned)                  0x08002bb9   Thumb Code   194  gps_uart.o(i._Z13GPS_UART_initj)
    MS561101_Init()                          0x08002c91   Thumb Code    38  ms5611.o(i._Z13MS561101_Initv)
    MS5611_Updata()                          0x08002cc1   Thumb Code   876  ms5611.o(i._Z13MS5611_Updatav)
    PWM_POS_Judge(unsigned short)            0x08003085   Thumb Code   124  pwm_capture.o(i._Z13PWM_POS_Judget)
    Position_Init()                          0x08003121   Thumb Code    20  position.o(i._Z13Position_Initv)
    Send_Data_TX2()                          0x0800313d   Thumb Code     8  communication.o(i._Z13Send_Data_TX2v)
    ATT_Inner_Loop(unsigned)                 0x08003145   Thumb Code   440  flycontrol.o(i._Z14ATT_Inner_Loopj)
    ATT_Outer_Loop(unsigned)                 0x0800330d   Thumb Code  1754  flycontrol.o(i._Z14ATT_Outer_Loopj)
    HMC5883_Updata()                         0x08003a15   Thumb Code   466  hmc5883.o(i._Z14HMC5883_Updatav)
    MPU6050_Updata()                         0x08003bf9   Thumb Code    16  mpu6050.o(i._Z14MPU6050_Updatav)
    Motor_TIM_Init()                         0x08003c09   Thumb Code   360  motor.o(i._Z14Motor_TIM_Initv)
    POS_Inner_Loop(unsigned)                 0x08003d81   Thumb Code   662  flycontrol.o(i._Z14POS_Inner_Loopj)
    POS_Outer_Loop(unsigned)                 0x0800406d   Thumb Code  2442  flycontrol.o(i._Z14POS_Outer_Loopj)
    PWM_CPT_Updata()                         0x08004a0d   Thumb Code    54  pwm_capture.o(i._Z14PWM_CPT_Updatav)
    Send_Reply_TX2(unsigned short, unsigned char) 0x08004a55   Thumb Code    70  communication.o(i._Z14Send_Reply_TX2th)
    usart1_receive(unsigned char*, unsigned short) 0x08004aa5   Thumb Code    52  usart.o(i._Z14usart1_receivePht)
    Altitude_Update(unsigned short, Vector)  0x08004ae1   Thumb Code   562  position.o(i._Z15Altitude_Updatet6Vector)
    Motor_GPIO_Init()                        0x08004d6d   Thumb Code   154  motor.o(i._Z15Motor_GPIO_Initv)
    Position_Updata(unsigned short)          0x08004e11   Thumb Code   256  position.o(i._Z15Position_Updatat)
    Send_Senser_TX2()                        0x08004f29   Thumb Code   810  communication.o(i._Z15Send_Senser_TX2v)
    Controller_State(unsigned short)         0x0800526d   Thumb Code   250  sysstate.o(i._Z16Controller_Statet)
    MPU6050_Read_ACC()                       0x08005391   Thumb Code   412  mpu6050.o(i._Z16MPU6050_Read_ACCv)
    MPU6050_Read_GYR()                       0x08005541   Thumb Code   288  mpu6050.o(i._Z16MPU6050_Read_GYRv)
    MS5611_PROM_Read()                       0x0800566d   Thumb Code   120  ms5611.o(i._Z16MS5611_PROM_Readv)
    PWM_CPT_TIM_Init()                       0x080056ed   Thumb Code   176  pwm_capture.o(i._Z16PWM_CPT_TIM_Initv)
    usart1_readframe(unsigned char*, unsigned char*, unsigned char*) 0x080057a1   Thumb Code   218  usart.o(i._Z16usart1_readframePhS_S_)
    Data_Analysis_TX2()                      0x08005885   Thumb Code   300  communication.o(i._Z17Data_Analysis_TX2v)
    MPU6050_Calibrate()                      0x080059c5   Thumb Code   480  mpu6050.o(i._Z17MPU6050_Calibratev)
    MPU6050_Para_Read()                      0x08005bcd   Thumb Code   110  mpu6050.o(i._Z17MPU6050_Para_Readv)
    MPU6050_Para_Save()                      0x08005c45   Thumb Code    16  mpu6050.o(i._Z17MPU6050_Para_Savev)
    MS5611_Read_3Byte()                      0x08005c59   Thumb Code   120  ms5611.o(i._Z17MS5611_Read_3Bytev)
    PWM_CPT_GPIO_Init()                      0x08005cd5   Thumb Code   154  pwm_capture.o(i._Z17PWM_CPT_GPIO_Initv)
    PWM_CPT_NVIC_Init()                      0x08005d79   Thumb Code    62  pwm_capture.o(i._Z17PWM_CPT_NVIC_Initv)
    Updata_Quaternion(Vector, Vector, Vector, double) 0x08005db9   Thumb Code  3334  attitude.o(i._Z17Updata_Quaternion6VectorS_S_d)
    speed_measure_get(unsigned short)        0x08006ac5   Thumb Code   184  hallspeed.o(i._Z17speed_measure_gett)
    MS5611_GetPressure()                     0x08006b99   Thumb Code    74  ms5611.o(i._Z18MS5611_GetPressurev)
    speed_measure_init()                     0x08006bed   Thumb Code   150  hallspeed.o(i._Z18speed_measure_initv)
    MS5611_Send_Commond(unsigned char)       0x08006c8d   Thumb Code    46  ms5611.o(i._Z19MS5611_Send_Commondh)
    XY_Coordinate_Rotate(float, float, float) 0x08006cc1   Thumb Code   118  math_user.o(i._Z20XY_Coordinate_Rotatefff)
    MS5611_GetTemperature()                  0x08006d41   Thumb Code    76  ms5611.o(i._Z21MS5611_GetTemperaturev)
    LED_On(unsigned short)                   0x08006d95   Thumb Code    38  led.o(i._Z6LED_Ont)
    Degrees(float)                           0x08006dc5   Thumb Code    14  math_user.o(i._Z7Degreesf)
    Dequeue(unsigned char*, Queue_*)         0x08006dd9   Thumb Code    58  queue.o(i._Z7DequeuePhP6Queue_)
    Enqueue(unsigned char, Queue_*)          0x08006e13   Thumb Code    56  queue.o(i._Z7EnqueuehP6Queue_)
    GPS_Cof()                                0x08006e4b   Thumb Code     2  gps_uart.o(i._Z7GPS_Cofv)
    Inqueue(unsigned char, unsigned char*)   0x08006e4d   Thumb Code    44  queue.o(i._Z7InqueuehPh)
    LED_Off(unsigned short)                  0x08006e79   Thumb Code    32  led.o(i._Z7LED_Offt)
    Radians(float)                           0x08006ea1   Thumb Code    14  math_user.o(i._Z7Radiansf)
    ADC_Init()                               0x08006eb5   Thumb Code   122  battery.o(i._Z8ADC_Initv)
    GPS_send(unsigned char*, unsigned short) 0x08006f35   Thumb Code    70  gps_uart.o(i._Z8GPS_sendPht)
    LED_Init()                               0x08006f89   Thumb Code    54  led.o(i._Z8LED_Initv)
    RC_State(unsigned short)                 0x08006fc5   Thumb Code    54  sysstate.o(i._Z8RC_Statet)
    Buzzer_On(unsigned short)                0x08007009   Thumb Code    40  buzzer.o(i._Z9Buzzer_Ont)
    Constrain(double, double, double)        0x0800703d   Thumb Code    92  math_user.o(i._Z9Constrainddd)
    Dead_Zone(float, float)                  0x08007099   Thumb Code    30  math_user.o(i._Z9Dead_Zoneff)
    Loop_50Hz(unsigned short)                0x080070bd   Thumb Code   242  scheduler.o(i._Z9Loop_50Hzt)
    Pow_State(unsigned short)                0x080071e1   Thumb Code    66  sysstate.o(i._Z9Pow_Statet)
    SBUS_Init()                              0x08007235   Thumb Code   222  sbus.o(i._Z9SBUS_Initv)
    Safe_Asin(float)                         0x08007325   Thumb Code    86  math_user.o(i._Z9Safe_Asinf)
    Time_Init()                              0x08007389   Thumb Code    98  time.o(i._Z9Time_Initv)
    XY_Update(unsigned short, Vector)        0x080073fd   Thumb Code   260  position.o(i._Z9XY_Updatet6Vector)
    Filter_2nd::LPF2ndFilter(Vector)         0x08007511   Thumb Code   268  filter.o(i._ZN10Filter_2nd12LPF2ndFilterE6Vector)
    Filter_2nd::LPF2ndFilter(float)          0x0800761d   Thumb Code    90  filter.o(i._ZN10Filter_2nd12LPF2ndFilterEf)
    Filter_2nd::Filter_2nd(float, float, float, float, float) 0x08007679   Thumb Code   176  filter.o(i._ZN10Filter_2ndC1Efffff)
    Filter_2nd::Filter_2nd__sub_object(float, float, float, float, float) 0x08007679   Thumb Code     0  filter.o(i._ZN10Filter_2ndC1Efffff)
    Filter_2nd::Filter_2nd()                 0x0800772d   Thumb Code   168  filter.o(i._ZN10Filter_2ndC1Ev)
    Filter_2nd::Filter_2nd__sub_object()     0x0800772d   Thumb Code     0  filter.o(i._ZN10Filter_2ndC1Ev)
    PWM_In_Data_::PWM_In_Data_()             0x080077d9   Thumb Code    18  pwm_capture.o(i._ZN12PWM_In_Data_C1Ev)
    PWM_In_Data_::PWM_In_Data___sub_object() 0x080077d9   Thumb Code     0  pwm_capture.o(i._ZN12PWM_In_Data_C1Ev)
    Filter_Balance::Filter_Balance(float, float) 0x080077ed   Thumb Code    26  position.o(i._ZN14Filter_BalanceC1Eff)
    Filter_Balance::Filter_Balance__sub_object(float, float) 0x080077ed   Thumb Code     0  position.o(i._ZN14Filter_BalanceC1Eff)
    Filter_MidValue::Bubble(float*)          0x0800780d   Thumb Code   206  filter.o(i._ZN15Filter_MidValue6BubbleEPf)
    Filter_MidValue::MidValue(Vector)        0x080078db   Thumb Code   170  filter.o(i._ZN15Filter_MidValue8MidValueE6Vector)
    Filter_EKF_Double::EKFFilter_Double(float, float, float, float, float, float&, float&, float) 0x08007985   Thumb Code  2226  filter.o(i._ZN17Filter_EKF_Double16EKFFilter_DoubleEfffffRfS0_f)
    Filter_EKF_Double::Filter_EKF_Double(float, float, float, float) 0x08008241   Thumb Code   176  position.o(i._ZN17Filter_EKF_DoubleC1Effff)
    Filter_EKF_Double::Filter_EKF_Double__sub_object(float, float, float, float) 0x08008241   Thumb Code     0  position.o(i._ZN17Filter_EKF_DoubleC1Effff)
    PID::Cal_PID_POS(int)                    0x080082fd   Thumb Code   616  pid.o(i._ZN3PID11Cal_PID_POSEi)
    PID::Cal_PID_POS_BT_LPF(int)             0x08008575   Thumb Code   654  pid.o(i._ZN3PID18Cal_PID_POS_BT_LPFEi)
    PID::Rst_I()                             0x08008815   Thumb Code    10  pid.o(i._ZN3PID5Rst_IEv)
    PID::PID(float, float, float, float)     0x08008829   Thumb Code   124  pid.o(i._ZN3PIDC1Effff)
    PID::PID__sub_object(float, float, float, float) 0x08008829   Thumb Code     0  pid.o(i._ZN3PIDC1Effff)
    PID::PID(float, float, float, float, Filter_2nd) 0x080088ad   Thumb Code   124  pid.o(i._ZN3PIDC1Effff10Filter_2nd)
    PID::PID__sub_object(float, float, float, float, Filter_2nd) 0x080088ad   Thumb Code     0  pid.o(i._ZN3PIDC1Effff10Filter_2nd)
    Vector::Vector(float, float, float)      0x08008931   Thumb Code    14  position.o(i._ZN6VectorC1Efff)
    Vector::Vector__sub_object(float, float, float) 0x08008931   Thumb Code     0  position.o(i._ZN6VectorC1Efff)
    Vector::Vector()                         0x08008941   Thumb Code    26  flycontrol.o(i._ZN6VectorC1Ev)
    Vector::Vector__sub_object()             0x08008941   Thumb Code     0  flycontrol.o(i._ZN6VectorC1Ev)
    Target_::Run()                           0x08008961   Thumb Code    68  target.o(i._ZN7Target_3RunEv)
    Target_::Target_(void(*)(unsigned short), int) 0x080089a9   Thumb Code    26  main.o(i._ZN7Target_C1EPFvtEi)
    Target_::Target___sub_object(void(*)(unsigned short), int) 0x080089a9   Thumb Code     0  main.o(i._ZN7Target_C1EPFvtEi)
    I2C_Soft_::Single_Read(unsigned char, unsigned char) 0x080089c3   Thumb Code   106  i2c_soft.o(i._ZN9I2C_Soft_11Single_ReadEhh)
    I2C_Soft_::Single_Write(unsigned char, unsigned char, unsigned char) 0x08008a2d   Thumb Code    86  i2c_soft.o(i._ZN9I2C_Soft_12Single_WriteEhhh)
    I2C_Soft_::Ack()                         0x08008a83   Thumb Code    54  i2c_soft.o(i._ZN9I2C_Soft_3AckEv)
    I2C_Soft_::Init()                        0x08008ab9   Thumb Code    74  i2c_soft.o(i._ZN9I2C_Soft_4InitEv)
    I2C_Soft_::Stop()                        0x08008b03   Thumb Code    54  i2c_soft.o(i._ZN9I2C_Soft_4StopEv)
    I2C_Soft_::Delay()                       0x08008b39   Thumb Code    16  i2c_soft.o(i._ZN9I2C_Soft_5DelayEv)
    I2C_Soft_::NoAck()                       0x08008b49   Thumb Code    54  i2c_soft.o(i._ZN9I2C_Soft_5NoAckEv)
    I2C_Soft_::Start()                       0x08008b7f   Thumb Code    86  i2c_soft.o(i._ZN9I2C_Soft_5StartEv)
    I2C_Soft_::WaitAck()                     0x08008bd5   Thumb Code    82  i2c_soft.o(i._ZN9I2C_Soft_7WaitAckEv)
    I2C_Soft_::ReadByte()                    0x08008c27   Thumb Code    78  i2c_soft.o(i._ZN9I2C_Soft_8ReadByteEv)
    I2C_Soft_::SendByte(unsigned char)       0x08008c75   Thumb Code    82  i2c_soft.o(i._ZN9I2C_Soft_8SendByteEh)
    I2C_Soft_::I2C_Soft_(char, unsigned short, unsigned short, unsigned short) 0x08008cc9   Thumb Code   122  mpu6050.o(i._ZN9I2C_Soft_C1Ecttt)
    I2C_Soft_::I2C_Soft___sub_object(char, unsigned short, unsigned short, unsigned short) 0x08008cc9   Thumb Code     0  mpu6050.o(i._ZN9I2C_Soft_C1Ecttt)
    __ARM_fpclassify                         0x08008d59   Thumb Code    48  fpclassify.o(i.__ARM_fpclassify)
    __ARM_fpclassifyf                        0x08008d89   Thumb Code    38  fpclassifyf.o(i.__ARM_fpclassifyf)
    __aeabi_vec_ctor_nocookie_nodtor         0x08008daf   Thumb Code    36  aeabi_vec_ctor_nocookie_nodtor.o(i.__aeabi_vec_ctor_nocookie_nodtor)
    __cxa_guard_acquire                      0x08008dd3   Thumb Code    16  cxa_guard_acquire.o(i.__cxa_guard_acquire)
    __hardfp_asinf                           0x08008de5   Thumb Code   258  asinf.o(i.__hardfp_asinf)
    __hardfp_atan2f                          0x08008f11   Thumb Code   502  atan2f.o(i.__hardfp_atan2f)
    __hardfp_fabs                            0x08009161   Thumb Code    20  fabs.o(i.__hardfp_fabs)
    __hardfp_pow                             0x08009179   Thumb Code  3044  pow.o(i.__hardfp_pow)
    __hardfp_powf                            0x08009db1   Thumb Code  1518  powf.o(i.__hardfp_powf)
    __mathlib_powf                           0x08009db1   Thumb Code     0  powf.o(i.__hardfp_powf)
    __hardfp_powl                            0x0800a3bd   Thumb Code     4  powl.o(i.__hardfp_powl)
    __kernel_poly                            0x0800a3c1   Thumb Code   248  poly.o(i.__kernel_poly)
    __mathlib_dbl_divzero                    0x0800a4b9   Thumb Code    28  dunder.o(i.__mathlib_dbl_divzero)
    __mathlib_dbl_infnan2                    0x0800a4e9   Thumb Code    20  dunder.o(i.__mathlib_dbl_infnan2)
    __mathlib_dbl_invalid                    0x0800a501   Thumb Code    24  dunder.o(i.__mathlib_dbl_invalid)
    __mathlib_dbl_overflow                   0x0800a521   Thumb Code    24  dunder.o(i.__mathlib_dbl_overflow)
    __mathlib_dbl_underflow                  0x0800a541   Thumb Code    24  dunder.o(i.__mathlib_dbl_underflow)
    __mathlib_flt_divzero                    0x0800a561   Thumb Code    14  funder.o(i.__mathlib_flt_divzero)
    __mathlib_flt_infnan                     0x0800a575   Thumb Code     6  funder.o(i.__mathlib_flt_infnan)
    __mathlib_flt_infnan2                    0x0800a57b   Thumb Code     6  funder.o(i.__mathlib_flt_infnan2)
    __mathlib_flt_invalid                    0x0800a581   Thumb Code    10  funder.o(i.__mathlib_flt_invalid)
    __mathlib_flt_overflow                   0x0800a591   Thumb Code    10  funder.o(i.__mathlib_flt_overflow)
    __mathlib_flt_underflow                  0x0800a5a1   Thumb Code    10  funder.o(i.__mathlib_flt_underflow)
    arm_cos_f32                              0x0800ac85   Thumb Code   132  arm_cos_f32.o(i.arm_cos_f32)
    arm_sin_f32                              0x0800ad15   Thumb Code   128  arm_sin_f32.o(i.arm_sin_f32)
    fabs                                     0x0800ada1   Thumb Code    24  fabs.o(i.fabs)
    main                                     0x0800adb9   Thumb Code   106  main.o(i.main)
    sqrt                                     0x0800ae5d   Thumb Code   110  sqrt.o(i.sqrt)
    sqrtf                                    0x0800aecb   Thumb Code    62  sqrtf.o(i.sqrtf)
    __aeabi_dneg                             0x0800af09   Thumb Code     0  basic.o(x$fpl$basic)
    _dneg                                    0x0800af09   Thumb Code     6  basic.o(x$fpl$basic)
    __aeabi_fneg                             0x0800af0f   Thumb Code     0  basic.o(x$fpl$basic)
    _fneg                                    0x0800af0f   Thumb Code     6  basic.o(x$fpl$basic)
    _dabs                                    0x0800af15   Thumb Code     6  basic.o(x$fpl$basic)
    _fabs                                    0x0800af1b   Thumb Code     6  basic.o(x$fpl$basic)
    __aeabi_d2f                              0x0800af21   Thumb Code     0  d2f.o(x$fpl$d2f)
    _d2f                                     0x0800af21   Thumb Code    98  d2f.o(x$fpl$d2f)
    __aeabi_dadd                             0x0800af85   Thumb Code     0  daddsub_clz.o(x$fpl$dadd)
    _dadd                                    0x0800af85   Thumb Code   332  daddsub_clz.o(x$fpl$dadd)
    __fpl_dcheck_NaN1                        0x0800b0d5   Thumb Code    10  dcheck1.o(x$fpl$dcheck1)
    __fpl_dcmp_Inf                           0x0800b0e5   Thumb Code    24  dcmpi.o(x$fpl$dcmpinf)
    __aeabi_ddiv                             0x0800b0fd   Thumb Code     0  ddiv.o(x$fpl$ddiv)
    _ddiv                                    0x0800b0fd   Thumb Code   552  ddiv.o(x$fpl$ddiv)
    __aeabi_cdcmpeq                          0x0800b3ad   Thumb Code     0  deqf.o(x$fpl$deqf)
    _dcmpeq                                  0x0800b3ad   Thumb Code   120  deqf.o(x$fpl$deqf)
    __aeabi_d2iz                             0x0800b425   Thumb Code     0  dfix.o(x$fpl$dfix)
    _dfix                                    0x0800b425   Thumb Code    94  dfix.o(x$fpl$dfix)
    __aeabi_d2uiz                            0x0800b485   Thumb Code     0  dfixu.o(x$fpl$dfixu)
    _dfixu                                   0x0800b485   Thumb Code    90  dfixu.o(x$fpl$dfixu)
    __aeabi_i2d                              0x0800b4df   Thumb Code     0  dflt_clz.o(x$fpl$dflt)
    _dflt                                    0x0800b4df   Thumb Code    46  dflt_clz.o(x$fpl$dflt)
    __aeabi_l2d                              0x0800b50d   Thumb Code     0  dfltll_clz.o(x$fpl$dfltll)
    _ll_sto_d                                0x0800b50d   Thumb Code   162  dfltll_clz.o(x$fpl$dfltll)
    __aeabi_ui2d                             0x0800b5af   Thumb Code     0  dflt_clz.o(x$fpl$dfltu)
    _dfltu                                   0x0800b5af   Thumb Code    38  dflt_clz.o(x$fpl$dfltu)
    __aeabi_ul2d                             0x0800b5d5   Thumb Code     0  dfltll_clz.o(x$fpl$dfltull)
    _ll_uto_d                                0x0800b5d5   Thumb Code   138  dfltll_clz.o(x$fpl$dfltull)
    __aeabi_cdcmple                          0x0800b661   Thumb Code     0  dleqf.o(x$fpl$dleqf)
    _dcmple                                  0x0800b661   Thumb Code   120  dleqf.o(x$fpl$dleqf)
    __fpl_dcmple_InfNaN                      0x0800b6c3   Thumb Code     0  dleqf.o(x$fpl$dleqf)
    __aeabi_dmul                             0x0800b6d9   Thumb Code     0  dmul.o(x$fpl$dmul)
    _dmul                                    0x0800b6d9   Thumb Code   332  dmul.o(x$fpl$dmul)
    __fpl_dnaninf                            0x0800b82d   Thumb Code   156  dnaninf.o(x$fpl$dnaninf)
    __fpl_dretinf                            0x0800b8c9   Thumb Code    12  dretinf.o(x$fpl$dretinf)
    __aeabi_cdrcmple                         0x0800b8d5   Thumb Code     0  drleqf.o(x$fpl$drleqf)
    _drcmple                                 0x0800b8d5   Thumb Code   108  drleqf.o(x$fpl$drleqf)
    __aeabi_drsub                            0x0800b941   Thumb Code     0  daddsub_clz.o(x$fpl$drsb)
    _drsb                                    0x0800b941   Thumb Code    22  daddsub_clz.o(x$fpl$drsb)
    _dsqrt                                   0x0800b959   Thumb Code   404  dsqrt_umaal.o(x$fpl$dsqrt)
    __aeabi_dsub                             0x0800baf1   Thumb Code     0  daddsub_clz.o(x$fpl$dsub)
    _dsub                                    0x0800baf1   Thumb Code   464  daddsub_clz.o(x$fpl$dsub)
    __aeabi_f2d                              0x0800bcc5   Thumb Code     0  f2d.o(x$fpl$f2d)
    _f2d                                     0x0800bcc5   Thumb Code    86  f2d.o(x$fpl$f2d)
    __aeabi_ul2f                             0x0800bd1b   Thumb Code     0  ffltll_clz.o(x$fpl$ffltll)
    _ll_uto_f                                0x0800bd1b   Thumb Code     6  ffltll_clz.o(x$fpl$ffltll)
    __aeabi_l2f                              0x0800bd21   Thumb Code     0  ffltll_clz.o(x$fpl$ffltll)
    _ll_sto_f                                0x0800bd21   Thumb Code    90  ffltll_clz.o(x$fpl$ffltll)
    __fpl_fnaninf                            0x0800bd7b   Thumb Code   140  fnaninf.o(x$fpl$fnaninf)
    _fp_init                                 0x0800be07   Thumb Code    10  fpinit.o(x$fpl$fpinit)
    __fplib_config_fpu_vfp                   0x0800be0f   Thumb Code     0  fpinit.o(x$fpl$fpinit)
    __fplib_config_pureend_doubles           0x0800be0f   Thumb Code     0  fpinit.o(x$fpl$fpinit)
    __fpl_fretinf                            0x0800be11   Thumb Code    10  fretinf.o(x$fpl$fretinf)
    __aeabi_d2lz                             0x0800be1d   Thumb Code     0  dfixll.o(x$fpl$llsfromd)
    _ll_sfrom_d                              0x0800be1d   Thumb Code   194  dfixll.o(x$fpl$llsfromd)
    __aeabi_f2lz                             0x0800bee1   Thumb Code     0  ffixll.o(x$fpl$llsfromf)
    _ll_sfrom_f                              0x0800bee1   Thumb Code   134  ffixll.o(x$fpl$llsfromf)
    __fpl_return_NaN                         0x0800bf67   Thumb Code   100  retnan.o(x$fpl$retnan)
    __ARM_scalbn                             0x0800bfcb   Thumb Code    92  scalbn.o(x$fpl$scalbn)
    __fpl_cmpreturn                          0x0800c027   Thumb Code    48  trapv.o(x$fpl$trapveneer)
    __I$use$fp                               0x0800c056   Number         0  usenofp.o(x$fpl$usenofp)
    sinTable_f32                             0x0800c118   Data        2052  arm_common_tables.o(.constdata)
    __mathlib_zero                           0x0800cae8   Data           8  qnan.o(.constdata)
    Region$$Table$$Base                      0x0800caf0   Number         0  anon$$obj.o(Region$$Table)
    Region$$Table$$Limit                     0x0800cb10   Number         0  anon$$obj.o(Region$$Table)
    SHT$$INIT_ARRAY$$Base                    0x0800cb10   Number         0  main.o(.init_array)
    SHT$$INIT_ARRAY$$Limit                   0x0800cb38   Number         0  init_aeabi.o(.init_array)
    Scheduler                                0x20000000   Data          20  scheduler.o(.data)
    SYS_State                                0x20000018   Data           6  communication.o(.data)
    Communication                            0x20000020   Data           4  communication.o(.data)
    Control_Para                             0x20000030   Data        2312  flycontrol.o(.data)
    FlyControl                               0x20000938   Data          24  flycontrol.o(.data)
    IsCalulate                               0x20000950   Data           1  attitude.o(.data)
    Attitude                                 0x20000954   Data          16  attitude.o(.data)
    Position                                 0x20000988   Data          44  position.o(.data)
    SystemState                              0x200009d0   Data           4  sysstate.o(.data)
    Math                                     0x200009e0   Data          16  math_user.o(.data)
    Car_Control_Para                         0x200009f0   Data           4  carcontrol.o(.data)
    CarControl                               0x200009f4   Data          28  carcontrol.o(.data)
    MPU6050                                  0x20000a10   Data          16  mpu6050.o(.data)
    HMC5883                                  0x20000a2c   Data          16  hmc5883.o(.data)
    Motor                                    0x20000a40   Data          20  motor.o(.data)
    dT                                       0x20000a58   Data           8  ms5611.o(.data)
    SENS                                     0x20000a60   Data           8  ms5611.o(.data)
    OFF                                      0x20000a68   Data           8  ms5611.o(.data)
    Press_ORI                                0x20000a70   Data           4  ms5611.o(.data)
    MS5611_State                             0x20000a74   Data           1  ms5611.o(.data)
    MS5611                                   0x20000a78   Data          12  ms5611.o(.data)
    usTicks                                  0x20000a90   Data           4  time.o(.data)
    TSTSTST                                  0x20000a98   Data           8  time.o(.data)
    SystemTimeMS                             0x20000aa0   Data           8  time.o(.data)
    SystemTime                               0x20000aa8   Data          20  time.o(.data)
    LED_State                                0x20000abc   Data           2  led.o(.data)
    Led                                      0x20000ac0   Data          20  led.o(.data)
    PWM_RC_Kp                                0x20000ad8   Data           4  pwm_capture.o(.data)
    Connect_Status_Cnt                       0x20000adc   Data           2  pwm_capture.o(.data)
    PWM_In                                   0x20000ae0   Data          20  pwm_capture.o(.data)
    ADC_Value                                0x20000afc   Data           2  battery.o(.data)
    Power_VOL_Data                           0x20000b00   Data           8  battery.o(.data)
    Power                                    0x20000b08   Data          12  battery.o(.data)
    GPS_UART_RX_Cnt                          0x20000b14   Data           1  gps_uart.o(.data)
    GPS_UART                                 0x20000b18   Data          16  gps_uart.o(.data)
    Buzzer                                   0x20000b28   Data          12  buzzer.o(.data)
    usart1                                   0x20000b38   Data          16  usart.o(.data)
    Queue_OPS                                0x20000b48   Data          12  queue.o(.data)
    Is_SBUS_REC                              0x20000b54   Data           1  sbus.o(.data)
    SBUS_REC_Mark                            0x20000b55   Data           1  sbus.o(.data)
    SBUS                                     0x20000b58   Data          24  sbus.o(.data)
    speed_measure                            0x20000b78   Data          16  hallspeed.o(.data)
    SystemCoreClock                          0x20000b88   Data           4  system_stm32f4xx.o(.data)
    AHBPrescTable                            0x20000b8c   Data          16  system_stm32f4xx.o(.data)
    TG_50HZ                                  0x20000bb0   Data          32  main.o(.bss)
    TG_100HZ                                 0x20000bd0   Data          32  main.o(.bss)
    TG_200HZ                                 0x20000bf0   Data          32  main.o(.bss)
    TG_500HZ                                 0x20000c10   Data          32  main.o(.bss)
    Communicate_BUF                          0x20000c30   Data          64  communication.o(.bss)
    User_Data                                0x20000c70   Data          48  communication.o(.bss)
    Rate_Filter                              0x20000cc0   Data          68  flycontrol.o(.bss)
    Q                                        0x20000d04   Data          16  attitude.o(.bss)
    Angle                                    0x20000d14   Data          12  attitude.o(.bss)
    Rate                                     0x20000d20   Data          12  attitude.o(.bss)
    FIL_Speed                                0x20000d30   Data          16  position.o(.bss)
    FIL_Position_xyz                         0x20000d40   Data          16  position.o(.bss)
    Filter_EKF_X                             0x20000d50   Data          96  position.o(.bss)
    Filter_EKF_Y                             0x20000db0   Data          96  position.o(.bss)
    GPS_PVT_Data                             0x20000f08   Data         196  gps_parse.o(.bss)
    GPS_Location                             0x20000fd0   Data          80  gps_parse.o(.bss)
    I2C_Soft_MPU6050                         0x20001020   Data          12  mpu6050.o(.bss)
    ACC_Filter                               0x2000102c   Data          68  mpu6050.o(.bss)
    GYR_Filter                               0x20001070   Data          52  mpu6050.o(.bss)
    MPU6050_Data                             0x200010a4   Data          72  mpu6050.o(.bss)
    I2C_HMC5883                              0x20001104   Data          12  hmc5883.o(.bss)
    MAG_Filter                               0x20001110   Data          52  hmc5883.o(.bss)
    HMC5883_Data                             0x20001144   Data          56  hmc5883.o(.bss)
    PWM_Data                                 0x2000117c   Data          24  motor.o(.bss)
    I2C_Soft_MS5611                          0x20001198   Data          12  ms5611.o(.bss)
    MS5611_Data                              0x200011a8   Data          24  ms5611.o(.bss)
    PROM_C                                   0x200011c0   Data          14  ms5611.o(.bss)
    MS5611_Filter                            0x200011d0   Data          68  ms5611.o(.bss)
    MS5611_Speed_Filter                      0x20001214   Data          68  ms5611.o(.bss)
    PWM_In_Data                              0x20001258   Data          12  pwm_capture.o(.bss)
    RC_CPT_Data                              0x20001264   Data          12  pwm_capture.o(.bss)
    Filter_MidValue_CH3                      0x20001270   Data          52  pwm_capture.o(.bss)
    GPS_UART_TX_BUF                          0x200012a4   Data         255  gps_uart.o(.bss)
    GPS_UART_RX_BUF                          0x200013a3   Data         255  gps_uart.o(.bss)
    GPS_UART_QueueSend                       0x200014a4   Data          12  gps_uart.o(.bss)
    GPS_UART_RX                              0x200014b0   Data         264  gps_uart.o(.bss)
    USART1_TX_BUF                            0x200015b8   Data         255  usart.o(.bss)
    USART1_RX_BUF                            0x200016b7   Data         255  usart.o(.bss)
    USART1_QueueSend                         0x200017b8   Data          12  usart.o(.bss)
    USART1_QueueRecv                         0x200017c4   Data          12  usart.o(.bss)
    SBUS_RX_BUF1                             0x200017d0   Data          25  sbus.o(.bss)
    SBUS_RX_BUF2                             0x200017e9   Data          25  sbus.o(.bss)
    SBUS_Data                                0x20001802   Data          48  sbus.o(.bss)
    I2C_Soft_Ultra                           0x20001834   Data          12  ultra.o(.bss)
    Ultra_Filter                             0x20001840   Data          52  ultra.o(.bss)
    __libspace_start                         0x20001874   Data          96  libspace.o(.bss)
    __temporary_stack_top$libspace           0x200018d4   Data           0  libspace.o(.bss)



==============================================================================

Memory Map of the image

  Image Entry point : 0x08000189

  Load Region LR_IROM1 (Base: 0x08000000, Size: 0x0000d6e4, Max: 0x00100000, ABSOLUTE, COMPRESSED[0x0000cc84])

    Execution Region ER_IROM1 (Base: 0x08000000, Size: 0x0000cb38, Max: 0x00100000, ABSOLUTE)

    Base Addr    Size         Type   Attr      Idx    E Section Name        Object

    0x08000000   0x00000188   Data   RO         2493    RESET               startup_stm32f40_41xxx.o
    0x08000188   0x00000008   Code   RO         5582  * !!!main             c_w.l(__main.o)
    0x08000190   0x00000034   Code   RO         6109    !!!scatter          c_w.l(__scatter.o)
    0x080001c4   0x0000005a   Code   RO         6107    !!dczerorl2         c_w.l(__dczerorl2.o)
    0x0800021e   0x00000002   PAD
    0x08000220   0x0000001c   Code   RO         6111    !!handler_zi        c_w.l(__scatter_zi.o)
    0x0800023c   0x00000002   Code   RO         5902    .ARM.Collect$$libinit$$00000000  c_w.l(libinit.o)
    0x0800023e   0x00000004   Code   RO         5716    .ARM.Collect$$libinit$$00000001  c_w.l(libinit2.o)
    0x08000242   0x00000000   Code   RO         5719    .ARM.Collect$$libinit$$00000004  c_w.l(libinit2.o)
    0x08000242   0x00000000   Code   RO         5722    .ARM.Collect$$libinit$$0000000A  c_w.l(libinit2.o)
    0x08000242   0x00000000   Code   RO         5724    .ARM.Collect$$libinit$$0000000C  c_w.l(libinit2.o)
    0x08000242   0x00000000   Code   RO         5726    .ARM.Collect$$libinit$$0000000E  c_w.l(libinit2.o)
    0x08000242   0x00000000   Code   RO         5729    .ARM.Collect$$libinit$$00000011  c_w.l(libinit2.o)
    0x08000242   0x00000000   Code   RO         5731    .ARM.Collect$$libinit$$00000013  c_w.l(libinit2.o)
    0x08000242   0x00000000   Code   RO         5733    .ARM.Collect$$libinit$$00000015  c_w.l(libinit2.o)
    0x08000242   0x00000000   Code   RO         5735    .ARM.Collect$$libinit$$00000017  c_w.l(libinit2.o)
    0x08000242   0x00000000   Code   RO         5737    .ARM.Collect$$libinit$$00000019  c_w.l(libinit2.o)
    0x08000242   0x00000000   Code   RO         5739    .ARM.Collect$$libinit$$0000001B  c_w.l(libinit2.o)
    0x08000242   0x00000000   Code   RO         5741    .ARM.Collect$$libinit$$0000001D  c_w.l(libinit2.o)
    0x08000242   0x00000000   Code   RO         5743    .ARM.Collect$$libinit$$0000001F  c_w.l(libinit2.o)
    0x08000242   0x00000000   Code   RO         5745    .ARM.Collect$$libinit$$00000021  c_w.l(libinit2.o)
    0x08000242   0x00000000   Code   RO         5747    .ARM.Collect$$libinit$$00000023  c_w.l(libinit2.o)
    0x08000242   0x00000000   Code   RO         5749    .ARM.Collect$$libinit$$00000025  c_w.l(libinit2.o)
    0x08000242   0x00000000   Code   RO         5753    .ARM.Collect$$libinit$$0000002C  c_w.l(libinit2.o)
    0x08000242   0x00000000   Code   RO         5755    .ARM.Collect$$libinit$$0000002E  c_w.l(libinit2.o)
    0x08000242   0x00000000   Code   RO         5757    .ARM.Collect$$libinit$$00000030  c_w.l(libinit2.o)
    0x08000242   0x00000004   Code   RO         5758    .ARM.Collect$$libinit$$00000031  c_w.l(libinit2.o)
    0x08000246   0x00000000   Code   RO         5759    .ARM.Collect$$libinit$$00000032  c_w.l(libinit2.o)
    0x08000246   0x00000002   Code   RO         5760    .ARM.Collect$$libinit$$00000033  c_w.l(libinit2.o)
    0x08000248   0x00000002   Code   RO         6067    .ARM.Collect$$libshutdown$$00000000  c_w.l(libshutdown.o)
    0x0800024a   0x00000000   Code   RO         6076    .ARM.Collect$$libshutdown$$00000003  c_w.l(libshutdown2.o)
    0x0800024a   0x00000000   Code   RO         6079    .ARM.Collect$$libshutdown$$00000006  c_w.l(libshutdown2.o)
    0x0800024a   0x00000000   Code   RO         6082    .ARM.Collect$$libshutdown$$00000009  c_w.l(libshutdown2.o)
    0x0800024a   0x00000000   Code   RO         6084    .ARM.Collect$$libshutdown$$0000000B  c_w.l(libshutdown2.o)
    0x0800024a   0x00000000   Code   RO         6087    .ARM.Collect$$libshutdown$$0000000E  c_w.l(libshutdown2.o)
    0x0800024a   0x00000002   Code   RO         6088    .ARM.Collect$$libshutdown$$0000000F  c_w.l(libshutdown2.o)
    0x0800024c   0x00000000   Code   RO         5711    .ARM.Collect$$rtentry$$00000000  c_w.l(__rtentry.o)
    0x0800024c   0x00000000   Code   RO         5822    .ARM.Collect$$rtentry$$00000002  c_w.l(__rtentry2.o)
    0x0800024c   0x00000006   Code   RO         5834    .ARM.Collect$$rtentry$$00000004  c_w.l(__rtentry4.o)
    0x08000252   0x00000000   Code   RO         5824    .ARM.Collect$$rtentry$$00000009  c_w.l(__rtentry2.o)
    0x08000252   0x00000004   Code   RO         5825    .ARM.Collect$$rtentry$$0000000A  c_w.l(__rtentry2.o)
    0x08000256   0x00000000   Code   RO         5827    .ARM.Collect$$rtentry$$0000000C  c_w.l(__rtentry2.o)
    0x08000256   0x00000008   Code   RO         5828    .ARM.Collect$$rtentry$$0000000D  c_w.l(__rtentry2.o)
    0x0800025e   0x00000002   Code   RO         5915    .ARM.Collect$$rtexit$$00000000  c_w.l(rtexit.o)
    0x08000260   0x00000000   Code   RO         6003    .ARM.Collect$$rtexit$$00000002  c_w.l(rtexit2.o)
    0x08000260   0x00000004   Code   RO         6004    .ARM.Collect$$rtexit$$00000003  c_w.l(rtexit2.o)
    0x08000264   0x00000006   Code   RO         6005    .ARM.Collect$$rtexit$$00000004  c_w.l(rtexit2.o)
    0x0800026a   0x00000002   PAD
    0x0800026c   0x00000040   Code   RO         2494    .text               startup_stm32f40_41xxx.o
    0x080002ac   0x00000048   Code   RO         5574    .text               c_w.l(llsdiv.o)
    0x080002f4   0x00000064   Code   RO         5578    .text               c_w.l(rt_memcpy_w.o)
    0x08000358   0x00000006   Code   RO         5580    .text               c_w.l(heapauxi.o)
    0x0800035e   0x00000002   PAD
    0x08000360   0x00000024   Code   RO         5587    .text               c_w.l(init_aeabi.o)
    0x08000384   0x000000ee   Code   RO         5712    .text               c_w.l(lludivv7m.o)
    0x08000472   0x00000016   Code   RO         5714    .text               c_w.l(_rserrno.o)
    0x08000488   0x00000008   Code   RO         5843    .text               c_w.l(rt_errno_addr_intlibspace.o)
    0x08000490   0x00000008   Code   RO         5884    .text               c_w.l(libspace.o)
    0x08000498   0x0000004a   Code   RO         5887    .text               c_w.l(sys_stackheap_outer.o)
    0x080004e2   0x0000000c   Code   RO         5891    .text               c_w.l(exit.o)
    0x080004ee   0x00000002   PAD
    0x080004f0   0x0000000c   Code   RO         5995    .text               c_w.l(sys_exit.o)
    0x080004fc   0x00000002   Code   RO         5997    .text               c_w.l(use_no_semi.o)
    0x080004fe   0x00000000   Code   RO         6001    .text               c_w.l(indicate_semi.o)
    0x080004fe   0x00000016   Code   RO         4067    i.ADC_Cmd           stm32f4xx_adc.o
    0x08000514   0x00000030   Code   RO         4068    i.ADC_CommonInit    stm32f4xx_adc.o
    0x08000544   0x00000016   Code   RO         4071    i.ADC_DMACmd        stm32f4xx_adc.o
    0x0800055a   0x00000016   Code   RO         4072    i.ADC_DMARequestAfterLastTransferCmd  stm32f4xx_adc.o
    0x08000570   0x00000054   Code   RO         4087    i.ADC_Init          stm32f4xx_adc.o
    0x080005c4   0x000000b8   Code   RO         4092    i.ADC_RegularChannelConfig  stm32f4xx_adc.o
    0x0800067c   0x0000000a   Code   RO         4094    i.ADC_SoftwareStartConv  stm32f4xx_adc.o
    0x08000686   0x00000004   Code   RO         2545    i.BusFault_Handler  stm32f4xx_it.o
    0x0800068a   0x00000016   Code   RO         4347    i.DMA_Cmd           stm32f4xx_dma.o
    0x080006a0   0x00000058   Code   RO         4359    i.DMA_Init          stm32f4xx_dma.o
    0x080006f8   0x00000002   Code   RO         2546    i.DebugMon_Handler  stm32f4xx_it.o
    0x080006fa   0x00000002   PAD
    0x080006fc   0x0000000c   Code   RO         4830    i.FLASH_ClearFlag   stm32f4xx_flash.o
    0x08000708   0x00000088   Code   RO         4836    i.FLASH_EraseSector  stm32f4xx_flash.o
    0x08000790   0x00000054   Code   RO         4838    i.FLASH_GetStatus   stm32f4xx_flash.o
    0x080007e4   0x00000014   Code   RO         4842    i.FLASH_Lock        stm32f4xx_flash.o
    0x080007f8   0x00000050   Code   RO         4866    i.FLASH_ProgramWord  stm32f4xx_flash.o
    0x08000848   0x00000024   Code   RO         4868    i.FLASH_Unlock      stm32f4xx_flash.o
    0x0800086c   0x00000022   Code   RO         4869    i.FLASH_WaitForLastOperation  stm32f4xx_flash.o
    0x0800088e   0x00000090   Code   RO         2676    i.GPIO_Init         stm32f4xx_gpio.o
    0x0800091e   0x00000046   Code   RO         2677    i.GPIO_PinAFConfig  stm32f4xx_gpio.o
    0x08000964   0x00000004   Code   RO         2683    i.GPIO_ResetBits    stm32f4xx_gpio.o
    0x08000968   0x00000004   Code   RO         2684    i.GPIO_SetBits      stm32f4xx_gpio.o
    0x0800096c   0x00000004   Code   RO         2547    i.HardFault_Handler  stm32f4xx_it.o
    0x08000970   0x00000004   Code   RO         2548    i.MemManage_Handler  stm32f4xx_it.o
    0x08000974   0x00000002   Code   RO         2549    i.NMI_Handler       stm32f4xx_it.o
    0x08000976   0x00000002   PAD
    0x08000978   0x00000078   Code   RO         2622    i.NVIC_Init         misc.o
    0x080009f0   0x00000014   Code   RO         2623    i.NVIC_PriorityGroupConfig  misc.o
    0x08000a04   0x00000002   Code   RO         2550    i.PendSV_Handler    stm32f4xx_it.o
    0x08000a06   0x00000002   PAD
    0x08000a08   0x00000020   Code   RO         3670    i.RCC_AHB1PeriphClockCmd  stm32f4xx_rcc.o
    0x08000a28   0x00000020   Code   RO         3679    i.RCC_APB1PeriphClockCmd  stm32f4xx_rcc.o
    0x08000a48   0x00000020   Code   RO         3681    i.RCC_APB1PeriphResetCmd  stm32f4xx_rcc.o
    0x08000a68   0x00000020   Code   RO         3682    i.RCC_APB2PeriphClockCmd  stm32f4xx_rcc.o
    0x08000a88   0x00000020   Code   RO         3684    i.RCC_APB2PeriphResetCmd  stm32f4xx_rcc.o
    0x08000aa8   0x000000e4   Code   RO         3691    i.RCC_GetClocksFreq  stm32f4xx_rcc.o
    0x08000b8c   0x00000002   Code   RO         2551    i.SVC_Handler       stm32f4xx_it.o
    0x08000b8e   0x00000002   PAD
    0x08000b90   0x00000018   Code   RO         1751    i.SysTick_Handler   time.o
    0x08000ba8   0x00000068   Code   RO         2502    i.SystemInit        system_stm32f4xx.o
    0x08000c10   0x00000218   Code   RO         1873    i.TIM4_IRQHandler   pwm_capture.o
    0x08000e28   0x00000050   Code   RO         1652    i.TIM5_IRQHandler   ms5611.o
    0x08000e78   0x00000018   Code   RO         2791    i.TIM_ARRPreloadConfig  stm32f4xx_tim.o
    0x08000e90   0x00000006   Code   RO         2797    i.TIM_ClearFlag     stm32f4xx_tim.o
    0x08000e96   0x00000006   Code   RO         2798    i.TIM_ClearITPendingBit  stm32f4xx_tim.o
    0x08000e9c   0x00000018   Code   RO         2803    i.TIM_Cmd           stm32f4xx_tim.o
    0x08000eb4   0x00000190   Code   RO         2808    i.TIM_DeInit        stm32f4xx_tim.o
    0x08001044   0x00000042   Code   RO         2812    i.TIM_EncoderInterfaceConfig  stm32f4xx_tim.o
    0x08001086   0x00000006   Code   RO         2818    i.TIM_GetCapture1   stm32f4xx_tim.o
    0x0800108c   0x00000006   Code   RO         2819    i.TIM_GetCapture2   stm32f4xx_tim.o
    0x08001092   0x00000006   Code   RO         2820    i.TIM_GetCapture3   stm32f4xx_tim.o
    0x08001098   0x00000006   Code   RO         2821    i.TIM_GetCapture4   stm32f4xx_tim.o
    0x0800109e   0x00000006   Code   RO         2822    i.TIM_GetCounter    stm32f4xx_tim.o
    0x080010a4   0x00000022   Code   RO         2824    i.TIM_GetITStatus   stm32f4xx_tim.o
    0x080010c6   0x0000006e   Code   RO         2826    i.TIM_ICInit        stm32f4xx_tim.o
    0x08001134   0x00000012   Code   RO         2827    i.TIM_ICStructInit  stm32f4xx_tim.o
    0x08001146   0x00000012   Code   RO         2828    i.TIM_ITConfig      stm32f4xx_tim.o
    0x08001158   0x0000007c   Code   RO         2832    i.TIM_OC1Init       stm32f4xx_tim.o
    0x080011d4   0x00000012   Code   RO         2835    i.TIM_OC1PreloadConfig  stm32f4xx_tim.o
    0x080011e6   0x00000002   PAD
    0x080011e8   0x000000a4   Code   RO         2837    i.TIM_OC2Init       stm32f4xx_tim.o
    0x0800128c   0x0000001a   Code   RO         2840    i.TIM_OC2PreloadConfig  stm32f4xx_tim.o
    0x080012a6   0x00000002   PAD
    0x080012a8   0x000000a0   Code   RO         2842    i.TIM_OC3Init       stm32f4xx_tim.o
    0x08001348   0x00000012   Code   RO         2845    i.TIM_OC3PreloadConfig  stm32f4xx_tim.o
    0x0800135a   0x00000002   PAD
    0x0800135c   0x00000078   Code   RO         2847    i.TIM_OC4Init       stm32f4xx_tim.o
    0x080013d4   0x0000001a   Code   RO         2849    i.TIM_OC4PreloadConfig  stm32f4xx_tim.o
    0x080013ee   0x00000004   Code   RO         2865    i.TIM_SetCompare1   stm32f4xx_tim.o
    0x080013f2   0x00000004   Code   RO         2866    i.TIM_SetCompare2   stm32f4xx_tim.o
    0x080013f6   0x00000004   Code   RO         2867    i.TIM_SetCompare3   stm32f4xx_tim.o
    0x080013fa   0x00000004   Code   RO         2868    i.TIM_SetCompare4   stm32f4xx_tim.o
    0x080013fe   0x00000004   Code   RO         2869    i.TIM_SetCounter    stm32f4xx_tim.o
    0x08001402   0x00000012   Code   RO         2870    i.TIM_SetIC1Prescaler  stm32f4xx_tim.o
    0x08001414   0x0000001a   Code   RO         2871    i.TIM_SetIC2Prescaler  stm32f4xx_tim.o
    0x0800142e   0x00000012   Code   RO         2872    i.TIM_SetIC3Prescaler  stm32f4xx_tim.o
    0x08001440   0x0000001a   Code   RO         2873    i.TIM_SetIC4Prescaler  stm32f4xx_tim.o
    0x0800145a   0x00000002   PAD
    0x0800145c   0x00000084   Code   RO         2875    i.TIM_TimeBaseInit  stm32f4xx_tim.o
    0x080014e0   0x000000ec   Code   RO         2009    i.UART4_IRQHandler  gps_uart.o
    0x080015cc   0x00000074   Code   RO         2114    i.USART1_IRQHandler  usart.o
    0x08001640   0x000000c4   Code   RO         2352    i.USART2_IRQHandler  sbus.o
    0x08001704   0x0000001e   Code   RO         3450    i.USART_ClearITPendingBit  stm32f4xx_usart.o
    0x08001722   0x00000018   Code   RO         3453    i.USART_Cmd         stm32f4xx_usart.o
    0x0800173a   0x0000001a   Code   RO         3456    i.USART_GetFlagStatus  stm32f4xx_usart.o
    0x08001754   0x00000054   Code   RO         3457    i.USART_GetITStatus  stm32f4xx_usart.o
    0x080017a8   0x0000004a   Code   RO         3459    i.USART_ITConfig    stm32f4xx_usart.o
    0x080017f2   0x00000002   PAD
    0x080017f4   0x000000d4   Code   RO         3460    i.USART_Init        stm32f4xx_usart.o
    0x080018c8   0x0000000a   Code   RO         3467    i.USART_ReceiveData  stm32f4xx_usart.o
    0x080018d2   0x00000008   Code   RO         3470    i.USART_SendData    stm32f4xx_usart.o
    0x080018da   0x00000004   Code   RO         2552    i.UsageFault_Handler  stm32f4xx_it.o
    0x080018de   0x00000002   PAD
    0x080018e0   0x0000003c   Code   RO         1957    i._Z10ADC_Updatav   battery.o
    0x0800191c   0x00000014   Code   RO         2069    i._Z10Buzzer_Offv   buzzer.o
    0x08001930   0x00000028   Code   RO          304    i._Z10Loop_100Hzt   scheduler.o
    0x08001958   0x0000001c   Code   RO          305    i._Z10Loop_200Hzt   scheduler.o
    0x08001974   0x0000001c   Code   RO          306    i._Z10Loop_500Hzt   scheduler.o
    0x08001990   0x00000048   Code   RO         1585    i._Z10Motor_Holdv   motor.o
    0x080019d8   0x00000010   Code   RO         1586    i._Z10Motor_Initv   motor.o
    0x080019e8   0x00000060   Code   RO         1587    i._Z10Motor_Stopv   motor.o
    0x08001a48   0x00000088   Code   RO         1023    i._Z10PWM_outputv   carcontrol.o
    0x08001ad0   0x00000024   Code   RO         1426    i._Z10Read_Flasht   mpu6050.o
    0x08001af4   0x0000003a   Code   RO         2879    i._Z10TI1_ConfigP11TIM_TypeDefttt  stm32f4xx_tim.o
    0x08001b2e   0x00000050   Code   RO         2880    i._Z10TI2_ConfigP11TIM_TypeDefttt  stm32f4xx_tim.o
    0x08001b7e   0x00000048   Code   RO         2881    i._Z10TI3_ConfigP11TIM_TypeDefttt  stm32f4xx_tim.o
    0x08001bc6   0x00000050   Code   RO         2882    i._Z10TI4_ConfigP11TIM_TypeDefttt  stm32f4xx_tim.o
    0x08001c16   0x00000002   PAD
    0x08001c18   0x0000000c   Code   RO         1752    i._Z10TimeNow_MSv   time.o
    0x08001c24   0x000000a0   Code   RO         1753    i._Z10TimeNow_USv   time.o
    0x08001cc4   0x0000003c   Code   RO         2070    i._Z11Buzzer_Initv  buzzer.o
    0x08001d00   0x0000000e   Code   RO          374    i._Z11Communicatev  communication.o
    0x08001d0e   0x00000002   PAD
    0x08001d10   0x00000044   Code   RO         2010    i._Z11GPS_receivePht  gps_uart.o
    0x08001d54   0x00000040   Code   RO         1821    i._Z11LED_Reversetj  led.o
    0x08001d94   0x00000002   Code   RO          307    i._Z11Loop_1000Hzt  scheduler.o
    0x08001d96   0x00000008   Code   RO         2353    i._Z11SBUS_Updatav  sbus.o
    0x08001d9e   0x00000002   PAD
    0x08001da0   0x000000ec   Code   RO         2503    i._Z11SetSysClockv  system_stm32f4xx.o
    0x08001e8c   0x00000018   Code   RO         1754    i._Z11Time_WaitMSj  time.o
    0x08001ea4   0x0000001c   Code   RO         1755    i._Z11Time_WaitUSj  time.o
    0x08001ec0   0x00000110   Code   RO         1427    i._Z11Write_Flashv  mpu6050.o
    0x08001fd0   0x000000f4   Code   RO         2115    i._Z11usart1_initj  usart.o
    0x080020c4   0x00000054   Code   RO         2116    i._Z11usart1_sendPht  usart.o
    0x08002118   0x00000068   Code   RO         1958    i._Z12ADC_DMA_Initv  battery.o
    0x08002180   0x00000010   Code   RO         1024    i._Z12Control_stopv  carcontrol.o
    0x08002190   0x00000040   Code   RO         1537    i._Z12HMC5883_Initv  hmc5883.o
    0x080021d0   0x0000007c   Code   RO         1428    i._Z12MPU6050_Initv  mpu6050.o
    0x0800224c   0x00000038   Code   RO         1654    i._Z12MS5611_Resetv  ms5611.o
    0x08002284   0x000002fc   Code   RO         1588    i._Z12Motor_Output4BOOL  motor.o
    0x08002580   0x00000290   Code   RO          440    i._Z12POS_Acc_Loopj  flycontrol.o
    0x08002810   0x00000024   Code   RO         1874    i._Z12PWM_CPT_Inittt  pwm_capture.o
    0x08002834   0x000000fc   Code   RO         2354    i._Z12SBUS_Receivev  sbus.o
    0x08002930   0x0000001c   Code   RO         2355    i._Z12SW_POS_Judget  sbus.o
    0x0800294c   0x00000018   Code   RO          801    i._Z12State_Updatat  sysstate.o
    0x08002964   0x00000094   Code   RO          585    i._Z12Updata_Eularv  attitude.o
    0x080029f8   0x0000002c   Code   RO          586    i._Z12arm_sqrt_f32fPf  attitude.o
    0x08002a24   0x00000030   Code   RO         1959    i._Z13ADC_GOIO_Initv  battery.o
    0x08002a54   0x00000018   Code   RO          587    i._Z13Attitude_Initv  attitude.o
    0x08002a6c   0x0000014c   Code   RO          859    i._Z13Body_To_Earth6Vectorfff  math_user.o
    0x08002bb8   0x000000d8   Code   RO         2011    i._Z13GPS_UART_initj  gps_uart.o
    0x08002c90   0x00000030   Code   RO         1655    i._Z13MS561101_Initv  ms5611.o
    0x08002cc0   0x000003c4   Code   RO         1656    i._Z13MS5611_Updatav  ms5611.o
    0x08003084   0x0000009c   Code   RO         1875    i._Z13PWM_POS_Judget  pwm_capture.o
    0x08003120   0x0000001c   Code   RO          712    i._Z13Position_Initv  position.o
    0x0800313c   0x00000008   Code   RO          375    i._Z13Send_Data_TX2v  communication.o
    0x08003144   0x000001c8   Code   RO          441    i._Z14ATT_Inner_Loopj  flycontrol.o
    0x0800330c   0x00000708   Code   RO          442    i._Z14ATT_Outer_Loopj  flycontrol.o
    0x08003a14   0x000001e4   Code   RO         1538    i._Z14HMC5883_Updatav  hmc5883.o
    0x08003bf8   0x00000010   Code   RO         1429    i._Z14MPU6050_Updatav  mpu6050.o
    0x08003c08   0x00000178   Code   RO         1589    i._Z14Motor_TIM_Initv  motor.o
    0x08003d80   0x000002ec   Code   RO          443    i._Z14POS_Inner_Loopj  flycontrol.o
    0x0800406c   0x000009a0   Code   RO          444    i._Z14POS_Outer_Loopj  flycontrol.o
    0x08004a0c   0x00000048   Code   RO         1876    i._Z14PWM_CPT_Updatav  pwm_capture.o
    0x08004a54   0x00000050   Code   RO          376    i._Z14Send_Reply_TX2th  communication.o
    0x08004aa4   0x0000003c   Code   RO         2117    i._Z14usart1_receivePht  usart.o
    0x08004ae0   0x0000028c   Code   RO          713    i._Z15Altitude_Updatet6Vector  position.o
    0x08004d6c   0x000000a4   Code   RO         1590    i._Z15Motor_GPIO_Initv  motor.o
    0x08004e10   0x00000118   Code   RO          714    i._Z15Position_Updatat  position.o
    0x08004f28   0x00000344   Code   RO          377    i._Z15Send_Senser_TX2v  communication.o
    0x0800526c   0x00000124   Code   RO          802    i._Z16Controller_Statet  sysstate.o
    0x08005390   0x000001b0   Code   RO         1430    i._Z16MPU6050_Read_ACCv  mpu6050.o
    0x08005540   0x0000012c   Code   RO         1431    i._Z16MPU6050_Read_GYRv  mpu6050.o
    0x0800566c   0x00000080   Code   RO         1657    i._Z16MS5611_PROM_Readv  ms5611.o
    0x080056ec   0x000000b4   Code   RO         1877    i._Z16PWM_CPT_TIM_Initv  pwm_capture.o
    0x080057a0   0x000000e4   Code   RO         2118    i._Z16usart1_readframePhS_S_  usart.o
    0x08005884   0x00000140   Code   RO          378    i._Z17Data_Analysis_TX2v  communication.o
    0x080059c4   0x00000208   Code   RO         1432    i._Z17MPU6050_Calibratev  mpu6050.o
    0x08005bcc   0x00000078   Code   RO         1433    i._Z17MPU6050_Para_Readv  mpu6050.o
    0x08005c44   0x00000014   Code   RO         1434    i._Z17MPU6050_Para_Savev  mpu6050.o
    0x08005c58   0x0000007c   Code   RO         1658    i._Z17MS5611_Read_3Bytev  ms5611.o
    0x08005cd4   0x000000a4   Code   RO         1878    i._Z17PWM_CPT_GPIO_Initv  pwm_capture.o
    0x08005d78   0x0000003e   Code   RO         1879    i._Z17PWM_CPT_NVIC_Initv  pwm_capture.o
    0x08005db6   0x00000002   PAD
    0x08005db8   0x00000d0c   Code   RO          588    i._Z17Updata_Quaternion6VectorS_S_d  attitude.o
    0x08006ac4   0x000000d4   Code   RO         2456    i._Z17speed_measure_gett  hallspeed.o
    0x08006b98   0x00000054   Code   RO         1659    i._Z18MS5611_GetPressurev  ms5611.o
    0x08006bec   0x000000a0   Code   RO         2457    i._Z18speed_measure_initv  hallspeed.o
    0x08006c8c   0x00000034   Code   RO         1660    i._Z19MS5611_Send_Commondh  ms5611.o
    0x08006cc0   0x00000080   Code   RO          861    i._Z20XY_Coordinate_Rotatefff  math_user.o
    0x08006d40   0x00000054   Code   RO         1661    i._Z21MS5611_GetTemperaturev  ms5611.o
    0x08006d94   0x00000030   Code   RO         1822    i._Z6LED_Ont        led.o
    0x08006dc4   0x00000014   Code   RO          862    i._Z7Degreesf       math_user.o
    0x08006dd8   0x0000003a   Code   RO         2307    i._Z7DequeuePhP6Queue_  queue.o
    0x08006e12   0x00000038   Code   RO         2308    i._Z7EnqueuehP6Queue_  queue.o
    0x08006e4a   0x00000002   Code   RO         2012    i._Z7GPS_Cofv       gps_uart.o
    0x08006e4c   0x0000002c   Code   RO         2309    i._Z7InqueuehPh     queue.o
    0x08006e78   0x00000028   Code   RO         1823    i._Z7LED_Offt       led.o
    0x08006ea0   0x00000014   Code   RO          863    i._Z7Radiansf       math_user.o
    0x08006eb4   0x00000080   Code   RO         1960    i._Z8ADC_Initv      battery.o
    0x08006f34   0x00000054   Code   RO         2013    i._Z8GPS_sendPht    gps_uart.o
    0x08006f88   0x0000003c   Code   RO         1824    i._Z8LED_Initv      led.o
    0x08006fc4   0x00000044   Code   RO          803    i._Z8RC_Statet      sysstate.o
    0x08007008   0x00000034   Code   RO         2071    i._Z9Buzzer_Ont     buzzer.o
    0x0800703c   0x0000005c   Code   RO          864    i._Z9Constrainddd   math_user.o
    0x08007098   0x00000024   Code   RO          865    i._Z9Dead_Zoneff    math_user.o
    0x080070bc   0x00000124   Code   RO          308    i._Z9Loop_50Hzt     scheduler.o
    0x080071e0   0x00000054   Code   RO          804    i._Z9Pow_Statet     sysstate.o
    0x08007234   0x000000f0   Code   RO         2356    i._Z9SBUS_Initv     sbus.o
    0x08007324   0x00000064   Code   RO          866    i._Z9Safe_Asinf     math_user.o
    0x08007388   0x00000074   Code   RO         1756    i._Z9Time_Initv     time.o
    0x080073fc   0x00000114   Code   RO          715    i._Z9XY_Updatet6Vector  position.o
    0x08007510   0x0000010c   Code   RO         1215    i._ZN10Filter_2nd12LPF2ndFilterE6Vector  filter.o
    0x0800761c   0x0000005a   Code   RO         1216    i._ZN10Filter_2nd12LPF2ndFilterEf  filter.o
    0x08007676   0x00000002   PAD
    0x08007678   0x000000b4   Code   RO         1217    i._ZN10Filter_2ndC1Efffff  filter.o
    0x0800772c   0x000000ac   Code   RO         1218    i._ZN10Filter_2ndC1Ev  filter.o
    0x080077d8   0x00000012   Code   RO         1942    i._ZN12PWM_In_Data_C1Ev  pwm_capture.o
    0x080077ea   0x00000002   PAD
    0x080077ec   0x00000020   Code   RO          760    i._ZN14Filter_BalanceC1Eff  position.o
    0x0800780c   0x000000ce   Code   RO         1221    i._ZN15Filter_MidValue6BubbleEPf  filter.o
    0x080078da   0x000000aa   Code   RO         1222    i._ZN15Filter_MidValue8MidValueE6Vector  filter.o
    0x08007984   0x000008bc   Code   RO         1224    i._ZN17Filter_EKF_Double16EKFFilter_DoubleEfffffRfS0_f  filter.o
    0x08008240   0x000000bc   Code   RO          766    i._ZN17Filter_EKF_DoubleC1Effff  position.o
    0x080082fc   0x00000278   Code   RO         1299    i._ZN3PID11Cal_PID_POSEi  pid.o
    0x08008574   0x000002a0   Code   RO         1300    i._ZN3PID18Cal_PID_POS_BT_LPFEi  pid.o
    0x08008814   0x00000014   Code   RO         1301    i._ZN3PID5Rst_IEv   pid.o
    0x08008828   0x00000084   Code   RO         1302    i._ZN3PIDC1Effff    pid.o
    0x080088ac   0x00000084   Code   RO         1303    i._ZN3PIDC1Effff10Filter_2nd  pid.o
    0x08008930   0x0000000e   Code   RO          772    i._ZN6VectorC1Efff  position.o
    0x0800893e   0x00000002   PAD
    0x08008940   0x00000020   Code   RO          495    i._ZN6VectorC1Ev    flycontrol.o
    0x08008960   0x00000048   Code   RO         1107    i._ZN7Target_3RunEv  target.o
    0x080089a8   0x0000001a   Code   RO           39    i._ZN7Target_C1EPFvtEi  main.o
    0x080089c2   0x0000006a   Code   RO         1131    i._ZN9I2C_Soft_11Single_ReadEhh  i2c_soft.o
    0x08008a2c   0x00000056   Code   RO         1132    i._ZN9I2C_Soft_12Single_WriteEhhh  i2c_soft.o
    0x08008a82   0x00000036   Code   RO         1133    i._ZN9I2C_Soft_3AckEv  i2c_soft.o
    0x08008ab8   0x0000004a   Code   RO         1134    i._ZN9I2C_Soft_4InitEv  i2c_soft.o
    0x08008b02   0x00000036   Code   RO         1135    i._ZN9I2C_Soft_4StopEv  i2c_soft.o
    0x08008b38   0x00000010   Code   RO         1136    i._ZN9I2C_Soft_5DelayEv  i2c_soft.o
    0x08008b48   0x00000036   Code   RO         1137    i._ZN9I2C_Soft_5NoAckEv  i2c_soft.o
    0x08008b7e   0x00000056   Code   RO         1138    i._ZN9I2C_Soft_5StartEv  i2c_soft.o
    0x08008bd4   0x00000052   Code   RO         1139    i._ZN9I2C_Soft_7WaitAckEv  i2c_soft.o
    0x08008c26   0x0000004e   Code   RO         1140    i._ZN9I2C_Soft_8ReadByteEv  i2c_soft.o
    0x08008c74   0x00000052   Code   RO         1141    i._ZN9I2C_Soft_8SendByteEh  i2c_soft.o
    0x08008cc6   0x00000002   PAD
    0x08008cc8   0x00000090   Code   RO         1509    i._ZN9I2C_Soft_C1Ecttt  mpu6050.o
    0x08008d58   0x00000030   Code   RO         5867    i.__ARM_fpclassify  m_wm.l(fpclassify.o)
    0x08008d88   0x00000026   Code   RO         5776    i.__ARM_fpclassifyf  m_wm.l(fpclassifyf.o)
    0x08008dae   0x00000024   Code   RO         5596    i.__aeabi_vec_ctor_nocookie_nodtor  cpprt_w.l(aeabi_vec_ctor_nocookie_nodtor.o)
    0x08008dd2   0x00000010   Code   RO         5590    i.__cxa_guard_acquire  cpprt_w.l(cxa_guard_acquire.o)
    0x08008de2   0x00000002   PAD
    0x08008de4   0x0000012c   Code   RO         5651    i.__hardfp_asinf    m_wm.l(asinf.o)
    0x08008f10   0x00000250   Code   RO         5663    i.__hardfp_atan2f   m_wm.l(atan2f.o)
    0x08009160   0x00000014   Code   RO         5687    i.__hardfp_fabs     m_wm.l(fabs.o)
    0x08009174   0x00000004   PAD
    0x08009178   0x00000c38   Code   RO         5792    i.__hardfp_pow      m_wm.l(pow.o)
    0x08009db0   0x0000060c   Code   RO         5693    i.__hardfp_powf     m_wm.l(powf.o)
    0x0800a3bc   0x00000004   Code   RO         5707    i.__hardfp_powl     m_wm.l(powl.o)
    0x0800a3c0   0x000000f8   Code   RO         5869    i.__kernel_poly     m_wm.l(poly.o)
    0x0800a4b8   0x00000030   Code   RO         5853    i.__mathlib_dbl_divzero  m_wm.l(dunder.o)
    0x0800a4e8   0x00000014   Code   RO         5855    i.__mathlib_dbl_infnan2  m_wm.l(dunder.o)
    0x0800a4fc   0x00000004   PAD
    0x0800a500   0x00000020   Code   RO         5856    i.__mathlib_dbl_invalid  m_wm.l(dunder.o)
    0x0800a520   0x00000020   Code   RO         5857    i.__mathlib_dbl_overflow  m_wm.l(dunder.o)
    0x0800a540   0x00000020   Code   RO         5859    i.__mathlib_dbl_underflow  m_wm.l(dunder.o)
    0x0800a560   0x00000014   Code   RO         5778    i.__mathlib_flt_divzero  m_wm.l(funder.o)
    0x0800a574   0x00000006   Code   RO         5779    i.__mathlib_flt_infnan  m_wm.l(funder.o)
    0x0800a57a   0x00000006   Code   RO         5780    i.__mathlib_flt_infnan2  m_wm.l(funder.o)
    0x0800a580   0x00000010   Code   RO         5781    i.__mathlib_flt_invalid  m_wm.l(funder.o)
    0x0800a590   0x00000010   Code   RO         5782    i.__mathlib_flt_overflow  m_wm.l(funder.o)
    0x0800a5a0   0x00000010   Code   RO         5784    i.__mathlib_flt_underflow  m_wm.l(funder.o)
    0x0800a5b0   0x0000003c   Code   RO          589    i.__sti___10_Attitude_c_Q  attitude.o
    0x0800a5ec   0x000000b4   Code   RO          716    i.__sti___10_Position_c_0be53425  position.o
    0x0800a6a0   0x00000328   Code   RO          445    i.__sti___12_FlyControl_c_6e3fbe5e  flycontrol.o
    0x0800a9c8   0x0000004c   Code   RO         1357    i.__sti___13_GPS_Parse_cpp_aca24829  gps_parse.o
    0x0800aa14   0x00000038   Code   RO         1880    i.__sti___13_PWM_Capture_c_9e817118  pwm_capture.o
    0x0800aa4c   0x00000050   Code   RO            5    i.__sti___6_main_c_TG_50HZ  main.o
    0x0800aa9c   0x0000003c   Code   RO         2415    i.__sti___7_Ultra_c_220f73de  ultra.o
    0x0800aad8   0x00000064   Code   RO         1662    i.__sti___8_MS5611_c_c0e1f7a6  ms5611.o
    0x0800ab3c   0x000000a4   Code   RO         1539    i.__sti___9_HMC5883_c_5f2e7b48  hmc5883.o
    0x0800abe0   0x000000a4   Code   RO         1435    i.__sti___9_MPU6050_c_b1a692db  mpu6050.o
    0x0800ac84   0x00000090   Code   RO         5182    i.arm_cos_f32       arm_cos_f32.o
    0x0800ad14   0x0000008c   Code   RO         5153    i.arm_sin_f32       arm_sin_f32.o
    0x0800ada0   0x00000018   Code   RO         5689    i.fabs              m_wm.l(fabs.o)
    0x0800adb8   0x000000a4   Code   RO            6    i.main              main.o
    0x0800ae5c   0x0000006e   Code   RO         5874    i.sqrt              m_wm.l(sqrt.o)
    0x0800aeca   0x0000003e   Code   RO         5811    i.sqrtf             m_wm.l(sqrtf.o)
    0x0800af08   0x00000018   Code   RO         5599    x$fpl$basic         fz_wm.l(basic.o)
    0x0800af20   0x00000062   Code   RO         5601    x$fpl$d2f           fz_wm.l(d2f.o)
    0x0800af82   0x00000002   PAD
    0x0800af84   0x00000150   Code   RO         5603    x$fpl$dadd          fz_wm.l(daddsub_clz.o)
    0x0800b0d4   0x00000010   Code   RO         5909    x$fpl$dcheck1       fz_wm.l(dcheck1.o)
    0x0800b0e4   0x00000018   Code   RO         5763    x$fpl$dcmpinf       fz_wm.l(dcmpi.o)
    0x0800b0fc   0x000002b0   Code   RO         5610    x$fpl$ddiv          fz_wm.l(ddiv.o)
    0x0800b3ac   0x00000078   Code   RO         5613    x$fpl$deqf          fz_wm.l(deqf.o)
    0x0800b424   0x0000005e   Code   RO         5615    x$fpl$dfix          fz_wm.l(dfix.o)
    0x0800b482   0x00000002   PAD
    0x0800b484   0x0000005a   Code   RO         5623    x$fpl$dfixu         fz_wm.l(dfixu.o)
    0x0800b4de   0x0000002e   Code   RO         5628    x$fpl$dflt          fz_wm.l(dflt_clz.o)
    0x0800b50c   0x000000a2   Code   RO         5633    x$fpl$dfltll        fz_wm.l(dfltll_clz.o)
    0x0800b5ae   0x00000026   Code   RO         5627    x$fpl$dfltu         fz_wm.l(dflt_clz.o)
    0x0800b5d4   0x0000008a   Code   RO         5634    x$fpl$dfltull       fz_wm.l(dfltll_clz.o)
    0x0800b65e   0x00000002   PAD
    0x0800b660   0x00000078   Code   RO         5637    x$fpl$dleqf         fz_wm.l(dleqf.o)
    0x0800b6d8   0x00000154   Code   RO         5639    x$fpl$dmul          fz_wm.l(dmul.o)
    0x0800b82c   0x0000009c   Code   RO         5765    x$fpl$dnaninf       fz_wm.l(dnaninf.o)
    0x0800b8c8   0x0000000c   Code   RO         5767    x$fpl$dretinf       fz_wm.l(dretinf.o)
    0x0800b8d4   0x0000006c   Code   RO         5641    x$fpl$drleqf        fz_wm.l(drleqf.o)
    0x0800b940   0x00000016   Code   RO         5604    x$fpl$drsb          fz_wm.l(daddsub_clz.o)
    0x0800b956   0x00000002   PAD
    0x0800b958   0x00000198   Code   RO         5911    x$fpl$dsqrt         fz_wm.l(dsqrt_umaal.o)
    0x0800baf0   0x000001d4   Code   RO         5605    x$fpl$dsub          fz_wm.l(daddsub_clz.o)
    0x0800bcc4   0x00000056   Code   RO         5643    x$fpl$f2d           fz_wm.l(f2d.o)
    0x0800bd1a   0x00000060   Code   RO         5649    x$fpl$ffltll        fz_wm.l(ffltll_clz.o)
    0x0800bd7a   0x0000008c   Code   RO         5769    x$fpl$fnaninf       fz_wm.l(fnaninf.o)
    0x0800be06   0x0000000a   Code   RO         5849    x$fpl$fpinit        fz_wm.l(fpinit.o)
    0x0800be10   0x0000000a   Code   RO         5771    x$fpl$fretinf       fz_wm.l(fretinf.o)
    0x0800be1a   0x00000002   PAD
    0x0800be1c   0x000000c2   Code   RO         5619    x$fpl$llsfromd      fz_wm.l(dfixll.o)
    0x0800bede   0x00000002   PAD
    0x0800bee0   0x00000086   Code   RO         5645    x$fpl$llsfromf      fz_wm.l(ffixll.o)
    0x0800bf66   0x00000064   Code   RO         5993    x$fpl$retnan        fz_wm.l(retnan.o)
    0x0800bfca   0x0000005c   Code   RO         5851    x$fpl$scalbn        fz_wm.l(scalbn.o)
    0x0800c026   0x00000030   Code   RO         6048    x$fpl$trapveneer    fz_wm.l(trapv.o)
    0x0800c056   0x00000000   Code   RO         5775    x$fpl$usenofp       fz_wm.l(usenofp.o)
    0x0800c056   0x000000c0   Data   RO         2363    .constdata          sbus.o
    0x0800c116   0x00000002   PAD
    0x0800c118   0x00000804   Data   RO         5128    .constdata          arm_common_tables.o
    0x0800c91c   0x00000140   Data   RO         5696    .constdata          m_wm.l(powf.o)
    0x0800ca5c   0x00000004   PAD
    0x0800ca60   0x00000088   Data   RO         5795    .constdata          m_wm.l(pow.o)
    0x0800cae8   0x00000008   Data   RO         5871    .constdata          m_wm.l(qnan.o)
    0x0800caf0   0x00000020   Data   RO         6105    Region$$Table       anon$$obj.o
    0x0800cb10   0x00000004   Data   RO           12    .init_array         main.o
    0x0800cb14   0x00000004   Data   RO          454    .init_array         flycontrol.o
    0x0800cb18   0x00000004   Data   RO          597    .init_array         attitude.o
    0x0800cb1c   0x00000004   Data   RO          724    .init_array         position.o
    0x0800cb20   0x00000004   Data   RO         1365    .init_array         gps_parse.o
    0x0800cb24   0x00000004   Data   RO         1448    .init_array         mpu6050.o
    0x0800cb28   0x00000004   Data   RO         1545    .init_array         hmc5883.o
    0x0800cb2c   0x00000004   Data   RO         1676    .init_array         ms5611.o
    0x0800cb30   0x00000004   Data   RO         1891    .init_array         pwm_capture.o
    0x0800cb34   0x00000004   Data   RO         2421    .init_array         ultra.o
    0x0800cb38   0x00000000   Data   RO         5585    .init_array         c_w.l(init_aeabi.o)


    Execution Region RW_IRAM1 (Base: 0x20000000, Size: 0x00001ed8, Max: 0x00020000, ABSOLUTE, COMPRESSED[0x0000014c])

    Base Addr    Size         Type   Attr      Idx    E Section Name        Object

    0x20000000   0x00000014   Data   RW          314    .data               scheduler.o
    0x20000014   0x00000004   PAD
    0x20000018   0x00000018   Data   RW          386    .data               communication.o
    0x20000030   0x00000920   Data   RW          453    .data               flycontrol.o
    0x20000950   0x00000038   Data   RW          596    .data               attitude.o
    0x20000988   0x00000046   Data   RW          723    .data               position.o
    0x200009ce   0x00000002   PAD
    0x200009d0   0x0000000d   Data   RW          810    .data               sysstate.o
    0x200009dd   0x00000003   PAD
    0x200009e0   0x00000010   Data   RW          875    .data               math_user.o
    0x200009f0   0x00000020   Data   RW         1027    .data               carcontrol.o
    0x20000a10   0x0000001c   Data   RW         1447    .data               mpu6050.o
    0x20000a2c   0x00000014   Data   RW         1544    .data               hmc5883.o
    0x20000a40   0x00000014   Data   RW         1598    .data               motor.o
    0x20000a54   0x00000004   PAD
    0x20000a58   0x00000038   Data   RW         1675    .data               ms5611.o
    0x20000a90   0x0000002c   Data   RW         1763    .data               time.o
    0x20000abc   0x0000001c   Data   RW         1829    .data               led.o
    0x20000ad8   0x00000024   Data   RW         1890    .data               pwm_capture.o
    0x20000afc   0x00000018   Data   RW         1965    .data               battery.o
    0x20000b14   0x00000014   Data   RW         2020    .data               gps_uart.o
    0x20000b28   0x00000010   Data   RW         2075    .data               buzzer.o
    0x20000b38   0x00000010   Data   RW         2125    .data               usart.o
    0x20000b48   0x0000000c   Data   RW         2313    .data               queue.o
    0x20000b54   0x00000021   Data   RW         2364    .data               sbus.o
    0x20000b75   0x00000003   PAD
    0x20000b78   0x00000010   Data   RW         2460    .data               hallspeed.o
    0x20000b88   0x00000014   Data   RW         2507    .data               system_stm32f4xx.o
    0x20000b9c   0x00000010   Data   RW         3776    .data               stm32f4xx_rcc.o
    0x20000bac   0x00000004   PAD
    0x20000bb0   0x00000080   Zero   RW           10    .bss                main.o
    0x20000c30   0x00000090   Zero   RW          385    .bss                communication.o
    0x20000cc0   0x00000044   Zero   RW          452    .bss                flycontrol.o
    0x20000d04   0x00000028   Zero   RW          595    .bss                attitude.o
    0x20000d2c   0x00000004   PAD
    0x20000d30   0x000001d4   Zero   RW          722    .bss                position.o
    0x20000f04   0x00000004   PAD
    0x20000f08   0x00000118   Zero   RW         1363    .bss                gps_parse.o
    0x20001020   0x000000e4   Zero   RW         1446    .bss                mpu6050.o
    0x20001104   0x00000078   Zero   RW         1543    .bss                hmc5883.o
    0x2000117c   0x00000018   Zero   RW         1597    .bss                motor.o
    0x20001194   0x00000004   PAD
    0x20001198   0x000000c0   Zero   RW         1674    .bss                ms5611.o
    0x20001258   0x0000004c   Zero   RW         1889    .bss                pwm_capture.o
    0x200012a4   0x00000314   Zero   RW         2019    .bss                gps_uart.o
    0x200015b8   0x00000218   Zero   RW         2124    .bss                usart.o
    0x200017d0   0x00000062   Zero   RW         2362    .bss                sbus.o
    0x20001832   0x00000002   PAD
    0x20001834   0x00000040   Zero   RW         2419    .bss                ultra.o
    0x20001874   0x00000060   Zero   RW         5885    .bss                c_w.l(libspace.o)
    0x200018d4   0x00000004   PAD
    0x200018d8   0x00000200   Zero   RW         2492    HEAP                startup_stm32f40_41xxx.o
    0x20001ad8   0x00000400   Zero   RW         2491    STACK               startup_stm32f40_41xxx.o


==============================================================================

Image component sizes


      Code (inc. data)   RO Data    RW Data    ZI Data      Debug   Object Name

         0          0       2052          0          0        639   arm_common_tables.o
       144         12          0          0          0        750   arm_cos_f32.o
       140         12          0          0          0        750   arm_sin_f32.o
      3616        156          4         56         40      21323   attitude.o
       340         42          0         24          0       3384   battery.o
       132         22          0         16          0       2260   buzzer.o
       152         34          0         32          0       2034   carcontrol.o
      1258         56          0         24        144       5569   communication.o
      3322         34          0          0          0       5352   filter.o
      6964        696          4       2336         68      11823   flycontrol.o
        76         16          4          0        280       1688   gps_parse.o
       606         72          0         20        788       4728   gps_uart.o
       372         38          0         16          0       2221   hallspeed.o
       712         72          4         20        120       4418   hmc5883.o
       772          0          0          0          0       6680   i2c_soft.o
       212         36          0         28          0       2944   led.o
       270         78          4          0        128     334576   main.o
       728         46          0         16          0      21005   math_user.o
       140         24          0          0          0       1583   misc.o
      1488         76          0         20         24       4446   motor.o
      2148        180          4         28        228      10367   mpu6050.o
      1720        176          4         56        192       8000   ms5611.o
      1588         60          0          0          0       3608   pid.o
      1650        202          4         70        468       7936   position.o
      1280        122          4         36         76       6843   pwm_capture.o
       158          0          0         12          0       3098   queue.o
       724         90        192         33         98       5869   sbus.o
       390         82          0         20          0       4205   scheduler.o
        64         26        392          0       1536        852   startup_stm32f40_41xxx.o
       392         24          0          0          0       5563   stm32f4xx_adc.o
       110          6          0          0          0       2405   stm32f4xx_dma.o
       402         40          0          0          0       4533   stm32f4xx_flash.o
       222          0          0          0          0       2931   stm32f4xx_gpio.o
        24          0          0          0          0       3736   stm32f4xx_it.o
       388         44          0         16          0       5933   stm32f4xx_rcc.o
      1922        120          0          0          0      23813   stm32f4xx_tim.o
       468          8          0          0          0       6163   stm32f4xx_usart.o
       468         74          0         13          0       3051   sysstate.o
       340         32          0         20          0       1841   system_stm32f4xx.o
        72          4          0          0          0        572   target.o
       364         34          0         44          0      30669   time.o
        60         14          4          0         64        912   ultra.o
       732         78          0         16        536       4879   usart.o

    ----------------------------------------------------------------------
     37166       2938       2710       2988       4808     585952   Object Totals
         0          0         32          0          0          0   (incl. Generated)
        36          0          2         16         18          0   (incl. Padding)

    ----------------------------------------------------------------------

      Code (inc. data)   RO Data    RW Data    ZI Data      Debug   Library Member Name

        90          0          0          0          0          0   __dczerorl2.o
         8          0          0          0          0         68   __main.o
         0          0          0          0          0          0   __rtentry.o
        12          0          0          0          0          0   __rtentry2.o
         6          0          0          0          0          0   __rtentry4.o
        52          8          0          0          0          0   __scatter.o
        28          0          0          0          0          0   __scatter_zi.o
        22          0          0          0          0        100   _rserrno.o
        12          0          0          0          0         72   exit.o
         6          0          0          0          0        152   heapauxi.o
         0          0          0          0          0          0   indicate_semi.o
        36         10          0          0          0         80   init_aeabi.o
         2          0          0          0          0          0   libinit.o
        10          0          0          0          0          0   libinit2.o
         2          0          0          0          0          0   libshutdown.o
         2          0          0          0          0          0   libshutdown2.o
         8          4          0          0         96         68   libspace.o
        72          0          0          0          0         76   llsdiv.o
       238          0          0          0          0        100   lludivv7m.o
         8          4          0          0          0         68   rt_errno_addr_intlibspace.o
       100          0          0          0          0         80   rt_memcpy_w.o
         2          0          0          0          0          0   rtexit.o
        10          0          0          0          0          0   rtexit2.o
        12          4          0          0          0         68   sys_exit.o
        74          0          0          0          0         80   sys_stackheap_outer.o
         2          0          0          0          0         68   use_no_semi.o
        36          0          0          0          0         84   aeabi_vec_ctor_nocookie_nodtor.o
        16          0          0          0          0         68   cxa_guard_acquire.o
        24          0          0          0          0        164   basic.o
        98          4          0          0          0        140   d2f.o
       826         16          0          0          0        492   daddsub_clz.o
        16          4          0          0          0        116   dcheck1.o
        24          0          0          0          0        116   dcmpi.o
       688        140          0          0          0        256   ddiv.o
       120          4          0          0          0        140   deqf.o
        94          4          0          0          0        140   dfix.o
       194          4          0          0          0        164   dfixll.o
        90          4          0          0          0        140   dfixu.o
        84          0          0          0          0        232   dflt_clz.o
       300          0          0          0          0        264   dfltll_clz.o
       120          4          0          0          0        140   dleqf.o
       340         12          0          0          0        152   dmul.o
       156          4          0          0          0        140   dnaninf.o
        12          0          0          0          0        116   dretinf.o
       108          0          0          0          0        128   drleqf.o
       408         56          0          0          0        168   dsqrt_umaal.o
        86          4          0          0          0        132   f2d.o
       134          4          0          0          0        132   ffixll.o
        96          0          0          0          0        132   ffltll_clz.o
       140          4          0          0          0        132   fnaninf.o
        10          0          0          0          0        116   fpinit.o
        10          0          0          0          0        116   fretinf.o
       100          0          0          0          0        116   retnan.o
        92          0          0          0          0        116   scalbn.o
        48          0          0          0          0        116   trapv.o
         0          0          0          0          0          0   usenofp.o
       300         42          0          0          0        176   asinf.o
       592         90          0          0          0        184   atan2f.o
       164         44          0          0          0        620   dunder.o
        44          0          0          0          0        248   fabs.o
        48          0          0          0          0        124   fpclassify.o
        38          0          0          0          0        116   fpclassifyf.o
        80         24          0          0          0        696   funder.o
       248          0          0          0          0        152   poly.o
      3128        302        136          0          0        356   pow.o
      1548        110        320          0          0        268   powf.o
         4          0          0          0          0        116   powl.o
         0          0          8          0          0          0   qnan.o
       110          0          0          0          0        148   sqrt.o
        62          0          0          0          0        136   sqrtf.o

    ----------------------------------------------------------------------
     11680        910        468          0        100       8888   Library Totals
        30          0          4          0          4          0   (incl. Padding)

    ----------------------------------------------------------------------

      Code (inc. data)   RO Data    RW Data    ZI Data      Debug   Library Name

       814         30          0          0         96       1080   c_w.l
        52          0          0          0          0        152   cpprt_w.l
      4418        268          0          0          0       4316   fz_wm.l
      6366        612        464          0          0       3340   m_wm.l

    ----------------------------------------------------------------------
     11680        910        468          0        100       8888   Library Totals

    ----------------------------------------------------------------------

==============================================================================


      Code (inc. data)   RO Data    RW Data    ZI Data      Debug   

     48846       3848       3178       2988       4908     567268   Grand Totals
     48846       3848       3178        332       4908     567268   ELF Image Totals (compressed)
     48846       3848       3178        332          0          0   ROM Totals

==============================================================================

    Total RO  Size (Code + RO Data)                52024 (  50.80kB)
    Total RW  Size (RW Data + ZI Data)              7896 (   7.71kB)
    Total ROM Size (Code + RO Data + RW Data)      52356 (  51.13kB)

==============================================================================

