<html>
<body>
<pre>
<h1>µVision Build Log</h1>
<h2>Tool Versions:</h2>
IDE-Version: ¦ÌVision V5.14.0.0
Copyright (C) 2015 ARM Ltd and ARM Germany GmbH. All rights reserved.
License Information: wf wf, wf, LIC=P6F63-AWHQB-AWS2F-6FK4T-Y3STS-IKMYZ
 
Tool Versions:
Toolchain:       MDK-ARM Professional  Version: 5.14.0.0
Toolchain Path:  C:\Keil_v5\ARM\ARMCC\Bin
C Compiler:      Armcc.exe V5.05 update 1 (build 106)
Assembler:       Armasm.exe V5.05 update 1 (build 106)
Linker/Locator:  ArmLink.exe V5.05 update 1 (build 106)
Library Manager: ArmAr.exe V5.05 update 1 (build 106)
Hex Converter:   FromElf.exe V5.05 update 1 (build 106)
CPU DLL:         SARMCM3.DLL V5.14.0.0
Dialog DLL:      DCM.DLL V1.13.1.0
Target DLL:      STLink\ST-LINKIII-KEIL_SWO.dll V2.0.14.0_KEIL
Dialog DLL:      TCM.DLL V1.14.4.0
 
<h2>Project:</h2>
C:\Users\14755\Desktop\auto_Car\auto-car\stm32\Project\Pro.uvprojx
Project File Date:  12/21/2018

<h2>Output:</h2>
Build target 'Target 1'
compiling SysState.c...
..\User\Code_C\src\SysState.c(34): warning:  #177-D: variable "IsAnyError" was declared but never referenced
        BOOL IsAnyError = False;
..\User\Code_C\src\SysState.c(74): warning:  #550-D: variable "LockCnt" was set but never used
        static u16 LockCnt = 0;
..\User\Code_C\src\SysState.c(76): warning:  #177-D: variable "ModeCnt" was declared but never referenced
        static u16 ModeCnt = 0;
..\User\Code_C\src\SysState.c: 3 warnings, 0 errors
linking...
Program Size: Code=48846 RO-data=3178 RW-data=2988 ZI-data=4908  
FromELF: creating hex file...
".\Browse\Pro.axf" - 0 Error(s), 3 Warning(s).

<h2>Collection of Component include folders:</h2>
  C:\Users\14755\Desktop\auto_Car\auto-car\stm32\Project\RTE
  C:\Keil_v5\ARM\PACK\Keil\STM32F4xx_DFP\2.11.0

<h2>Collection of Component Files used:</h2>
</pre>
</body>
</html>
