 car10_23_sfun

 Timestamp is 5bd014af (Wed Oct 24 14:43:59 2018)

 Preferred load address is 0000000180000000

 Start         Length     Name                   Class
 0001:00000000 0000db82H .text$mn                CODE
 0001:0000db90 0000007bH .text$x                 CODE
 0002:00000000 00000460H .idata$5                DATA
 0002:00000460 00000008H .CRT$XCA                DATA
 0002:00000468 00000008H .CRT$XCZ                DATA
 0002:00000470 00000008H .CRT$XIA                DATA
 0002:00000478 00000008H .CRT$XIAA               DATA
 0002:00000480 00000008H .CRT$XIC                DATA
 0002:00000488 00000008H .CRT$XIZ                DATA
 0002:00000490 000006f0H .rdata                  DATA
 0002:00000b80 00000008H .rtc$IAA                DATA
 0002:00000b88 00000008H .rtc$IZZ                DATA
 0002:00000b90 00000008H .rtc$TAA                DATA
 0002:00000b98 00000008H .rtc$TZZ                DATA
 0002:00000ba0 00000754H .xdata                  DATA
 0002:00001300 00000053H .edata                  DATA
 0002:00001354 00000078H .idata$2                DATA
 0002:000013cc 00000014H .idata$3                DATA
 0002:000013e0 00000460H .idata$4                DATA
 0002:00001840 00000c6cH .idata$6                DATA
 0003:00000000 00001aa8H .data                   DATA
 0003:00001ab0 000006b8H .bss                    DATA
 0004:00000000 000008dcH .pdata                  DATA

  Address         Publics by Value              Rva+Base               Lib:Object

 0000:00000000       ___safe_se_handler_count   0000000000000000     <absolute>
 0000:00000000       __guard_fids_table         0000000000000000     <absolute>
 0000:00000000       __guard_flags              0000000000000000     <absolute>
 0000:00000000       __guard_fids_count         0000000000000000     <absolute>
 0000:00000000       ___safe_se_handler_table   0000000000000000     <absolute>
 0000:00000000       __ImageBase                0000000180000000     <linker-defined>
 0001:00000000       car10_23_initializer       0000000180001000 f   car10_23_sfun.obj
 0001:00000010       car10_23_terminator        0000000180001010 f   car10_23_sfun.obj
 0001:00000020       load_car10_23_optimization_info 0000000180001020 f   car10_23_sfun.obj
 0001:000000d0       unload_car10_23_optimization_info 00000001800010d0 f   car10_23_sfun.obj
 0001:00000100       sf_car10_23_method_dispatcher 0000000180001100 f   car10_23_sfun.obj
 0001:00000150       sf_car10_23_process_check_sum_call 0000000180001150 f   car10_23_sfun.obj
 0001:00000700       sf_car10_23_autoinheritance_info 0000000180001700 f   car10_23_sfun.obj
 0001:000008e0       sf_car10_23_get_eml_resolved_functions_info 00000001800018e0 f   car10_23_sfun.obj
 0001:00000a60       sf_car10_23_third_party_uses_info 0000000180001a60 f   car10_23_sfun.obj
 0001:00000c30       sf_car10_23_jit_fallback_info 0000000180001c30 f   car10_23_sfun.obj
 0001:00000e00       sf_car10_23_updateBuildInfo_args_info 0000000180001e00 f   car10_23_sfun.obj
 0001:00000fd0       car10_23_debug_initialize  0000000180001fd0 f   car10_23_sfun.obj
 0001:00001050       car10_23_register_exported_symbols 0000000180002050 f   car10_23_sfun.obj
 0001:00001060       sf_c1_car10_23_get_eml_resolved_functions_info 0000000180002060 f   c1_car10_23.obj
 0001:000010e0       sf_c1_car10_23_get_check_sum 00000001800020e0 f   c1_car10_23.obj
 0001:000011b0       c1_car10_23_method_dispatcher 00000001800021b0 f   c1_car10_23.obj
 0001:00004000       sf_c1_car10_23_get_post_codegen_info 0000000180005000 f   c1_car10_23.obj
 0001:000040d0       sf_c1_car10_23_get_autoinheritance_info 00000001800050d0 f   c1_car10_23.obj
 0001:000047e0       sf_c1_car10_23_third_party_uses_info 00000001800057e0 f   c1_car10_23.obj
 0001:00004810       sf_c1_car10_23_jit_fallback_info 0000000180005810 f   c1_car10_23.obj
 0001:000049a0       sf_c1_car10_23_updateBuildInfo_args_info 00000001800059a0 f   c1_car10_23.obj
 0001:000055e0       mexFunction                00000001800065e0 f   car10_23_sfun_registry.obj
 0001:000069b0       _ssSetInputPortDirectFeedThroughFcn 00000001800079b0 f   car10_23_sfun_registry.obj
 0001:00006b60       _ssGetInputPortSignalPtrsFcn 0000000180007b60 f   car10_23_sfun_registry.obj
 0001:00006e30       _ssGetInputPortSignalFcn   0000000180007e30 f   car10_23_sfun_registry.obj
 0001:00007100       _ssSetInputPortReusableFcn 0000000180008100 f   car10_23_sfun_registry.obj
 0001:000071e0       _ssSetOutputPortReusableFcn 00000001800081e0 f   car10_23_sfun_registry.obj
 0001:000072c0       _ssSetSymbolicDimsSupport  00000001800082c0 f   car10_23_sfun_registry.obj
 0001:00007330       _ssRegisterSymbolicDimsExpr 0000000180008330 f   car10_23_sfun_registry.obj
 0001:000073b0       _ssRegisterSymbolicDims    00000001800083b0 f   car10_23_sfun_registry.obj
 0001:00007450       _ssRegisterSymbolicDimsString 0000000180008450 f   car10_23_sfun_registry.obj
 0001:000074d0       _ssRegisterSymbolicDimsIntValue 00000001800084d0 f   car10_23_sfun_registry.obj
 0001:00007540       _ssRegisterSymbolicDimsPlus 0000000180008540 f   car10_23_sfun_registry.obj
 0001:000075c0       _ssRegisterSymbolicDimsMinus 00000001800085c0 f   car10_23_sfun_registry.obj
 0001:00007640       _ssRegisterSymbolicDimsMultiply 0000000180008640 f   car10_23_sfun_registry.obj
 0001:000076c0       _ssRegisterSymbolicDimsDivide 00000001800086c0 f   car10_23_sfun_registry.obj
 0001:00007740       _ssGetNumSymbolicDims      0000000180008740 f   car10_23_sfun_registry.obj
 0001:000077b0       _ssGetSymbolicDim          00000001800087b0 f   car10_23_sfun_registry.obj
 0001:00007830       _ssSetInputPortSymbolicDimsId 0000000180008830 f   car10_23_sfun_registry.obj
 0001:000078a0       _ssGetCompInputPortSymbolicDimsId 00000001800088a0 f   car10_23_sfun_registry.obj
 0001:00007910       _ssSetCompInputPortSymbolicDimsId 0000000180008910 f   car10_23_sfun_registry.obj
 0001:00007980       _ssSetOutputPortSymbolicDimsId 0000000180008980 f   car10_23_sfun_registry.obj
 0001:000079f0       _ssGetCompOutputPortSymbolicDimsId 00000001800089f0 f   car10_23_sfun_registry.obj
 0001:00007a60       _ssSetCompOutputPortSymbolicDimsId 0000000180008a60 f   car10_23_sfun_registry.obj
 0001:00007ad0       _ssSetCompDWorkSymbolicDimsId 0000000180008ad0 f   car10_23_sfun_registry.obj
 0001:00007b40       ssGetIsZeroCrossControlDisabled 0000000180008b40 f   car10_23_sfun_registry.obj
 0001:00007bb0       ssSetIsInputPortUsedForContZcSignal 0000000180008bb0 f   car10_23_sfun_registry.obj
 0001:00007c20       ssSetZcSignalIsZcElementDisc 0000000180008c20 f   car10_23_sfun_registry.obj
 0001:00007cd0       ssSetZcSignalName          0000000180008cd0 f   car10_23_sfun_registry.obj
 0001:00007d40       ssSetZcSignalWidth         0000000180008d40 f   car10_23_sfun_registry.obj
 0001:00007db0       ssSetZcSignalZcEventType   0000000180008db0 f   car10_23_sfun_registry.obj
 0001:00007e20       ssSetZcSignalType          0000000180008e20 f   car10_23_sfun_registry.obj
 0001:00007e90       ssSetZcSignalZcTol         0000000180008e90 f   car10_23_sfun_registry.obj
 0001:00007f00       ssSetZcSignalNeedsEventNotification 0000000180008f00 f   car10_23_sfun_registry.obj
 0001:00007f70       ssCreateAndAddZcSignalInfo 0000000180008f70 f   car10_23_sfun_registry.obj
 0001:00007fe0       ssCloneAndAddZcSignalInfo  0000000180008fe0 f   car10_23_sfun_registry.obj
 0001:00008050       ssGetNumZcSignals          0000000180009050 f   car10_23_sfun_registry.obj
 0001:000080c0       ssGetZcSignalVector        00000001800090c0 f   car10_23_sfun_registry.obj
 0001:00008130       ssGetZcSignalName          0000000180009130 f   car10_23_sfun_registry.obj
 0001:000081a0       ssGetZcSignalWidth         00000001800091a0 f   car10_23_sfun_registry.obj
 0001:00008210       ssGetZcSignalZcEventType   0000000180009210 f   car10_23_sfun_registry.obj
 0001:00008280       ssGetZcSignalZcEvents      0000000180009280 f   car10_23_sfun_registry.obj
 0001:000082f0       ssGetZcSignalType          00000001800092f0 f   car10_23_sfun_registry.obj
 0001:00008360       ssGetZcSignalZcTol         0000000180009360 f   car10_23_sfun_registry.obj
 0001:000083e0       ssGetZcSignalNeedsEventNotification 00000001800093e0 f   car10_23_sfun_registry.obj
 0001:00008450       ssGetZcSignalIsZcElementDisc 0000000180009450 f   car10_23_sfun_registry.obj
 0001:000084f0       ssGetIsInputPortElementContinuous 00000001800094f0 f   car10_23_sfun_registry.obj
 0001:00008590       ssGetDTypeIdFromMxArray    0000000180009590 f   car10_23_sfun_registry.obj
 0001:000086b0       ssWriteRTWStr              00000001800096b0 f   car10_23_sfun_registry.obj
 0001:00008710       ssWriteRTWNameValuePair    0000000180009710 f   car10_23_sfun_registry.obj
 0001:00008c10       ssWriteRTWParamSettings    0000000180009c10 f   car10_23_sfun_registry.obj
 0001:00009300       ssWriteRTWParameters       000000018000a300 f   car10_23_sfun_registry.obj
 0001:000098d0       ssWriteRTWWorkVect         000000018000a8d0 f   car10_23_sfun_registry.obj
 0001:00009dc0       ssWriteRTWMxVectParam      000000018000adc0 f   car10_23_sfun_registry.obj
 0001:00009e40       ssWriteRTWMx2dMatParam     000000018000ae40 f   car10_23_sfun_registry.obj
 0001:00009ed0       _ssSetInputPortMatrixDimensions 000000018000aed0 f   car10_23_sfun_registry.obj
 0001:00009fd0       _ssSetOutputPortMatrixDimensions 000000018000afd0 f   car10_23_sfun_registry.obj
 0001:0000a0d0       _ssSetInputPortVectorDimension 000000018000b0d0 f   car10_23_sfun_registry.obj
 0001:0000a180       _ssSetOutputPortVectorDimension 000000018000b180 f   car10_23_sfun_registry.obj
 0001:0000a230       ssIsRunTimeParamTunable    000000018000b230 f   car10_23_sfun_registry.obj
 0001:0000a2a0       ssGetSFuncBlockHandle      000000018000b2a0 f   car10_23_sfun_registry.obj
 0001:0000a310       _ssGetCurrentInputPortWidth 000000018000b310 f   car10_23_sfun_registry.obj
 0001:0000a430       _ssGetCurrentOutputPortWidth 000000018000b430 f   car10_23_sfun_registry.obj
 0001:0000a550       _ssGetCallSystemNumFcnCallDestinations 000000018000b550 f   car10_23_sfun_registry.obj
 0001:0000a5c0       ssGetParameterTuningCompliance 000000018000b5c0 f   car10_23_sfun_registry.obj
 0001:0000a630       ssWarning                  000000018000b630 f   car10_23_sfun_registry.obj
 0001:0000a720       _ssGetAbsTol               000000018000b720 f   car10_23_sfun_registry.obj
 0001:0000a790       _ssSetStateAbsTol          000000018000b790 f   car10_23_sfun_registry.obj
 0001:0000a870       sf_process_check_sum_call  000000018000b870 f   car10_23_sfun_registry.obj
 0001:0000a8c0       sf_process_autoinheritance_call 000000018000b8c0 f   car10_23_sfun_registry.obj
 0001:0000aaf0       sf_process_get_third_party_uses_info_call 000000018000baf0 f   car10_23_sfun_registry.obj
 0001:0000ad20       sf_process_get_jit_fallback_info_call 000000018000bd20 f   car10_23_sfun_registry.obj
 0001:0000af50       sf_process_get_updateBuildInfo_args_info_call 000000018000bf50 f   car10_23_sfun_registry.obj
 0001:0000b180       sf_process_get_eml_resolved_functions_info_call 000000018000c180 f   car10_23_sfun_registry.obj
 0001:0000b380       sf_mex_unlock_call         000000018000c380 f   car10_23_sfun_registry.obj
 0001:0000b620       sf_machine_global_initializer_called 000000018000c620 f   car10_23_sfun_registry.obj
 0001:0000b650       sf_machine_global_method_dispatcher 000000018000c650 f   car10_23_sfun_registry.obj
 0001:0000b6b0       sf_machine_global_terminator 000000018000c6b0 f   car10_23_sfun_registry.obj
 0001:0000b700       sf_register_machine_exported_symbols 000000018000c700 f   car10_23_sfun_registry.obj
 0001:0000b720       callCustomFcn              000000018000c720 f   car10_23_sfun_registry.obj
 0001:0000b730       sf_machine_global_initializer 000000018000c730 f   car10_23_sfun_registry.obj
 0001:0000b7b0       mdlGetSimState             000000018000c7b0 f   car10_23_sfun_registry.obj
 0001:0000b7f0       mdlSetSimState             000000018000c7f0 f   car10_23_sfun_registry.obj
 0001:0000c050       ProcessMexSfunctionEveryCall 000000018000d050 f   car10_23_sfun_registry.obj
 0001:0000cd56       sf_load_rtw_optimization_info 000000018000dd56 f   sf_runtime:sf_runtime.dll
 0001:0000cd5c       sf_debug_initialize_machine 000000018000dd5c f   sf_runtime:sf_runtime.dll
 0001:0000cd62       sf_debug_set_machine_event_thresholds 000000018000dd62 f   sf_runtime:sf_runtime.dll
 0001:0000cd68       sf_debug_set_machine_data_thresholds 000000018000dd68 f   sf_runtime:sf_runtime.dll
 0001:0000cd6e       sf_init_ChartRunTimeInfo   000000018000dd6e f   sf_runtime:sf_runtime.dll
 0001:0000cd74       sf_free_ChartRunTimeInfo   000000018000dd74 f   sf_runtime:sf_runtime.dll
 0001:0000cd7a       sf_get_chart_instance_ptr  000000018000dd7a f   sf_runtime:sf_runtime.dll
 0001:0000cd80       sf_rtw_info_uint_prop      000000018000dd80 f   sf_runtime:sf_runtime.dll
 0001:0000cd86       sf_update_buildInfo        000000018000dd86 f   sf_runtime:sf_runtime.dll
 0001:0000cd8c       sf_is_chart_inlinable      000000018000dd8c f   sf_runtime:sf_runtime.dll
 0001:0000cd92       sf_mark_chart_reusable_outputs 000000018000dd92 f   sf_runtime:sf_runtime.dll
 0001:0000cd98       sf_mark_chart_expressionable_inputs 000000018000dd98 f   sf_runtime:sf_runtime.dll
 0001:0000cd9e       sim_mode_is_rtw_gen        000000018000dd9e f   sf_runtime:sf_runtime.dll
 0001:0000cda4       sim_mode_is_external       000000018000dda4 f   sf_runtime:sf_runtime.dll
 0001:0000cdaa       sim_mode_is_modelref_sim   000000018000ddaa f   sf_runtime:sf_runtime.dll
 0001:0000cdb0       sf_clear_rtw_identifier    000000018000ddb0 f   sf_runtime:sf_runtime.dll
 0001:0000cdb6       sf_set_rtw_dwork_info      000000018000ddb6 f   sf_runtime:sf_runtime.dll
 0001:0000cdbc       sf_get_time                000000018000ddbc f   sf_runtime:sf_runtime.dll
 0001:0000cdc2       sf_is_first_init_cond      000000018000ddc2 f   sf_runtime:sf_runtime.dll
 0001:0000cdc8       sf_set_chart_accesses_machine_info 000000018000ddc8 f   sf_runtime:sf_runtime.dll
 0001:0000cdce       sf_mex_error_message       000000018000ddce f   sf_runtime:sf_runtime.dll
 0001:0000cdd4       sf_mex_create              000000018000ddd4 f   sf_runtime:sf_runtime.dll
 0001:0000cdda       sf_mex_createcellmatrix    000000018000ddda f   sf_runtime:sf_runtime.dll
 0001:0000cde0       sf_mex_setcell             000000018000dde0 f   sf_runtime:sf_runtime.dll
 0001:0000cde6       sf_mex_getcell             000000018000dde6 f   sf_runtime:sf_runtime.dll
 0001:0000cdec       sf_mex_assign              000000018000ddec f   sf_runtime:sf_runtime.dll
 0001:0000cdf2       sf_mex_dup                 000000018000ddf2 f   sf_runtime:sf_runtime.dll
 0001:0000cdf8       sf_mex_destroy             000000018000ddf8 f   sf_runtime:sf_runtime.dll
 0001:0000cdfe       sf_mex_import              000000018000ddfe f   sf_runtime:sf_runtime.dll
 0001:0000ce04       sf_mex_decode_encoded_mx_struct_array 000000018000de04 f   sf_runtime:sf_runtime.dll
 0001:0000ce0a       ssGetInputPortSignal_wrapper 000000018000de0a f   sf_runtime:sf_runtime.dll
 0001:0000ce10       ssGetOutputPortSignal_wrapper 000000018000de10 f   sf_runtime:sf_runtime.dll
 0001:0000ce16       sf_debug_initialize_chart  000000018000de16 f   sf_runtime:sf_runtime.dll
 0001:0000ce1c       sf_debug_call              000000018000de1c f   sf_runtime:sf_runtime.dll
 0001:0000ce22       eml_debug_line_call        000000018000de22 f   sf_runtime:sf_runtime.dll
 0001:0000ce28       cv_eml_eval                000000018000de28 f   sf_runtime:sf_runtime.dll
 0001:0000ce2e       cv_eval_relational         000000018000de2e f   sf_runtime:sf_runtime.dll
 0001:0000ce34       cv_eml_init_script         000000018000de34 f   sf_runtime:sf_runtime.dll
 0001:0000ce3a       cv_eml_init_fcn            000000018000de3a f   sf_runtime:sf_runtime.dll
 0001:0000ce40       cv_eml_init_if             000000018000de40 f   sf_runtime:sf_runtime.dll
 0001:0000ce46       cv_eml_init_relational     000000018000de46 f   sf_runtime:sf_runtime.dll
 0001:0000ce4c       sf_debug_reset_current_state_configuration 000000018000de4c f   sf_runtime:sf_runtime.dll
 0001:0000ce52       sf_debug_check_for_state_inconsistency 000000018000de52 f   sf_runtime:sf_runtime.dll
 0001:0000ce58       sf_debug_set_chart_data_props 000000018000de58 f   sf_runtime:sf_runtime.dll
 0001:0000ce5e       sf_debug_set_chart_data_compiled_props 000000018000de5e f   sf_runtime:sf_runtime.dll
 0001:0000ce64       sf_debug_symbol_scope_push 000000018000de64 f   sf_runtime:sf_runtime.dll
 0001:0000ce6a       sf_debug_symbol_scope_push_eml 000000018000de6a f   sf_runtime:sf_runtime.dll
 0001:0000ce70       sf_debug_symbol_scope_pop  000000018000de70 f   sf_runtime:sf_runtime.dll
 0001:0000ce76       sf_debug_symbol_scope_add_eml 000000018000de76 f   sf_runtime:sf_runtime.dll
 0001:0000ce7c       sf_debug_symbol_scope_add_eml_importable 000000018000de7c f   sf_runtime:sf_runtime.dll
 0001:0000ce82       sf_debug_set_instance_data_value_ptr 000000018000de82 f   sf_runtime:sf_runtime.dll
 0001:0000ce88       sf_debug_set_chart_disable_implicit_casting 000000018000de88 f   sf_runtime:sf_runtime.dll
 0001:0000ce8e       sf_debug_set_chart_event_thresholds 000000018000de8e f   sf_runtime:sf_runtime.dll
 0001:0000ce94       sf_debug_set_chart_state_info 000000018000de94 f   sf_runtime:sf_runtime.dll
 0001:0000ce9a       sf_debug_set_chart_decomposition 000000018000de9a f   sf_runtime:sf_runtime.dll
 0001:0000cea0       sf_debug_set_chart_substate_count 000000018000dea0 f   sf_runtime:sf_runtime.dll
 0001:0000cea6       sf_debug_data_range_wrapper 000000018000dea6 f   sf_runtime:sf_runtime.dll
 0001:0000ceac       sf_debug_cv_init_trans     000000018000deac f   sf_runtime:sf_runtime.dll
 0001:0000ceb2       sf_debug_cv_init_chart     000000018000deb2 f   sf_runtime:sf_runtime.dll
 0001:0000ceb8       sf_debug_cv_init_state     000000018000deb8 f   sf_runtime:sf_runtime.dll
 0001:0000cebe       sf_get_ChartInfoStruct_CodeGen 000000018000debe f   sf_runtime:sf_runtime.dll
 0001:0000cec4       sf_get_isEnhancedMooreMachine 000000018000dec4 f   sf_runtime:sf_runtime.dll
 0001:0000ceca       sf_set_compiledInfo        000000018000deca f   sf_runtime:sf_runtime.dll
 0001:0000ced0       callMdlMethodAndReportError 000000018000ded0 f   sf_runtime:sf_runtime.dll
 0001:0000ced6       call_sf_machine_global_method_dispatcher 000000018000ded6 f   sf_runtime:sf_runtime.dll
 0001:0000cedc       sf_mex_error_direct_call   000000018000dedc f   sf_runtime:sf_runtime.dll
 0001:0000cee2       sf_clear_error_manager_info 000000018000dee2 f   sf_runtime:sf_runtime.dll
 0001:0000cee8       sf_debug_create_debug_instance_struct 000000018000dee8 f   sf_runtime:sf_runtime.dll
 0001:0000ceee       sf_debug_terminate         000000018000deee f   sf_runtime:sf_runtime.dll
 0001:0000cef4       sf_debug_api               000000018000def4 f   sf_runtime:sf_runtime.dll
 0001:0000cefa       mxIsChar                   000000018000defa f   libmx:libmx.dll
 0001:0000cf00       mxGetPr                    000000018000df00 f   libmx:libmx.dll
 0001:0000cf06       mxGetScalar                000000018000df06 f   libmx:libmx.dll
 0001:0000cf0c       mxDestroyArray             000000018000df0c f   libmx:libmx.dll
 0001:0000cf12       mxCreateDoubleMatrix_730   000000018000df12 f   libmx:libmx.dll
 0001:0000cf18       mxGetString_730            000000018000df18 f   libmx:libmx.dll
 0001:0000cf1e       mxDuplicateArray           000000018000df1e f   libmx:libmx.dll
 0001:0000cf24       mxIsEmpty                  000000018000df24 f   libmx:libmx.dll
 0001:0000cf2a       mxSetField_730             000000018000df2a f   libmx:libmx.dll
 0001:0000cf30       mxCreateDoubleScalar       000000018000df30 f   libmx:libmx.dll
 0001:0000cf36       mxCreateString             000000018000df36 f   libmx:libmx.dll
 0001:0000cf3c       mxCreateCellMatrix_730     000000018000df3c f   libmx:libmx.dll
 0001:0000cf42       mxCreateCellArray_730      000000018000df42 f   libmx:libmx.dll
 0001:0000cf48       mxCreateStructMatrix_730   000000018000df48 f   libmx:libmx.dll
 0001:0000cf4e       mxCreateStructArray_730    000000018000df4e f   libmx:libmx.dll
 0001:0000cf54       mxCalloc                   000000018000df54 f   libmx:libmx.dll
 0001:0000cf5a       mxGetM                     000000018000df5a f   libmx:libmx.dll
 0001:0000cf60       mxGetClassID               000000018000df60 f   libmx:libmx.dll
 0001:0000cf66       mxIsNumeric                000000018000df66 f   libmx:libmx.dll
 0001:0000cf6c       mxIsComplex                000000018000df6c f   libmx:libmx.dll
 0001:0000cf72       mxGetN                     000000018000df72 f   libmx:libmx.dll
 0001:0000cf78       mexMakeArrayPersistent     000000018000df78 f   libmex:libmex.dll
 0001:0000cf7e       mexErrMsgTxt               000000018000df7e f   libmex:libmex.dll
 0001:0000cf84       mexWarnMsgTxt              000000018000df84 f   libmex:libmex.dll
 0001:0000cf8a       mexCallMATLABWithObject    000000018000df8a f   libmex:libmex.dll
 0001:0000cf90       mexLock                    000000018000df90 f   libmex:libmex.dll
 0001:0000cf96       mexUnlock                  000000018000df96 f   libmex:libmex.dll
 0001:0000cf9c       mexIsLocked                000000018000df9c f   libmex:libmex.dll
 0001:0000cfa2       utMalloc                   000000018000dfa2 f   libut:libut.dll
 0001:0000cfa8       utFree                     000000018000dfa8 f   libut:libut.dll
 0001:0000cfb0       __raise_securityfailure    000000018000dfb0 f   MSVCRT:gs_report.obj
 0001:0000cffc       __report_gsfailure         000000018000dffc f   MSVCRT:gs_report.obj
 0001:0000d0d0       __report_rangecheckfailure 000000018000e0d0 f   MSVCRT:gs_report.obj
 0001:0000d0e4       __report_securityfailure   000000018000e0e4 f   MSVCRT:gs_report.obj
 0001:0000d180       __report_securityfailureEx 000000018000e180 f   MSVCRT:gs_report.obj
 0001:0000d28e       strcmp                     000000018000e28e f   MSVCRT:MSVCR120.dll
 0001:0000d294       __GSHandlerCheck           000000018000e294 f   MSVCRT:gshandler.obj
 0001:0000d2b4       __GSHandlerCheckCommon     000000018000e2b4 f   MSVCRT:gshandler.obj
 0001:0000d330       __security_check_cookie    000000018000e330 f   MSVCRT:amdsecgs.obj
 0001:0000d350       memset                     000000018000e350 f   MSVCRT:MSVCR120.dll
 0001:0000d356       memcpy                     000000018000e356 f   MSVCRT:MSVCR120.dll
 0001:0000d35c       strcat                     000000018000e35c f   MSVCRT:MSVCR120.dll
 0001:0000d362       strlen                     000000018000e362 f   MSVCRT:MSVCR120.dll
 0001:0000d368       sprintf                    000000018000e368 f   MSVCRT:MSVCR120.dll
 0001:0000d36e       free                       000000018000e36e f   MSVCRT:MSVCR120.dll
 0001:0000d374       malloc                     000000018000e374 f   MSVCRT:MSVCR120.dll
 0001:0000d3dc       NtCurrentTeb               000000018000e3dc f i MSVCRT:crtdll.obj
 0001:0000d3e8       _CRT_INIT                  000000018000e3e8 f   MSVCRT:crtdll.obj
 0001:0000d634       _DllMainCRTStartup         000000018000e634 f   MSVCRT:crtdll.obj
 0001:0000d7aa       __crt_debugger_hook        000000018000e7aa f   MSVCRT:MSVCR120.dll
 0001:0000d7b0       __crtUnhandledException    000000018000e7b0 f   MSVCRT:MSVCR120.dll
 0001:0000d7b6       __crtTerminateProcess      000000018000e7b6 f   MSVCRT:MSVCR120.dll
 0001:0000d7bc       __crtCaptureCurrentContext 000000018000e7bc f   MSVCRT:MSVCR120.dll
 0001:0000d7c2       __crtCapturePreviousContext 000000018000e7c2 f   MSVCRT:MSVCR120.dll
 0001:0000d7c8       __CppXcptFilter            000000018000e7c8 f   MSVCRT:MSVCR120.dll
 0001:0000d7ce       _amsg_exit                 000000018000e7ce f   MSVCRT:MSVCR120.dll
 0001:0000d7e0       _FindPESection             000000018000e7e0 f   MSVCRT:pesect.obj
 0001:0000d830       _IsNonwritableInCurrentImage 000000018000e830 f   MSVCRT:pesect.obj
 0001:0000d880       _ValidateImageBase         000000018000e880 f   MSVCRT:pesect.obj
 0001:0000d8b0       __atonexitinit             000000018000e8b0 f   MSVCRT:atonexit.obj
 0001:0000d900       _onexit                    000000018000e900 f   MSVCRT:atonexit.obj
 0001:0000d9b0       atexit                     000000018000e9b0 f   MSVCRT:atonexit.obj
 0001:0000d9c8       __security_init_cookie     000000018000e9c8 f   MSVCRT:gs_support.obj
 0001:0000da74       DllMain                    000000018000ea74 f   MSVCRT:dllmain.obj
 0001:0000da98       _malloc_crt                000000018000ea98 f   MSVCRT:MSVCR120.dll
 0001:0000daa0       _RTC_Initialize            000000018000eaa0 f   MSVCRT:initsect.obj
 0001:0000dad8       _RTC_Terminate             000000018000ead8 f   MSVCRT:initsect.obj
 0001:0000db10       _initterm                  000000018000eb10 f   MSVCRT:MSVCR120.dll
 0001:0000db16       _initterm_e                000000018000eb16 f   MSVCRT:MSVCR120.dll
 0001:0000db1c       __clean_type_info_names    000000018000eb1c f   MSVCRT:tncleanup.obj
 0001:0000db28       __C_specific_handler       000000018000eb28 f   MSVCRT:MSVCR120.dll
 0001:0000db2e       _lock                      000000018000eb2e f   MSVCRT:MSVCR120.dll
 0001:0000db34       _unlock                    000000018000eb34 f   MSVCRT:MSVCR120.dll
 0001:0000db3a       _calloc_crt                000000018000eb3a f   MSVCRT:MSVCR120.dll
 0001:0000db40       __dllonexit                000000018000eb40 f   MSVCRT:MSVCR120.dll
 0001:0000db46       __clean_type_info_names_internal 000000018000eb46 f   MSVCRT:MSVCR120.dll
 0001:0000db4c       IsDebuggerPresent          000000018000eb4c f   kernel32:KERNEL32.dll
 0001:0000db52       IsProcessorFeaturePresent  000000018000eb52 f   kernel32:KERNEL32.dll
 0001:0000db58       EncodePointer              000000018000eb58 f   kernel32:KERNEL32.dll
 0001:0000db5e       DecodePointer              000000018000eb5e f   kernel32:KERNEL32.dll
 0001:0000db64       QueryPerformanceCounter    000000018000eb64 f   kernel32:KERNEL32.dll
 0001:0000db6a       GetCurrentProcessId        000000018000eb6a f   kernel32:KERNEL32.dll
 0001:0000db70       GetCurrentThreadId         000000018000eb70 f   kernel32:KERNEL32.dll
 0001:0000db76       GetSystemTimeAsFileTime    000000018000eb76 f   kernel32:KERNEL32.dll
 0001:0000db7c       DisableThreadLibraryCalls  000000018000eb7c f   kernel32:KERNEL32.dll
 0002:00000000       __imp_GetSystemTimeAsFileTime 000000018000f000     kernel32:KERNEL32.dll
 0002:00000008       __imp_GetCurrentThreadId   000000018000f008     kernel32:KERNEL32.dll
 0002:00000010       __imp_GetCurrentProcessId  000000018000f010     kernel32:KERNEL32.dll
 0002:00000018       __imp_QueryPerformanceCounter 000000018000f018     kernel32:KERNEL32.dll
 0002:00000020       __imp_DecodePointer        000000018000f020     kernel32:KERNEL32.dll
 0002:00000028       __imp_EncodePointer        000000018000f028     kernel32:KERNEL32.dll
 0002:00000030       __imp_IsProcessorFeaturePresent 000000018000f030     kernel32:KERNEL32.dll
 0002:00000038       __imp_IsDebuggerPresent    000000018000f038     kernel32:KERNEL32.dll
 0002:00000040       __imp_DisableThreadLibraryCalls 000000018000f040     kernel32:KERNEL32.dll
 0002:00000048       \177KERNEL32_NULL_THUNK_DATA 000000018000f048     kernel32:KERNEL32.dll
 0002:00000050       __imp___clean_type_info_names_internal 000000018000f050     MSVCRT:MSVCR120.dll
 0002:00000058       __imp__onexit              000000018000f058     MSVCRT:MSVCR120.dll
 0002:00000060       __imp___dllonexit          000000018000f060     MSVCRT:MSVCR120.dll
 0002:00000068       __imp__calloc_crt          000000018000f068     MSVCRT:MSVCR120.dll
 0002:00000070       __imp__unlock              000000018000f070     MSVCRT:MSVCR120.dll
 0002:00000078       __imp__lock                000000018000f078     MSVCRT:MSVCR120.dll
 0002:00000080       __imp___C_specific_handler 000000018000f080     MSVCRT:MSVCR120.dll
 0002:00000088       __imp__initterm_e          000000018000f088     MSVCRT:MSVCR120.dll
 0002:00000090       __imp__initterm            000000018000f090     MSVCRT:MSVCR120.dll
 0002:00000098       __imp__malloc_crt          000000018000f098     MSVCRT:MSVCR120.dll
 0002:000000a0       __imp__amsg_exit           000000018000f0a0     MSVCRT:MSVCR120.dll
 0002:000000a8       __imp___CppXcptFilter      000000018000f0a8     MSVCRT:MSVCR120.dll
 0002:000000b0       __imp___crtCapturePreviousContext 000000018000f0b0     MSVCRT:MSVCR120.dll
 0002:000000b8       __imp___crtCaptureCurrentContext 000000018000f0b8     MSVCRT:MSVCR120.dll
 0002:000000c0       __imp___crtTerminateProcess 000000018000f0c0     MSVCRT:MSVCR120.dll
 0002:000000c8       __imp___crtUnhandledException 000000018000f0c8     MSVCRT:MSVCR120.dll
 0002:000000d0       __imp___crt_debugger_hook  000000018000f0d0     MSVCRT:MSVCR120.dll
 0002:000000d8       __imp_malloc               000000018000f0d8     MSVCRT:MSVCR120.dll
 0002:000000e0       __imp_free                 000000018000f0e0     MSVCRT:MSVCR120.dll
 0002:000000e8       __imp_sprintf              000000018000f0e8     MSVCRT:MSVCR120.dll
 0002:000000f0       __imp_strlen               000000018000f0f0     MSVCRT:MSVCR120.dll
 0002:000000f8       __imp_strcat               000000018000f0f8     MSVCRT:MSVCR120.dll
 0002:00000100       __imp_memcpy               000000018000f100     MSVCRT:MSVCR120.dll
 0002:00000108       __imp_memset               000000018000f108     MSVCRT:MSVCR120.dll
 0002:00000110       __imp_strcmp               000000018000f110     MSVCRT:MSVCR120.dll
 0002:00000118       \177MSVCR120_NULL_THUNK_DATA 000000018000f118     MSVCRT:MSVCR120.dll
 0002:00000120       __imp_mexIsLocked          000000018000f120     libmex:libmex.dll
 0002:00000128       __imp_mexUnlock            000000018000f128     libmex:libmex.dll
 0002:00000130       __imp_mexLock              000000018000f130     libmex:libmex.dll
 0002:00000138       __imp_mexCallMATLABWithObject 000000018000f138     libmex:libmex.dll
 0002:00000140       __imp_mexWarnMsgTxt        000000018000f140     libmex:libmex.dll
 0002:00000148       __imp_mexErrMsgTxt         000000018000f148     libmex:libmex.dll
 0002:00000150       __imp_mexMakeArrayPersistent 000000018000f150     libmex:libmex.dll
 0002:00000158       \177libmex_NULL_THUNK_DATA 000000018000f158     libmex:libmex.dll
 0002:00000160       __imp_mxGetN               000000018000f160     libmx:libmx.dll
 0002:00000168       __imp_mxIsComplex          000000018000f168     libmx:libmx.dll
 0002:00000170       __imp_mxIsNumeric          000000018000f170     libmx:libmx.dll
 0002:00000178       __imp_mxGetClassID         000000018000f178     libmx:libmx.dll
 0002:00000180       __imp_mxGetM               000000018000f180     libmx:libmx.dll
 0002:00000188       __imp_mxCalloc             000000018000f188     libmx:libmx.dll
 0002:00000190       __imp_mxCreateStructArray_730 000000018000f190     libmx:libmx.dll
 0002:00000198       __imp_mxCreateStructMatrix_730 000000018000f198     libmx:libmx.dll
 0002:000001a0       __imp_mxCreateCellArray_730 000000018000f1a0     libmx:libmx.dll
 0002:000001a8       __imp_mxCreateCellMatrix_730 000000018000f1a8     libmx:libmx.dll
 0002:000001b0       __imp_mxCreateString       000000018000f1b0     libmx:libmx.dll
 0002:000001b8       __imp_mxCreateDoubleScalar 000000018000f1b8     libmx:libmx.dll
 0002:000001c0       __imp_mxSetField_730       000000018000f1c0     libmx:libmx.dll
 0002:000001c8       __imp_mxIsEmpty            000000018000f1c8     libmx:libmx.dll
 0002:000001d0       __imp_mxDuplicateArray     000000018000f1d0     libmx:libmx.dll
 0002:000001d8       __imp_mxGetString_730      000000018000f1d8     libmx:libmx.dll
 0002:000001e0       __imp_mxCreateDoubleMatrix_730 000000018000f1e0     libmx:libmx.dll
 0002:000001e8       __imp_mxGetScalar          000000018000f1e8     libmx:libmx.dll
 0002:000001f0       __imp_mxGetPr              000000018000f1f0     libmx:libmx.dll
 0002:000001f8       __imp_mxIsChar             000000018000f1f8     libmx:libmx.dll
 0002:00000200       __imp_mxDestroyArray       000000018000f200     libmx:libmx.dll
 0002:00000208       \177libmx_NULL_THUNK_DATA  000000018000f208     libmx:libmx.dll
 0002:00000210       __imp_utMalloc             000000018000f210     libut:libut.dll
 0002:00000218       __imp_utFree               000000018000f218     libut:libut.dll
 0002:00000220       \177libut_NULL_THUNK_DATA  000000018000f220     libut:libut.dll
 0002:00000228       __imp_sf_is_chart_inlinable 000000018000f228     sf_runtime:sf_runtime.dll
 0002:00000230       __imp_sf_mex_error_direct_call 000000018000f230     sf_runtime:sf_runtime.dll
 0002:00000238       __imp_call_sf_machine_global_method_dispatcher 000000018000f238     sf_runtime:sf_runtime.dll
 0002:00000240       __imp_callMdlMethodAndReportError 000000018000f240     sf_runtime:sf_runtime.dll
 0002:00000248       __imp_sf_set_compiledInfo  000000018000f248     sf_runtime:sf_runtime.dll
 0002:00000250       __imp_sf_mark_chart_reusable_outputs 000000018000f250     sf_runtime:sf_runtime.dll
 0002:00000258       __imp_sf_get_isEnhancedMooreMachine 000000018000f258     sf_runtime:sf_runtime.dll
 0002:00000260       __imp_sf_get_ChartInfoStruct_CodeGen 000000018000f260     sf_runtime:sf_runtime.dll
 0002:00000268       __imp_sf_debug_cv_init_state 000000018000f268     sf_runtime:sf_runtime.dll
 0002:00000270       __imp_sf_debug_cv_init_chart 000000018000f270     sf_runtime:sf_runtime.dll
 0002:00000278       __imp_sf_debug_cv_init_trans 000000018000f278     sf_runtime:sf_runtime.dll
 0002:00000280       __imp_sf_debug_data_range_wrapper 000000018000f280     sf_runtime:sf_runtime.dll
 0002:00000288       __imp_sf_debug_set_chart_substate_count 000000018000f288     sf_runtime:sf_runtime.dll
 0002:00000290       __imp_sf_debug_set_chart_decomposition 000000018000f290     sf_runtime:sf_runtime.dll
 0002:00000298       __imp_sf_debug_set_chart_state_info 000000018000f298     sf_runtime:sf_runtime.dll
 0002:000002a0       __imp_sf_debug_terminate   000000018000f2a0     sf_runtime:sf_runtime.dll
 0002:000002a8       __imp_sf_debug_set_chart_disable_implicit_casting 000000018000f2a8     sf_runtime:sf_runtime.dll
 0002:000002b0       __imp_sf_debug_set_instance_data_value_ptr 000000018000f2b0     sf_runtime:sf_runtime.dll
 0002:000002b8       __imp_sf_debug_symbol_scope_add_eml_importable 000000018000f2b8     sf_runtime:sf_runtime.dll
 0002:000002c0       __imp_sf_debug_symbol_scope_add_eml 000000018000f2c0     sf_runtime:sf_runtime.dll
 0002:000002c8       __imp_sf_debug_symbol_scope_pop 000000018000f2c8     sf_runtime:sf_runtime.dll
 0002:000002d0       __imp_sf_debug_symbol_scope_push_eml 000000018000f2d0     sf_runtime:sf_runtime.dll
 0002:000002d8       __imp_sf_debug_symbol_scope_push 000000018000f2d8     sf_runtime:sf_runtime.dll
 0002:000002e0       __imp_sf_debug_set_chart_data_compiled_props 000000018000f2e0     sf_runtime:sf_runtime.dll
 0002:000002e8       __imp_sf_debug_set_chart_data_props 000000018000f2e8     sf_runtime:sf_runtime.dll
 0002:000002f0       __imp_sf_debug_check_for_state_inconsistency 000000018000f2f0     sf_runtime:sf_runtime.dll
 0002:000002f8       __imp_sf_debug_reset_current_state_configuration 000000018000f2f8     sf_runtime:sf_runtime.dll
 0002:00000300       __imp_cv_eml_init_relational 000000018000f300     sf_runtime:sf_runtime.dll
 0002:00000308       __imp_cv_eml_init_if       000000018000f308     sf_runtime:sf_runtime.dll
 0002:00000310       __imp_cv_eml_init_fcn      000000018000f310     sf_runtime:sf_runtime.dll
 0002:00000318       __imp_cv_eml_init_script   000000018000f318     sf_runtime:sf_runtime.dll
 0002:00000320       __imp_cv_eval_relational   000000018000f320     sf_runtime:sf_runtime.dll
 0002:00000328       __imp_sf_debug_create_debug_instance_struct 000000018000f328     sf_runtime:sf_runtime.dll
 0002:00000330       __imp_sf_debug_set_chart_event_thresholds 000000018000f330     sf_runtime:sf_runtime.dll
 0002:00000338       __imp_sf_clear_error_manager_info 000000018000f338     sf_runtime:sf_runtime.dll
 0002:00000340       __imp_cv_eml_eval          000000018000f340     sf_runtime:sf_runtime.dll
 0002:00000348       __imp_eml_debug_line_call  000000018000f348     sf_runtime:sf_runtime.dll
 0002:00000350       __imp_sf_debug_call        000000018000f350     sf_runtime:sf_runtime.dll
 0002:00000358       __imp_sf_debug_initialize_chart 000000018000f358     sf_runtime:sf_runtime.dll
 0002:00000360       __imp_ssGetOutputPortSignal_wrapper 000000018000f360     sf_runtime:sf_runtime.dll
 0002:00000368       __imp_ssGetInputPortSignal_wrapper 000000018000f368     sf_runtime:sf_runtime.dll
 0002:00000370       __imp_sf_mex_decode_encoded_mx_struct_array 000000018000f370     sf_runtime:sf_runtime.dll
 0002:00000378       __imp_sf_mex_import        000000018000f378     sf_runtime:sf_runtime.dll
 0002:00000380       __imp_sf_mex_destroy       000000018000f380     sf_runtime:sf_runtime.dll
 0002:00000388       __imp_sf_mex_dup           000000018000f388     sf_runtime:sf_runtime.dll
 0002:00000390       __imp_sf_mex_assign        000000018000f390     sf_runtime:sf_runtime.dll
 0002:00000398       __imp_sf_mex_getcell       000000018000f398     sf_runtime:sf_runtime.dll
 0002:000003a0       __imp_sf_mex_setcell       000000018000f3a0     sf_runtime:sf_runtime.dll
 0002:000003a8       __imp_sf_mex_createcellmatrix 000000018000f3a8     sf_runtime:sf_runtime.dll
 0002:000003b0       __imp_sf_mex_create        000000018000f3b0     sf_runtime:sf_runtime.dll
 0002:000003b8       __imp_sf_mex_error_message 000000018000f3b8     sf_runtime:sf_runtime.dll
 0002:000003c0       __imp_sf_set_chart_accesses_machine_info 000000018000f3c0     sf_runtime:sf_runtime.dll
 0002:000003c8       __imp_sf_is_first_init_cond 000000018000f3c8     sf_runtime:sf_runtime.dll
 0002:000003d0       __imp_sf_get_time          000000018000f3d0     sf_runtime:sf_runtime.dll
 0002:000003d8       __imp_sf_set_rtw_dwork_info 000000018000f3d8     sf_runtime:sf_runtime.dll
 0002:000003e0       __imp_sf_clear_rtw_identifier 000000018000f3e0     sf_runtime:sf_runtime.dll
 0002:000003e8       __imp_sim_mode_is_modelref_sim 000000018000f3e8     sf_runtime:sf_runtime.dll
 0002:000003f0       __imp_sim_mode_is_external 000000018000f3f0     sf_runtime:sf_runtime.dll
 0002:000003f8       __imp_sim_mode_is_rtw_gen  000000018000f3f8     sf_runtime:sf_runtime.dll
 0002:00000400       __imp_sf_mark_chart_expressionable_inputs 000000018000f400     sf_runtime:sf_runtime.dll
 0002:00000408       __imp_sf_update_buildInfo  000000018000f408     sf_runtime:sf_runtime.dll
 0002:00000410       __imp_sf_rtw_info_uint_prop 000000018000f410     sf_runtime:sf_runtime.dll
 0002:00000418       __imp_sf_get_chart_instance_ptr 000000018000f418     sf_runtime:sf_runtime.dll
 0002:00000420       __imp_sf_free_ChartRunTimeInfo 000000018000f420     sf_runtime:sf_runtime.dll
 0002:00000428       __imp_sf_init_ChartRunTimeInfo 000000018000f428     sf_runtime:sf_runtime.dll
 0002:00000430       __imp_sf_debug_set_machine_data_thresholds 000000018000f430     sf_runtime:sf_runtime.dll
 0002:00000438       __imp_sf_debug_set_machine_event_thresholds 000000018000f438     sf_runtime:sf_runtime.dll
 0002:00000440       __imp_sf_debug_initialize_machine 000000018000f440     sf_runtime:sf_runtime.dll
 0002:00000448       __imp_sf_debug_api         000000018000f448     sf_runtime:sf_runtime.dll
 0002:00000450       __imp_sf_load_rtw_optimization_info 000000018000f450     sf_runtime:sf_runtime.dll
 0002:00000458       \177sf_runtime_NULL_THUNK_DATA 000000018000f458     sf_runtime:sf_runtime.dll
 0002:00000460       __xc_a                     000000018000f460     MSVCRT:cinitexe.obj
 0002:00000468       __xc_z                     000000018000f468     MSVCRT:cinitexe.obj
 0002:00000470       __xi_a                     000000018000f470     MSVCRT:cinitexe.obj
 0002:00000488       __xi_z                     000000018000f488     MSVCRT:cinitexe.obj
 0002:00000490       __real@41b919dd23000000    000000018000f490     car10_23_sfun.obj
 0002:00000498       __real@41bff73d49000000    000000018000f498     car10_23_sfun.obj
 0002:000004a0       __real@41c093696c800000    000000018000f4a0     car10_23_sfun.obj
 0002:000004a8       __real@41c18e013c800000    000000018000f4a8     car10_23_sfun.obj
 0002:000004b0       __real@41c22fe1bd000000    000000018000f4b0     car10_23_sfun.obj
 0002:000004b8       __real@41ce8874c5800000    000000018000f4b8     car10_23_sfun.obj
 0002:000004c0       __real@41d4a1d6d9c00000    000000018000f4c0     car10_23_sfun.obj
 0002:000004c8       __real@41d650d422800000    000000018000f4c8     car10_23_sfun.obj
 0002:000004d0       __real@41dfc7d6ea000000    000000018000f4d0     car10_23_sfun.obj
 0002:000004d8       __real@41e43675c9200000    000000018000f4d8     car10_23_sfun.obj
 0002:000004e0       __real@41e7932180600000    000000018000f4e0     car10_23_sfun.obj
 0002:000004e8       __real@41ef240909a00000    000000018000f4e8     car10_23_sfun.obj
 0002:000004f0       __real@0000000000000000    000000018000f4f0     c1_car10_23.obj
 0002:000004f8       __real@3ff0000000000000    000000018000f4f8     c1_car10_23.obj
 0002:00000500       __real@4000000000000000    000000018000f500     c1_car10_23.obj
 0002:00000508       __real@4008000000000000    000000018000f508     c1_car10_23.obj
 0002:00000510       __real@4014000000000000    000000018000f510     c1_car10_23.obj
 0002:00000518       __real@4024000000000000    000000018000f518     c1_car10_23.obj
 0002:00000520       __real@4170ef6a90000000    000000018000f520     c1_car10_23.obj
 0002:00000528       __real@41b567f7f6000000    000000018000f528     c1_car10_23.obj
 0002:00000530       __real@41d142045b000000    000000018000f530     c1_car10_23.obj
 0002:00000538       __real@41d902cb62400000    000000018000f538     c1_car10_23.obj
 0002:00000540       DYNAMIC_DIMENSION_DEF      000000018000f540     car10_23_sfun_registry.obj
 0002:00000560       _ssBadLevel2InputAccessMsg 000000018000f560     car10_23_sfun_registry.obj
 0002:000006f0       _ssBadLevel2DirectFeedMsg  000000018000f6f0     car10_23_sfun_registry.obj
 0002:00000830       _ssBadLevel2DirectFeedSolutionMsg 000000018000f830     car10_23_sfun_registry.obj
 0002:000008a0       _ssBadLevel2ZeroDirectFeedMsg 000000018000f8a0     car10_23_sfun_registry.obj
 0002:000009e0       _ssBadLevel2ZeroDirectFeedMsg2 000000018000f9e0     car10_23_sfun_registry.obj
 0002:00000ac8       __real@41602cbca0000000    000000018000fac8     car10_23_sfun_registry.obj
 0002:00000ad0       __real@bff0000000000000    000000018000fad0     car10_23_sfun_registry.obj
 0002:00000ae8       _pRawDllMain               000000018000fae8     MSVCRT:crtdll.obj
 0002:00000ae8       _pDefaultRawDllMain        000000018000fae8     MSVCRT:crtdll.obj
 0002:00000af0       ?ProcessDetach@NativeDll@<CrtImplementationDetails>@@0IB 000000018000faf0     MSVCRT:initsect.obj
 0002:00000af4       ?ProcessAttach@NativeDll@<CrtImplementationDetails>@@0IB 000000018000faf4     MSVCRT:initsect.obj
 0002:00000af8       ?ThreadAttach@NativeDll@<CrtImplementationDetails>@@0IB 000000018000faf8     MSVCRT:initsect.obj
 0002:00000afc       ?ThreadDetach@NativeDll@<CrtImplementationDetails>@@0IB 000000018000fafc     MSVCRT:initsect.obj
 0002:00000b00       ?ProcessVerifier@NativeDll@<CrtImplementationDetails>@@0IB 000000018000fb00     MSVCRT:initsect.obj
 0002:00000b04       ?value@?$integral_constant@_N$0A@@std@@2_NB 000000018000fb04     MSVCRT:tncleanup.obj
 0002:00000b05       ?value@?$integral_constant@_N$00@std@@2_NB 000000018000fb05     MSVCRT:tncleanup.obj
 0002:00000b10       _load_config_used          000000018000fb10     MSVCRT:loadcfg.obj
 0002:00000b80       __rtc_iaa                  000000018000fb80     MSVCRT:initsect.obj
 0002:00000b88       __rtc_izz                  000000018000fb88     MSVCRT:initsect.obj
 0002:00000b90       __rtc_taa                  000000018000fb90     MSVCRT:initsect.obj
 0002:00000b98       __rtc_tzz                  000000018000fb98     MSVCRT:initsect.obj
 0002:00001354       __IMPORT_DESCRIPTOR_sf_runtime 0000000180010354     sf_runtime:sf_runtime.dll
 0002:00001368       __IMPORT_DESCRIPTOR_libmx  0000000180010368     libmx:libmx.dll
 0002:0000137c       __IMPORT_DESCRIPTOR_libmex 000000018001037c     libmex:libmex.dll
 0002:00001390       __IMPORT_DESCRIPTOR_libut  0000000180010390     libut:libut.dll
 0002:000013a4       __IMPORT_DESCRIPTOR_MSVCR120 00000001800103a4     MSVCRT:MSVCR120.dll
 0002:000013b8       __IMPORT_DESCRIPTOR_KERNEL32 00000001800103b8     kernel32:KERNEL32.dll
 0002:000013cc       __NULL_IMPORT_DESCRIPTOR   00000001800103cc     sf_runtime:sf_runtime.dll
 0003:000013e0       DYNAMIC_DIMENSION          00000001800133e0     car10_23_sfun_registry.obj
 0003:00001a90       __security_cookie          0000000180013a90     MSVCRT:gs_cookie.obj
 0003:00001a98       __security_cookie_complement 0000000180013a98     MSVCRT:gs_cookie.obj
 0003:00001aa0       _fltused                   0000000180013aa0     MSVCRT:dllsupp.obj
 0003:00001aa4       __native_dllmain_reason    0000000180013aa4     MSVCRT:natstart.obj
 0003:00001ad8       sfGlobalDebugInstanceStruct 0000000180013ad8     car10_23_sfun_registry.obj
 0003:00002128       ?__type_info_root_node@@3U__type_info_node@@A 0000000180014128     MSVCRT:tncleanup.obj
 0003:00002138       _car10_23MachineNumber_    0000000180014138     <common>
 0003:00002140       __native_startup_lock      0000000180014140     <common>
 0003:00002148       __native_startup_state     0000000180014148     <common>
 0003:00002150       __onexitend                0000000180014150     <common>
 0003:00002158       __onexitbegin              0000000180014158     <common>
 0003:00002160       __dyn_tls_init_callback    0000000180014160     <common>

 entry point at        0001:0000d634

 Static symbols

 0000:00000000       .debug$S                   0000000180000000     sf_runtime:sf_runtime.dll
 0000:00000000       .debug$S                   0000000180000000     sf_runtime:sf_runtime.dll
 0000:00000000       .debug$S                   0000000180000000     sf_runtime:sf_runtime.dll
 0000:00000000       .debug$S                   0000000180000000     sf_runtime:sf_runtime.dll
 0000:00000000       .debug$S                   0000000180000000     sf_runtime:sf_runtime.dll
 0000:00000000       .debug$S                   0000000180000000     sf_runtime:sf_runtime.dll
 0000:00000000       .debug$S                   0000000180000000     kernel32:KERNEL32.dll
 0000:00000000       .debug$S                   0000000180000000     kernel32:KERNEL32.dll
 0000:00000000       .debug$S                   0000000180000000     kernel32:KERNEL32.dll
 0000:00000000       .debug$S                   0000000180000000     kernel32:KERNEL32.dll
 0000:00000000       .debug$S                   0000000180000000     kernel32:KERNEL32.dll
 0000:00000000       .debug$S                   0000000180000000     kernel32:KERNEL32.dll
 0000:00000000       .debug$S                   0000000180000000     kernel32:KERNEL32.dll
 0000:00000000       .debug$S                   0000000180000000     kernel32:KERNEL32.dll
 0000:00000000       .debug$S                   0000000180000000     kernel32:KERNEL32.dll
 0000:00000000       .debug$S                   0000000180000000     MSVCRT:MSVCR120.dll
 0000:00000000       .debug$S                   0000000180000000     MSVCRT:MSVCR120.dll
 0000:00000000       .debug$S                   0000000180000000     MSVCRT:MSVCR120.dll
 0000:00000000       .debug$S                   0000000180000000     MSVCRT:MSVCR120.dll
 0000:00000000       .debug$S                   0000000180000000     MSVCRT:MSVCR120.dll
 0000:00000000       .debug$S                   0000000180000000     MSVCRT:MSVCR120.dll
 0000:00000000       .debug$S                   0000000180000000     MSVCRT:MSVCR120.dll
 0000:00000000       .debug$S                   0000000180000000     MSVCRT:MSVCR120.dll
 0000:00000000       .debug$S                   0000000180000000     MSVCRT:MSVCR120.dll
 0000:00000000       .debug$S                   0000000180000000     MSVCRT:MSVCR120.dll
 0000:00000000       .debug$S                   0000000180000000     MSVCRT:MSVCR120.dll
 0000:00000000       .debug$S                   0000000180000000     MSVCRT:MSVCR120.dll
 0000:00000000       .debug$S                   0000000180000000     MSVCRT:MSVCR120.dll
 0000:00000000       .debug$S                   0000000180000000     MSVCRT:MSVCR120.dll
 0000:00000000       .debug$S                   0000000180000000     MSVCRT:MSVCR120.dll
 0000:00000000       .debug$S                   0000000180000000     MSVCRT:MSVCR120.dll
 0000:00000000       .debug$S                   0000000180000000     MSVCRT:MSVCR120.dll
 0000:00000000       .debug$S                   0000000180000000     MSVCRT:MSVCR120.dll
 0000:00000000       .debug$S                   0000000180000000     MSVCRT:MSVCR120.dll
 0000:00000000       .debug$S                   0000000180000000     MSVCRT:MSVCR120.dll
 0000:00000000       .debug$S                   0000000180000000     MSVCRT:MSVCR120.dll
 0000:00000000       .debug$S                   0000000180000000     MSVCRT:MSVCR120.dll
 0000:00000000       .debug$S                   0000000180000000     MSVCRT:MSVCR120.dll
 0000:00000000       .debug$S                   0000000180000000     MSVCRT:MSVCR120.dll
 0000:00000000       .debug$S                   0000000180000000     MSVCRT:MSVCR120.dll
 0000:00000000       .debug$S                   0000000180000000     sf_runtime:sf_runtime.dll
 0000:00000000       .debug$S                   0000000180000000     sf_runtime:sf_runtime.dll
 0000:00000000       .debug$S                   0000000180000000     sf_runtime:sf_runtime.dll
 0000:00000000       .debug$S                   0000000180000000     sf_runtime:sf_runtime.dll
 0000:00000000       .debug$S                   0000000180000000     sf_runtime:sf_runtime.dll
 0000:00000000       .debug$S                   0000000180000000     sf_runtime:sf_runtime.dll
 0000:00000000       .debug$S                   0000000180000000     sf_runtime:sf_runtime.dll
 0000:00000000       .debug$S                   0000000180000000     sf_runtime:sf_runtime.dll
 0000:00000000       .debug$S                   0000000180000000     sf_runtime:sf_runtime.dll
 0000:00000000       .debug$S                   0000000180000000     sf_runtime:sf_runtime.dll
 0000:00000000       .debug$S                   0000000180000000     sf_runtime:sf_runtime.dll
 0000:00000000       .debug$S                   0000000180000000     sf_runtime:sf_runtime.dll
 0000:00000000       .debug$S                   0000000180000000     sf_runtime:sf_runtime.dll
 0000:00000000       .debug$S                   0000000180000000     sf_runtime:sf_runtime.dll
 0000:00000000       .debug$S                   0000000180000000     sf_runtime:sf_runtime.dll
 0000:00000000       .debug$S                   0000000180000000     sf_runtime:sf_runtime.dll
 0000:00000000       .debug$S                   0000000180000000     sf_runtime:sf_runtime.dll
 0000:00000000       .debug$S                   0000000180000000     sf_runtime:sf_runtime.dll
 0000:00000000       .debug$S                   0000000180000000     sf_runtime:sf_runtime.dll
 0000:00000000       .debug$S                   0000000180000000     sf_runtime:sf_runtime.dll
 0000:00000000       .debug$S                   0000000180000000     sf_runtime:sf_runtime.dll
 0000:00000000       .debug$S                   0000000180000000     sf_runtime:sf_runtime.dll
 0000:00000000       .debug$S                   0000000180000000     sf_runtime:sf_runtime.dll
 0000:00000000       .debug$S                   0000000180000000     sf_runtime:sf_runtime.dll
 0000:00000000       .debug$S                   0000000180000000     sf_runtime:sf_runtime.dll
 0000:00000000       .debug$S                   0000000180000000     sf_runtime:sf_runtime.dll
 0000:00000000       .debug$S                   0000000180000000     sf_runtime:sf_runtime.dll
 0000:00000000       .debug$S                   0000000180000000     sf_runtime:sf_runtime.dll
 0000:00000000       .debug$S                   0000000180000000     sf_runtime:sf_runtime.dll
 0000:00000000       .debug$S                   0000000180000000     sf_runtime:sf_runtime.dll
 0000:00000000       .debug$S                   0000000180000000     sf_runtime:sf_runtime.dll
 0000:00000000       .debug$S                   0000000180000000     sf_runtime:sf_runtime.dll
 0000:00000000       .debug$S                   0000000180000000     sf_runtime:sf_runtime.dll
 0000:00000000       .debug$S                   0000000180000000     sf_runtime:sf_runtime.dll
 0000:00000000       .debug$S                   0000000180000000     sf_runtime:sf_runtime.dll
 0000:00000000       .debug$S                   0000000180000000     sf_runtime:sf_runtime.dll
 0000:00000000       .debug$S                   0000000180000000     libut:libut.dll
 0000:00000000       .debug$S                   0000000180000000     libut:libut.dll
 0000:00000000       .debug$S                   0000000180000000     sf_runtime:sf_runtime.dll
 0000:00000000       .debug$S                   0000000180000000     libmex:libmex.dll
 0000:00000000       .debug$S                   0000000180000000     libmex:libmex.dll
 0000:00000000       .debug$S                   0000000180000000     libmex:libmex.dll
 0000:00000000       .debug$S                   0000000180000000     libmex:libmex.dll
 0000:00000000       .debug$S                   0000000180000000     libmex:libmex.dll
 0000:00000000       .debug$S                   0000000180000000     libmex:libmex.dll
 0000:00000000       .debug$S                   0000000180000000     libmex:libmex.dll
 0000:00000000       .debug$S                   0000000180000000     libmx:libmx.dll
 0000:00000000       .debug$S                   0000000180000000     libmx:libmx.dll
 0000:00000000       .debug$S                   0000000180000000     libmx:libmx.dll
 0000:00000000       .debug$S                   0000000180000000     libmx:libmx.dll
 0000:00000000       .debug$S                   0000000180000000     libmx:libmx.dll
 0000:00000000       .debug$S                   0000000180000000     libmx:libmx.dll
 0000:00000000       .debug$S                   0000000180000000     libmx:libmx.dll
 0000:00000000       .debug$S                   0000000180000000     libmx:libmx.dll
 0000:00000000       .debug$S                   0000000180000000     libmx:libmx.dll
 0000:00000000       .debug$S                   0000000180000000     libmx:libmx.dll
 0000:00000000       .debug$S                   0000000180000000     libmx:libmx.dll
 0000:00000000       .debug$S                   0000000180000000     libmx:libmx.dll
 0000:00000000       .debug$S                   0000000180000000     libmx:libmx.dll
 0000:00000000       .debug$S                   0000000180000000     libmx:libmx.dll
 0000:00000000       .debug$S                   0000000180000000     sf_runtime:sf_runtime.dll
 0000:00000000       .debug$S                   0000000180000000     sf_runtime:sf_runtime.dll
 0000:00000000       .debug$S                   0000000180000000     sf_runtime:sf_runtime.dll
 0000:00000000       .debug$S                   0000000180000000     sf_runtime:sf_runtime.dll
 0000:00000000       .debug$S                   0000000180000000     sf_runtime:sf_runtime.dll
 0000:00000000       .debug$S                   0000000180000000     sf_runtime:sf_runtime.dll
 0000:00000000       .debug$S                   0000000180000000     sf_runtime:sf_runtime.dll
 0000:00000000       .debug$S                   0000000180000000     sf_runtime:sf_runtime.dll
 0000:00000000       .debug$S                   0000000180000000     sf_runtime:sf_runtime.dll
 0000:00000000       .debug$S                   0000000180000000     sf_runtime:sf_runtime.dll
 0000:00000000       .debug$S                   0000000180000000     sf_runtime:sf_runtime.dll
 0000:00000000       .debug$S                   0000000180000000     sf_runtime:sf_runtime.dll
 0000:00000000       .debug$S                   0000000180000000     sf_runtime:sf_runtime.dll
 0000:00000000       .debug$S                   0000000180000000     sf_runtime:sf_runtime.dll
 0000:00000000       .debug$S                   0000000180000000     sf_runtime:sf_runtime.dll
 0000:00000000       .debug$S                   0000000180000000     sf_runtime:sf_runtime.dll
 0000:00000000       .debug$S                   0000000180000000     sf_runtime:sf_runtime.dll
 0000:00000000       .debug$S                   0000000180000000     sf_runtime:sf_runtime.dll
 0000:00000000       .debug$S                   0000000180000000     sf_runtime:sf_runtime.dll
 0000:00000000       .debug$S                   0000000180000000     sf_runtime:sf_runtime.dll
 0000:00000000       .debug$S                   0000000180000000     sf_runtime:sf_runtime.dll
 0000:00000000       .debug$S                   0000000180000000     sf_runtime:sf_runtime.dll
 0000:00000000       .debug$S                   0000000180000000     sf_runtime:sf_runtime.dll
 0000:00000000       .debug$S                   0000000180000000     sf_runtime:sf_runtime.dll
 0000:00000000       .debug$S                   0000000180000000     sf_runtime:sf_runtime.dll
 0000:00000000       .debug$S                   0000000180000000     sf_runtime:sf_runtime.dll
 0000:00000000       .debug$S                   0000000180000000     sf_runtime:sf_runtime.dll
 0000:00000000       .debug$S                   0000000180000000     libmx:libmx.dll
 0000:00000000       .debug$S                   0000000180000000     libmx:libmx.dll
 0000:00000000       .debug$S                   0000000180000000     libmx:libmx.dll
 0000:00000000       .debug$S                   0000000180000000     libmx:libmx.dll
 0000:00000000       .debug$S                   0000000180000000     libmx:libmx.dll
 0000:00000000       .debug$S                   0000000180000000     libmx:libmx.dll
 0000:00000000       .debug$S                   0000000180000000     libmx:libmx.dll
 0001:00001220       chart_debug_initialization 0000000180002220 f   c1_car10_23.obj
 0001:00001c20       chart_debug_initialize_data_addresses 0000000180002c20 f   c1_car10_23.obj
 0001:00001db0       initialize_c1_car10_23     0000000180002db0 f   c1_car10_23.obj
 0001:00001e50       initialize_params_c1_car10_23 0000000180002e50 f   c1_car10_23.obj
 0001:00001e60       enable_c1_car10_23         0000000180002e60 f   c1_car10_23.obj
 0001:00001e90       disable_c1_car10_23        0000000180002e90 f   c1_car10_23.obj
 0001:00001ec0       c1_update_debugger_state_c1_car10_23 0000000180002ec0 f   c1_car10_23.obj
 0001:00001ed0       get_sim_state_c1_car10_23  0000000180002ed0 f   c1_car10_23.obj
 0001:00002410       set_sim_state_c1_car10_23  0000000180003410 f   c1_car10_23.obj
 0001:00002630       finalize_c1_car10_23       0000000180003630 f   c1_car10_23.obj
 0001:00002640       sf_gateway_c1_car10_23     0000000180003640 f   c1_car10_23.obj
 0001:000036d0       mdl_start_c1_car10_23      00000001800046d0 f   c1_car10_23.obj
 0001:000036e0       initSimStructsc1_car10_23  00000001800046e0 f   c1_car10_23.obj
 0001:000036f0       init_script_number_translation 00000001800046f0 f   c1_car10_23.obj
 0001:00003710       c1_sf_marshallOut          0000000180004710 f   c1_car10_23.obj
 0001:00003830       c1_emlrt_marshallIn        0000000180004830 f   c1_car10_23.obj
 0001:000038b0       c1_b_emlrt_marshallIn      00000001800048b0 f   c1_car10_23.obj
 0001:00003970       c1_sf_marshallIn           0000000180004970 f   c1_car10_23.obj
 0001:00003a30       c1_b_sf_marshallOut        0000000180004a30 f   c1_car10_23.obj
 0001:00003ae0       c1_c_emlrt_marshallIn      0000000180004ae0 f   c1_car10_23.obj
 0001:00003b50       c1_d_emlrt_marshallIn      0000000180004b50 f   c1_car10_23.obj
 0001:00003be0       c1_b_sf_marshallIn         0000000180004be0 f   c1_car10_23.obj
 0001:00003c90       c1_c_sf_marshallOut        0000000180004c90 f   c1_car10_23.obj
 0001:00003d40       c1_d_sf_marshallOut        0000000180004d40 f   c1_car10_23.obj
 0001:00003e60       c1_f_emlrt_marshallIn      0000000180004e60 f   c1_car10_23.obj
 0001:00003ed0       c1_g_emlrt_marshallIn      0000000180004ed0 f   c1_car10_23.obj
 0001:00003f60       init_dsm_address_info      0000000180004f60 f   c1_car10_23.obj
 0001:00003f70       init_simulink_io_address   0000000180004f70 f   c1_car10_23.obj
 0001:000049d0       sf_get_sim_state_info_c1_car10_23 00000001800059d0 f   c1_car10_23.obj
 0001:00004aa0       sf_get_instance_specialization 0000000180005aa0 f   c1_car10_23.obj
 0001:00004ab0       sf_opaque_initialize_c1_car10_23 0000000180005ab0 f   c1_car10_23.obj
 0001:00004af0       sf_opaque_enable_c1_car10_23 0000000180005af0 f   c1_car10_23.obj
 0001:00004b10       sf_opaque_disable_c1_car10_23 0000000180005b10 f   c1_car10_23.obj
 0001:00004b30       sf_opaque_gateway_c1_car10_23 0000000180005b30 f   c1_car10_23.obj
 0001:00004b50       sf_opaque_get_sim_state_c1_car10_23 0000000180005b50 f   c1_car10_23.obj
 0001:00004b80       sf_opaque_set_sim_state_c1_car10_23 0000000180005b80 f   c1_car10_23.obj
 0001:00004bb0       sf_opaque_terminate_c1_car10_23 0000000180005bb0 f   c1_car10_23.obj
 0001:00004c50       mdlProcessParameters_c1_car10_23 0000000180005c50 f   c1_car10_23.obj
 0001:00004d10       mdlSetWorkWidths_c1_car10_23 0000000180005d10 f   c1_car10_23.obj
 0001:00005350       mdlRTW_c1_car10_23         0000000180006350 f   c1_car10_23.obj
 0001:00005390       mdlStart_c1_car10_23       0000000180006390 f   c1_car10_23.obj
 0001:000068d8       $LN120                     00000001800078d8     car10_23_sfun_registry.obj
 0001:00008654       $LN17                      0000000180009654     car10_23_sfun_registry.obj
 0001:00008bdc       $LN26                      0000000180009bdc     car10_23_sfun_registry.obj
 0001:000092c4       $LN23                      000000018000a2c4     car10_23_sfun_registry.obj
 0001:000098a0       $LN26                      000000018000a8a0     car10_23_sfun_registry.obj
 0001:0000b470       sf_debug_api_wrapper       000000018000c470 f   car10_23_sfun_registry.obj
 0001:0000b4c0       ProcessMexSfunctionCmdLineCall 000000018000c4c0 f   car10_23_sfun_registry.obj
 0001:0000b830       mdlSetWorkWidths           000000018000c830 f   car10_23_sfun_registry.obj
 0001:0000b860       mdlProcessParameters       000000018000c860 f   car10_23_sfun_registry.obj
 0001:0000b890       mdl_start_processing       000000018000c890 f   car10_23_sfun_registry.obj
 0001:0000b940       mdl_terminate_processing   000000018000c940 f   car10_23_sfun_registry.obj
 0001:0000b9c0       mdlStart                   000000018000c9c0 f   car10_23_sfun_registry.obj
 0001:0000b9f0       mdlTerminate               000000018000c9f0 f   car10_23_sfun_registry.obj
 0001:0000ba20       mdlInitializeSizes         000000018000ca20 f   car10_23_sfun_registry.obj
 0001:0000ba50       mdlInitializeSampleTimes   000000018000ca50 f   car10_23_sfun_registry.obj
 0001:0000ba80       mdl_outputs_continuous_legacy 000000018000ca80 f   car10_23_sfun_registry.obj
 0001:0000bb80       mdl_outputs_processing     000000018000cb80 f   car10_23_sfun_registry.obj
 0001:0000bca0       mdl_zeroCrossings_processing 000000018000cca0 f   car10_23_sfun_registry.obj
 0001:0000bce0       mdlZeroCrossings           000000018000cce0 f   car10_23_sfun_registry.obj
 0001:0000bd10       mdl_derivatives_processing 000000018000cd10 f   car10_23_sfun_registry.obj
 0001:0000bd60       mdlDerivatives             000000018000cd60 f   car10_23_sfun_registry.obj
 0001:0000bd90       mdl_initialize_conditions_processing 000000018000cd90 f   car10_23_sfun_registry.obj
 0001:0000bde0       mdlInitializeConditions    000000018000cde0 f   car10_23_sfun_registry.obj
 0001:0000be10       mdl_ext_mode_exec_processing 000000018000ce10 f   car10_23_sfun_registry.obj
 0001:0000be50       mdlExtModeExec             000000018000ce50 f   car10_23_sfun_registry.obj
 0001:0000be80       mdlRTW                     000000018000ce80 f   car10_23_sfun_registry.obj
 0001:0000bec0       mdl_enable_processing      000000018000cec0 f   car10_23_sfun_registry.obj
 0001:0000bf00       mdlEnable                  000000018000cf00 f   car10_23_sfun_registry.obj
 0001:0000bf30       mdl_disable_processing     000000018000cf30 f   car10_23_sfun_registry.obj
 0001:0000bf70       mdlDisable                 000000018000cf70 f   car10_23_sfun_registry.obj
 0001:0000bfa0       mdlOutputs                 000000018000cfa0 f   car10_23_sfun_registry.obj
 0001:0000bfd0       mdl_update_processing      000000018000cfd0 f   car10_23_sfun_registry.obj
 0001:0000c020       mdlUpdate                  000000018000d020 f   car10_23_sfun_registry.obj
 0001:0000c200       mdlGetTimeOfNextVarHit     000000018000d200 f   car10_23_sfun_registry.obj
 0001:0000c250       _RegNumInputPortsCB        000000018000d250 f   car10_23_sfun_registry.obj
 0001:0000c2d0       _RegNumOutputPortsCB       000000018000d2d0 f   car10_23_sfun_registry.obj
 0001:0000c350       _CreateSimStruct           000000018000d350 f   car10_23_sfun_registry.obj
 0001:0000c530       _ssFatalError              000000018000d530 f   car10_23_sfun_registry.obj
 0001:0000c600       _ProcessMexSfunctionCmdLineCall 000000018000d600 f   car10_23_sfun_registry.obj
 0001:0000d320       $$000000                   000000018000e320     MSVCRT:amdsecgs.obj
 0001:0000d37c       pre_c_init                 000000018000e37c f   MSVCRT:crtdll.obj
 0001:0000d674       __DllMainCRTStartup        000000018000e674 f   MSVCRT:crtdll.obj
 0001:0000db90       __DllMainCRTStartup$filt$0 000000018000eb90 f   MSVCRT:crtdll.obj
 0001:0000dbb5       __DllMainCRTStartup$fin$1  000000018000ebb5 f   MSVCRT:crtdll.obj
 0001:0000dbd0       _IsNonwritableInCurrentImage$filt$0 000000018000ebd0 f   MSVCRT:pesect.obj
 0001:0000dbf0       _onexit$fin$0              000000018000ebf0 f   MSVCRT:atonexit.obj
 0002:00000478       pcinit                     000000018000f478     MSVCRT:crtdll.obj
 0002:00000480       pinit                      000000018000f480     MSVCRT:atonexit.obj
 0002:00000ad8       GS_ExceptionPointers       000000018000fad8     MSVCRT:gs_report.obj
 0002:00000ba0       $unwind$load_car10_23_optimization_info 000000018000fba0     car10_23_sfun.obj
 0002:00000ba8       $unwind$unload_car10_23_optimization_info 000000018000fba8     car10_23_sfun.obj
 0002:00000bb0       $unwind$sf_car10_23_method_dispatcher 000000018000fbb0     car10_23_sfun.obj
 0002:00000bb8       $unwind$sf_car10_23_process_check_sum_call 000000018000fbb8     car10_23_sfun.obj
 0002:00000bc8       $unwind$sf_car10_23_autoinheritance_info 000000018000fbc8     car10_23_sfun.obj
 0002:00000bd8       $unwind$sf_car10_23_get_eml_resolved_functions_info 000000018000fbd8     car10_23_sfun.obj
 0002:00000be8       $unwind$sf_car10_23_third_party_uses_info 000000018000fbe8     car10_23_sfun.obj
 0002:00000bf8       $unwind$sf_car10_23_jit_fallback_info 000000018000fbf8     car10_23_sfun.obj
 0002:00000c08       $unwind$sf_car10_23_updateBuildInfo_args_info 000000018000fc08     car10_23_sfun.obj
 0002:00000c18       $unwind$car10_23_debug_initialize 000000018000fc18     car10_23_sfun.obj
 0002:00000c20       $unwind$sf_c1_car10_23_get_eml_resolved_functions_info 000000018000fc20     c1_car10_23.obj
 0002:00000c28       $unwind$sf_c1_car10_23_get_check_sum 000000018000fc28     c1_car10_23.obj
 0002:00000c30       $unwind$c1_car10_23_method_dispatcher 000000018000fc30     c1_car10_23.obj
 0002:00000c38       $unwind$chart_debug_initialization 000000018000fc38     c1_car10_23.obj
 0002:00000c40       $unwind$chart_debug_initialize_data_addresses 000000018000fc40     c1_car10_23.obj
 0002:00000c48       $unwind$initialize_c1_car10_23 000000018000fc48     c1_car10_23.obj
 0002:00000c50       $unwind$enable_c1_car10_23 000000018000fc50     c1_car10_23.obj
 0002:00000c58       $unwind$disable_c1_car10_23 000000018000fc58     c1_car10_23.obj
 0002:00000c60       $unwind$get_sim_state_c1_car10_23 000000018000fc60     c1_car10_23.obj
 0002:00000c68       $unwind$set_sim_state_c1_car10_23 000000018000fc68     c1_car10_23.obj
 0002:00000c70       $unwind$sf_gateway_c1_car10_23 000000018000fc70     c1_car10_23.obj
 0002:00000c80       $unwind$c1_sf_marshallOut  000000018000fc80     c1_car10_23.obj
 0002:00000c88       $unwind$c1_emlrt_marshallIn 000000018000fc88     c1_car10_23.obj
 0002:00000c90       $unwind$c1_b_emlrt_marshallIn 000000018000fc90     c1_car10_23.obj
 0002:00000c98       $unwind$c1_sf_marshallIn   000000018000fc98     c1_car10_23.obj
 0002:00000ca0       $unwind$c1_b_sf_marshallOut 000000018000fca0     c1_car10_23.obj
 0002:00000ca8       $unwind$c1_c_emlrt_marshallIn 000000018000fca8     c1_car10_23.obj
 0002:00000cb0       $unwind$c1_d_emlrt_marshallIn 000000018000fcb0     c1_car10_23.obj
 0002:00000cb8       $unwind$c1_b_sf_marshallIn 000000018000fcb8     c1_car10_23.obj
 0002:00000cc0       $unwind$c1_c_sf_marshallOut 000000018000fcc0     c1_car10_23.obj
 0002:00000cc8       $unwind$c1_d_sf_marshallOut 000000018000fcc8     c1_car10_23.obj
 0002:00000cd8       $unwind$c1_f_emlrt_marshallIn 000000018000fcd8     c1_car10_23.obj
 0002:00000ce0       $unwind$c1_g_emlrt_marshallIn 000000018000fce0     c1_car10_23.obj
 0002:00000ce8       $unwind$init_simulink_io_address 000000018000fce8     c1_car10_23.obj
 0002:00000cf0       $unwind$sf_c1_car10_23_get_post_codegen_info 000000018000fcf0     c1_car10_23.obj
 0002:00000cf8       $unwind$sf_c1_car10_23_get_autoinheritance_info 000000018000fcf8     c1_car10_23.obj
 0002:00000d08       $unwind$sf_c1_car10_23_third_party_uses_info 000000018000fd08     c1_car10_23.obj
 0002:00000d10       $unwind$sf_c1_car10_23_jit_fallback_info 000000018000fd10     c1_car10_23.obj
 0002:00000d20       $unwind$sf_c1_car10_23_updateBuildInfo_args_info 000000018000fd20     c1_car10_23.obj
 0002:00000d28       $unwind$sf_get_sim_state_info_c1_car10_23 000000018000fd28     c1_car10_23.obj
 0002:00000d30       $unwind$sf_opaque_initialize_c1_car10_23 000000018000fd30     c1_car10_23.obj
 0002:00000d38       $unwind$sf_opaque_enable_c1_car10_23 000000018000fd38     c1_car10_23.obj
 0002:00000d40       $unwind$sf_opaque_disable_c1_car10_23 000000018000fd40     c1_car10_23.obj
 0002:00000d48       $unwind$sf_opaque_gateway_c1_car10_23 000000018000fd48     c1_car10_23.obj
 0002:00000d50       $unwind$sf_opaque_get_sim_state_c1_car10_23 000000018000fd50     c1_car10_23.obj
 0002:00000d58       $unwind$sf_opaque_set_sim_state_c1_car10_23 000000018000fd58     c1_car10_23.obj
 0002:00000d60       $unwind$sf_opaque_terminate_c1_car10_23 000000018000fd60     c1_car10_23.obj
 0002:00000d68       $unwind$mdlProcessParameters_c1_car10_23 000000018000fd68     c1_car10_23.obj
 0002:00000d70       $unwind$mdlSetWorkWidths_c1_car10_23 000000018000fd70     c1_car10_23.obj
 0002:00000d78       $unwind$mdlRTW_c1_car10_23 000000018000fd78     c1_car10_23.obj
 0002:00000d80       $unwind$mdlStart_c1_car10_23 000000018000fd80     c1_car10_23.obj
 0002:00000d88       $unwind$mexFunction        000000018000fd88     car10_23_sfun_registry.obj
 0002:00000d90       $unwind$_ssSetInputPortDirectFeedThroughFcn 000000018000fd90     car10_23_sfun_registry.obj
 0002:00000d98       $unwind$_ssGetInputPortSignalPtrsFcn 000000018000fd98     car10_23_sfun_registry.obj
 0002:00000da0       $unwind$_ssGetInputPortSignalFcn 000000018000fda0     car10_23_sfun_registry.obj
 0002:00000da8       $unwind$_ssSetInputPortReusableFcn 000000018000fda8     car10_23_sfun_registry.obj
 0002:00000db8       $unwind$_ssSetOutputPortReusableFcn 000000018000fdb8     car10_23_sfun_registry.obj
 0002:00000dc8       $unwind$_ssSetSymbolicDimsSupport 000000018000fdc8     car10_23_sfun_registry.obj
 0002:00000dd0       $unwind$_ssRegisterSymbolicDimsExpr 000000018000fdd0     car10_23_sfun_registry.obj
 0002:00000dd8       $unwind$_ssRegisterSymbolicDims 000000018000fdd8     car10_23_sfun_registry.obj
 0002:00000de0       $unwind$_ssRegisterSymbolicDimsString 000000018000fde0     car10_23_sfun_registry.obj
 0002:00000de8       $unwind$_ssRegisterSymbolicDimsIntValue 000000018000fde8     car10_23_sfun_registry.obj
 0002:00000df0       $unwind$_ssRegisterSymbolicDimsPlus 000000018000fdf0     car10_23_sfun_registry.obj
 0002:00000df8       $unwind$_ssRegisterSymbolicDimsMinus 000000018000fdf8     car10_23_sfun_registry.obj
 0002:00000e00       $unwind$_ssRegisterSymbolicDimsMultiply 000000018000fe00     car10_23_sfun_registry.obj
 0002:00000e08       $unwind$_ssRegisterSymbolicDimsDivide 000000018000fe08     car10_23_sfun_registry.obj
 0002:00000e10       $unwind$_ssGetNumSymbolicDims 000000018000fe10     car10_23_sfun_registry.obj
 0002:00000e18       $unwind$_ssGetSymbolicDim  000000018000fe18     car10_23_sfun_registry.obj
 0002:00000e20       $unwind$_ssSetInputPortSymbolicDimsId 000000018000fe20     car10_23_sfun_registry.obj
 0002:00000e28       $unwind$_ssGetCompInputPortSymbolicDimsId 000000018000fe28     car10_23_sfun_registry.obj
 0002:00000e30       $unwind$_ssSetCompInputPortSymbolicDimsId 000000018000fe30     car10_23_sfun_registry.obj
 0002:00000e38       $unwind$_ssSetOutputPortSymbolicDimsId 000000018000fe38     car10_23_sfun_registry.obj
 0002:00000e40       $unwind$_ssGetCompOutputPortSymbolicDimsId 000000018000fe40     car10_23_sfun_registry.obj
 0002:00000e48       $unwind$_ssSetCompOutputPortSymbolicDimsId 000000018000fe48     car10_23_sfun_registry.obj
 0002:00000e50       $unwind$_ssSetCompDWorkSymbolicDimsId 000000018000fe50     car10_23_sfun_registry.obj
 0002:00000e58       $unwind$ssGetIsZeroCrossControlDisabled 000000018000fe58     car10_23_sfun_registry.obj
 0002:00000e60       $unwind$ssSetIsInputPortUsedForContZcSignal 000000018000fe60     car10_23_sfun_registry.obj
 0002:00000e68       $unwind$ssSetZcSignalIsZcElementDisc 000000018000fe68     car10_23_sfun_registry.obj
 0002:00000e78       $unwind$ssSetZcSignalName  000000018000fe78     car10_23_sfun_registry.obj
 0002:00000e80       $unwind$ssSetZcSignalWidth 000000018000fe80     car10_23_sfun_registry.obj
 0002:00000e88       $unwind$ssSetZcSignalZcEventType 000000018000fe88     car10_23_sfun_registry.obj
 0002:00000e90       $unwind$ssSetZcSignalType  000000018000fe90     car10_23_sfun_registry.obj
 0002:00000e98       $unwind$ssSetZcSignalZcTol 000000018000fe98     car10_23_sfun_registry.obj
 0002:00000ea0       $unwind$ssSetZcSignalNeedsEventNotification 000000018000fea0     car10_23_sfun_registry.obj
 0002:00000ea8       $unwind$ssCreateAndAddZcSignalInfo 000000018000fea8     car10_23_sfun_registry.obj
 0002:00000eb0       $unwind$ssCloneAndAddZcSignalInfo 000000018000feb0     car10_23_sfun_registry.obj
 0002:00000eb8       $unwind$ssGetNumZcSignals  000000018000feb8     car10_23_sfun_registry.obj
 0002:00000ec0       $unwind$ssGetZcSignalVector 000000018000fec0     car10_23_sfun_registry.obj
 0002:00000ec8       $unwind$ssGetZcSignalName  000000018000fec8     car10_23_sfun_registry.obj
 0002:00000ed0       $unwind$ssGetZcSignalWidth 000000018000fed0     car10_23_sfun_registry.obj
 0002:00000ed8       $unwind$ssGetZcSignalZcEventType 000000018000fed8     car10_23_sfun_registry.obj
 0002:00000ee0       $unwind$ssGetZcSignalZcEvents 000000018000fee0     car10_23_sfun_registry.obj
 0002:00000ee8       $unwind$ssGetZcSignalType  000000018000fee8     car10_23_sfun_registry.obj
 0002:00000ef0       $unwind$ssGetZcSignalZcTol 000000018000fef0     car10_23_sfun_registry.obj
 0002:00000ef8       $unwind$ssGetZcSignalNeedsEventNotification 000000018000fef8     car10_23_sfun_registry.obj
 0002:00000f00       $unwind$ssGetZcSignalIsZcElementDisc 000000018000ff00     car10_23_sfun_registry.obj
 0002:00000f10       $unwind$ssGetIsInputPortElementContinuous 000000018000ff10     car10_23_sfun_registry.obj
 0002:00000f20       $unwind$ssGetDTypeIdFromMxArray 000000018000ff20     car10_23_sfun_registry.obj
 0002:00000f28       $unwind$ssWriteRTWStr      000000018000ff28     car10_23_sfun_registry.obj
 0002:00000f30       $unwind$ssWriteRTWNameValuePair 000000018000ff30     car10_23_sfun_registry.obj
 0002:00000f38       $unwind$ssWriteRTWParamSettings 000000018000ff38     car10_23_sfun_registry.obj
 0002:00000f40       $unwind$ssWriteRTWParameters 000000018000ff40     car10_23_sfun_registry.obj
 0002:00000f48       $unwind$ssWriteRTWWorkVect 000000018000ff48     car10_23_sfun_registry.obj
 0002:00000f5c       $unwind$ssWriteRTWMxVectParam 000000018000ff5c     car10_23_sfun_registry.obj
 0002:00000f64       $unwind$ssWriteRTWMx2dMatParam 000000018000ff64     car10_23_sfun_registry.obj
 0002:00000f6c       $unwind$_ssSetInputPortMatrixDimensions 000000018000ff6c     car10_23_sfun_registry.obj
 0002:00000f78       $unwind$_ssSetOutputPortMatrixDimensions 000000018000ff78     car10_23_sfun_registry.obj
 0002:00000f84       $unwind$_ssSetInputPortVectorDimension 000000018000ff84     car10_23_sfun_registry.obj
 0002:00000f90       $unwind$_ssSetOutputPortVectorDimension 000000018000ff90     car10_23_sfun_registry.obj
 0002:00000f9c       $unwind$ssIsRunTimeParamTunable 000000018000ff9c     car10_23_sfun_registry.obj
 0002:00000fa4       $unwind$ssGetSFuncBlockHandle 000000018000ffa4     car10_23_sfun_registry.obj
 0002:00000fac       $unwind$_ssGetCurrentInputPortWidth 000000018000ffac     car10_23_sfun_registry.obj
 0002:00000fb4       $unwind$_ssGetCurrentOutputPortWidth 000000018000ffb4     car10_23_sfun_registry.obj
 0002:00000fbc       $unwind$_ssGetCallSystemNumFcnCallDestinations 000000018000ffbc     car10_23_sfun_registry.obj
 0002:00000fc4       $unwind$ssGetParameterTuningCompliance 000000018000ffc4     car10_23_sfun_registry.obj
 0002:00000fcc       $unwind$ssWarning          000000018000ffcc     car10_23_sfun_registry.obj
 0002:00000fe0       $unwind$_ssGetAbsTol       000000018000ffe0     car10_23_sfun_registry.obj
 0002:00000fe8       $unwind$sf_process_check_sum_call 000000018000ffe8     car10_23_sfun_registry.obj
 0002:00000ff0       $unwind$sf_process_autoinheritance_call 000000018000fff0     car10_23_sfun_registry.obj
 0002:00001000       $unwind$sf_process_get_third_party_uses_info_call 0000000180010000     car10_23_sfun_registry.obj
 0002:00001010       $unwind$sf_process_get_jit_fallback_info_call 0000000180010010     car10_23_sfun_registry.obj
 0002:00001020       $unwind$sf_process_get_updateBuildInfo_args_info_call 0000000180010020     car10_23_sfun_registry.obj
 0002:00001030       $unwind$sf_process_get_eml_resolved_functions_info_call 0000000180010030     car10_23_sfun_registry.obj
 0002:00001040       $unwind$sf_mex_unlock_call 0000000180010040     car10_23_sfun_registry.obj
 0002:00001050       $unwind$sf_debug_api_wrapper 0000000180010050     car10_23_sfun_registry.obj
 0002:00001058       $unwind$ProcessMexSfunctionCmdLineCall 0000000180010058     car10_23_sfun_registry.obj
 0002:00001060       $unwind$sf_machine_global_initializer_called 0000000180010060     car10_23_sfun_registry.obj
 0002:00001068       $unwind$sf_machine_global_method_dispatcher 0000000180010068     car10_23_sfun_registry.obj
 0002:00001070       $unwind$sf_machine_global_terminator 0000000180010070     car10_23_sfun_registry.obj
 0002:00001078       $unwind$sf_register_machine_exported_symbols 0000000180010078     car10_23_sfun_registry.obj
 0002:00001080       $unwind$sf_machine_global_initializer 0000000180010080     car10_23_sfun_registry.obj
 0002:00001088       $unwind$mdlGetSimState     0000000180010088     car10_23_sfun_registry.obj
[...]
 0003:00001a50       $SG19450                   0000000180013a50     car10_23_sfun_registry.obj
 0003:00001a80       $SG17404                   0000000180013a80     car10_23_sfun_registry.obj
 0003:00001ab0       sRtwOptimizationInfoStruct 0000000180013ab0     car10_23_sfun.obj
 0003:00001ab8       sOptimizationInfoFlags     0000000180013ab8     car10_23_sfun.obj
 0003:00001ac0       $SG17961                   0000000180013ac0     c1_car10_23.obj
 0003:00001ac1       $SG17963                   0000000180013ac1     c1_car10_23.obj
 0003:00001ac2       $SG17978                   0000000180013ac2     c1_car10_23.obj
 0003:00001ac8       _sfTime_                   0000000180013ac8     c1_car10_23.obj
 0003:00001ad0       sfGlobalMdlStartCallCounts 0000000180013ad0     car10_23_sfun_registry.obj
 0003:00001ad4       $SG19237                   0000000180013ad4     car10_23_sfun_registry.obj
 0003:00001ae0       ?errmsg@?O@??ssWriteRTWWorkVect@@9@9 0000000180013ae0     car10_23_sfun_registry.obj
 0003:00001bb0       GS_ExceptionRecord         0000000180013bb0     MSVCRT:gs_report.obj
 0003:00001c50       GS_ContextRecord           0000000180013c50     MSVCRT:gs_report.obj
 0003:00002120       DebuggerWasPresent         0000000180014120     MSVCRT:gs_report.obj
 0003:00002124       __proc_attached            0000000180014124     MSVCRT:crtdll.obj
 0004:00000000       $pdata$load_car10_23_optimization_info 0000000180015000     car10_23_sfun.obj
 0004:0000000c       $pdata$unload_car10_23_optimization_info 000000018001500c     car10_23_sfun.obj
 0004:00000018       $pdata$sf_car10_23_method_dispatcher 0000000180015018     car10_23_sfun.obj
 0004:00000024       $pdata$sf_car10_23_process_check_sum_call 0000000180015024     car10_23_sfun.obj
 0004:00000030       $pdata$sf_car10_23_autoinheritance_info 0000000180015030     car10_23_sfun.obj
 0004:0000003c       $pdata$sf_car10_23_get_eml_resolved_functions_info 000000018001503c     car10_23_sfun.obj
 0004:00000048       $pdata$sf_car10_23_third_party_uses_info 0000000180015048     car10_23_sfun.obj
 0004:00000054       $pdata$sf_car10_23_jit_fallback_info 0000000180015054     car10_23_sfun.obj
 0004:00000060       $pdata$sf_car10_23_updateBuildInfo_args_info 0000000180015060     car10_23_sfun.obj
 0004:0000006c       $pdata$car10_23_debug_initialize 000000018001506c     car10_23_sfun.obj
 0004:00000078       $pdata$sf_c1_car10_23_get_eml_resolved_functions_info 0000000180015078     c1_car10_23.obj
 0004:00000084       $pdata$sf_c1_car10_23_get_check_sum 0000000180015084     c1_car10_23.obj
 0004:00000090       $pdata$c1_car10_23_method_dispatcher 0000000180015090     c1_car10_23.obj
 0004:0000009c       $pdata$chart_debug_initialization 000000018001509c     c1_car10_23.obj
 0004:000000a8       $pdata$chart_debug_initialize_data_addresses 00000001800150a8     c1_car10_23.obj
 0004:000000b4       $pdata$initialize_c1_car10_23 00000001800150b4     c1_car10_23.obj
 0004:000000c0       $pdata$enable_c1_car10_23  00000001800150c0     c1_car10_23.obj
 0004:000000cc       $pdata$disable_c1_car10_23 00000001800150cc     c1_car10_23.obj
 0004:000000d8       $pdata$get_sim_state_c1_car10_23 00000001800150d8     c1_car10_23.obj
 0004:000000e4       $pdata$set_sim_state_c1_car10_23 00000001800150e4     c1_car10_23.obj
 0004:000000f0       $pdata$sf_gateway_c1_car10_23 00000001800150f0     c1_car10_23.obj
 0004:000000fc       $pdata$c1_sf_marshallOut   00000001800150fc     c1_car10_23.obj
 0004:00000108       $pdata$c1_emlrt_marshallIn 0000000180015108     c1_car10_23.obj
 0004:00000114       $pdata$c1_b_emlrt_marshallIn 0000000180015114     c1_car10_23.obj
 0004:00000120       $pdata$c1_sf_marshallIn    0000000180015120     c1_car10_23.obj
 0004:0000012c       $pdata$c1_b_sf_marshallOut 000000018001512c     c1_car10_23.obj
 0004:00000138       $pdata$c1_c_emlrt_marshallIn 0000000180015138     c1_car10_23.obj
 0004:00000144       $pdata$c1_d_emlrt_marshallIn 0000000180015144     c1_car10_23.obj
 0004:00000150       $pdata$c1_b_sf_marshallIn  0000000180015150     c1_car10_23.obj
 0004:0000015c       $pdata$c1_c_sf_marshallOut 000000018001515c     c1_car10_23.obj
 0004:00000168       $pdata$c1_d_sf_marshallOut 0000000180015168     c1_car10_23.obj
 0004:00000174       $pdata$c1_f_emlrt_marshallIn 0000000180015174     c1_car10_23.obj
 0004:00000180       $pdata$c1_g_emlrt_marshallIn 0000000180015180     c1_car10_23.obj
 0004:0000018c       $pdata$init_simulink_io_address 000000018001518c     c1_car10_23.obj
 0004:00000198       $pdata$sf_c1_car10_23_get_post_codegen_info 0000000180015198     c1_car10_23.obj
 0004:000001a4       $pdata$sf_c1_car10_23_get_autoinheritance_info 00000001800151a4     c1_car10_23.obj
 0004:000001b0       $pdata$sf_c1_car10_23_third_party_uses_info 00000001800151b0     c1_car10_23.obj
 0004:000001bc       $pdata$sf_c1_car10_23_jit_fallback_info 00000001800151bc     c1_car10_23.obj
 0004:000001c8       $pdata$sf_c1_car10_23_updateBuildInfo_args_info 00000001800151c8     c1_car10_23.obj
 0004:000001d4       $pdata$sf_get_sim_state_info_c1_car10_23 00000001800151d4     c1_car10_23.obj
 0004:000001e0       $pdata$sf_opaque_initialize_c1_car10_23 00000001800151e0     c1_car10_23.obj
 0004:000001ec       $pdata$sf_opaque_enable_c1_car10_23 00000001800151ec     c1_car10_23.obj
 0004:000001f8       $pdata$sf_opaque_disable_c1_car10_23 00000001800151f8     c1_car10_23.obj
 0004:00000204       $pdata$sf_opaque_gateway_c1_car10_23 0000000180015204     c1_car10_23.obj
 0004:00000210       $pdata$sf_opaque_get_sim_state_c1_car10_23 0000000180015210     c1_car10_23.obj
 0004:0000021c       $pdata$sf_opaque_set_sim_state_c1_car10_23 000000018001521c     c1_car10_23.obj
 0004:00000228       $pdata$sf_opaque_terminate_c1_car10_23 0000000180015228     c1_car10_23.obj
 0004:00000234       $pdata$mdlProcessParameters_c1_car10_23 0000000180015234     c1_car10_23.obj
 0004:00000240       $pdata$mdlSetWorkWidths_c1_car10_23 0000000180015240     c1_car10_23.obj
 0004:0000024c       $pdata$mdlRTW_c1_car10_23  000000018001524c     c1_car10_23.obj
 0004:00000258       $pdata$mdlStart_c1_car10_23 0000000180015258     c1_car10_23.obj
 0004:00000264       $pdata$mexFunction         0000000180015264     car10_23_sfun_registry.obj
 0004:00000270       $pdata$_ssSetInputPortDirectFeedThroughFcn 0000000180015270     car10_23_sfun_registry.obj
 0004:0000027c       $pdata$_ssGetInputPortSignalPtrsFcn 000000018001527c     car10_23_sfun_registry.obj
 0004:00000288       $pdata$_ssGetInputPortSignalFcn 0000000180015288     car10_23_sfun_registry.obj
 0004:00000294       $pdata$_ssSetInputPortReusableFcn 0000000180015294     car10_23_sfun_registry.obj
 0004:000002a0       $pdata$_ssSetOutputPortReusableFcn 00000001800152a0     car10_23_sfun_registry.obj
 0004:000002ac       $pdata$_ssSetSymbolicDimsSupport 00000001800152ac     car10_23_sfun_registry.obj
 0004:000002b8       $pdata$_ssRegisterSymbolicDimsExpr 00000001800152b8     car10_23_sfun_registry.obj
 0004:000002c4       $pdata$_ssRegisterSymbolicDims 00000001800152c4     car10_23_sfun_registry.obj
 0004:000002d0       $pdata$_ssRegisterSymbolicDimsString 00000001800152d0     car10_23_sfun_registry.obj
 0004:000002dc       $pdata$_ssRegisterSymbolicDimsIntValue 00000001800152dc     car10_23_sfun_registry.obj
 0004:000002e8       $pdata$_ssRegisterSymbolicDimsPlus 00000001800152e8     car10_23_sfun_registry.obj
 0004:000002f4       $pdata$_ssRegisterSymbolicDimsMinus 00000001800152f4     car10_23_sfun_registry.obj
 0004:00000300       $pdata$_ssRegisterSymbolicDimsMultiply 0000000180015300     car10_23_sfun_registry.obj
 0004:0000030c       $pdata$_ssRegisterSymbolicDimsDivide 000000018001530c     car10_23_sfun_registry.obj
 0004:00000318       $pdata$_ssGetNumSymbolicDims 0000000180015318     car10_23_sfun_registry.obj
 0004:00000324       $pdata$_ssGetSymbolicDim   0000000180015324     car10_23_sfun_registry.obj
 0004:00000330       $pdata$_ssSetInputPortSymbolicDimsId 0000000180015330     car10_23_sfun_registry.obj
 0004:0000033c       $pdata$_ssGetCompInputPortSymbolicDimsId 000000018001533c     car10_23_sfun_registry.obj
 0004:00000348       $pdata$_ssSetCompInputPortSymbolicDimsId 0000000180015348     car10_23_sfun_registry.obj
 0004:00000354       $pdata$_ssSetOutputPortSymbolicDimsId 0000000180015354     car10_23_sfun_registry.obj
 0004:00000360       $pdata$_ssGetCompOutputPortSymbolicDimsId 0000000180015360     car10_23_sfun_registry.obj
 0004:0000036c       $pdata$_ssSetCompOutputPortSymbolicDimsId 000000018001536c     car10_23_sfun_registry.obj
 0004:00000378       $pdata$_ssSetCompDWorkSymbolicDimsId 0000000180015378     car10_23_sfun_registry.obj
 0004:00000384       $pdata$ssGetIsZeroCrossControlDisabled 0000000180015384     car10_23_sfun_registry.obj
 0004:00000390       $pdata$ssSetIsInputPortUsedForContZcSignal 0000000180015390     car10_23_sfun_registry.obj
 0004:0000039c       $pdata$ssSetZcSignalIsZcElementDisc 000000018001539c     car10_23_sfun_registry.obj
 0004:000003a8       $pdata$ssSetZcSignalName   00000001800153a8     car10_23_sfun_registry.obj
 0004:000003b4       $pdata$ssSetZcSignalWidth  00000001800153b4     car10_23_sfun_registry.obj
 0004:000003c0       $pdata$ssSetZcSignalZcEventType 00000001800153c0     car10_23_sfun_registry.obj
 0004:000003cc       $pdata$ssSetZcSignalType   00000001800153cc     car10_23_sfun_registry.obj
 0004:000003d8       $pdata$ssSetZcSignalZcTol  00000001800153d8     car10_23_sfun_registry.obj
 0004:000003e4       $pdata$ssSetZcSignalNeedsEventNotification 00000001800153e4     car10_23_sfun_registry.obj
 0004:000003f0       $pdata$ssCreateAndAddZcSignalInfo 00000001800153f0     car10_23_sfun_registry.obj
 0004:000003fc       $pdata$ssCloneAndAddZcSignalInfo 00000001800153fc     car10_23_sfun_registry.obj
 0004:00000408       $pdata$ssGetNumZcSignals   0000000180015408     car10_23_sfun_registry.obj
 0004:00000414       $pdata$ssGetZcSignalVector 0000000180015414     car10_23_sfun_registry.obj
 0004:00000420       $pdata$ssGetZcSignalName   0000000180015420     car10_23_sfun_registry.obj
 0004:0000042c       $pdata$ssGetZcSignalWidth  000000018001542c     car10_23_sfun_registry.obj
 0004:00000438       $pdata$ssGetZcSignalZcEventType 0000000180015438     car10_23_sfun_registry.obj
 0004:00000444       $pdata$ssGetZcSignalZcEvents 0000000180015444     car10_23_sfun_registry.obj
 0004:00000450       $pdata$ssGetZcSignalType   0000000180015450     car10_23_sfun_registry.obj
 0004:0000045c       $pdata$ssGetZcSignalZcTol  000000018001545c     car10_23_sfun_registry.obj
 0004:00000468       $pdata$ssGetZcSignalNeedsEventNotification 0000000180015468     car10_23_sfun_registry.obj
 0004:00000474       $pdata$ssGetZcSignalIsZcElementDisc 0000000180015474     car10_23_sfun_registry.obj
 0004:00000480       $pdata$ssGetIsInputPortElementContinuous 0000000180015480     car10_23_sfun_registry.obj
 0004:0000048c       $pdata$ssGetDTypeIdFromMxArray 000000018001548c     car10_23_sfun_registry.obj
 0004:00000498       $pdata$ssWriteRTWStr       0000000180015498     car10_23_sfun_registry.obj
 0004:000004a4       $pdata$ssWriteRTWNameValuePair 00000001800154a4     car10_23_sfun_registry.obj
 0004:000004b0       $pdata$ssWriteRTWParamSettings 00000001800154b0     car10_23_sfun_registry.obj
 0004:000004bc       $pdata$ssWriteRTWParameters 00000001800154bc     car10_23_sfun_registry.obj
 0004:000004c8       $pdata$ssWriteRTWWorkVect  00000001800154c8     car10_23_sfun_registry.obj
 0004:000004d4       $pdata$ssWriteRTWMxVectParam 00000001800154d4     car10_23_sfun_registry.obj
 0004:000004e0       $pdata$ssWriteRTWMx2dMatParam 00000001800154e0     car10_23_sfun_registry.obj
 0004:000004ec       $pdata$_ssSetInputPortMatrixDimensions 00000001800154ec     car10_23_sfun_registry.obj
 0004:000004f8       $pdata$_ssSetOutputPortMatrixDimensions 00000001800154f8     car10_23_sfun_registry.obj
 0004:00000504       $pdata$_ssSetInputPortVectorDimension 0000000180015504     car10_23_sfun_registry.obj
 0004:00000510       $pdata$_ssSetOutputPortVectorDimension 0000000180015510     car10_23_sfun_registry.obj
 0004:0000051c       $pdata$ssIsRunTimeParamTunable 000000018001551c     car10_23_sfun_registry.obj
 0004:00000528       $pdata$ssGetSFuncBlockHandle 0000000180015528     car10_23_sfun_registry.obj
 0004:00000534       $pdata$_ssGetCurrentInputPortWidth 0000000180015534     car10_23_sfun_registry.obj
 0004:00000540       $pdata$_ssGetCurrentOutputPortWidth 0000000180015540     car10_23_sfun_registry.obj
 0004:0000054c       $pdata$_ssGetCallSystemNumFcnCallDestinations 000000018001554c     car10_23_sfun_registry.obj
 0004:00000558       $pdata$ssGetParameterTuningCompliance 0000000180015558     car10_23_sfun_registry.obj
 0004:00000564       $pdata$ssWarning           0000000180015564     car10_23_sfun_registry.obj
 0004:00000570       $pdata$_ssGetAbsTol        0000000180015570     car10_23_sfun_registry.obj
 0004:0000057c       $pdata$sf_process_check_sum_call 000000018001557c     car10_23_sfun_registry.obj
 0004:00000588       $pdata$sf_process_autoinheritance_call 0000000180015588     car10_23_sfun_registry.obj
 0004:00000594       $pdata$sf_process_get_third_party_uses_info_call 0000000180015594     car10_23_sfun_registry.obj
 0004:000005a0       $pdata$sf_process_get_jit_fallback_info_call 00000001800155a0     car10_23_sfun_registry.obj
 0004:000005ac       $pdata$sf_process_get_updateBuildInfo_args_info_call 00000001800155ac     car10_23_sfun_registry.obj
 0004:000005b8       $pdata$sf_process_get_eml_resolved_functions_info_call 00000001800155b8     car10_23_sfun_registry.obj
 0004:000005c4       $pdata$sf_mex_unlock_call  00000001800155c4     car10_23_sfun_registry.obj
 0004:000005d0       $pdata$sf_debug_api_wrapper 00000001800155d0     car10_23_sfun_registry.obj
 0004:000005dc       $pdata$ProcessMexSfunctionCmdLineCall 00000001800155dc     car10_23_sfun_registry.obj
 0004:000005e8       $pdata$sf_machine_global_initializer_called 00000001800155e8     car10_23_sfun_registry.obj
 0004:000005f4       $pdata$sf_machine_global_method_dispatcher 00000001800155f4     car10_23_sfun_registry.obj
 0004:00000600       $pdata$sf_machine_global_terminator 0000000180015600     car10_23_sfun_registry.obj
 0004:0000060c       $pdata$sf_register_machine_exported_symbols 000000018001560c     car10_23_sfun_registry.obj
 0004:00000618       $pdata$sf_machine_global_initializer 0000000180015618     car10_23_sfun_registry.obj
 0004:00000624       $pdata$mdlGetSimState      0000000180015624     car10_23_sfun_registry.obj
 0004:00000630       $pdata$mdlSetSimState      0000000180015630     car10_23_sfun_registry.obj
 0004:0000063c       $pdata$mdlSetWorkWidths    000000018001563c     car10_23_sfun_registry.obj
 0004:00000648       $pdata$mdlProcessParameters 0000000180015648     car10_23_sfun_registry.obj
 0004:00000654       $pdata$mdl_start_processing 0000000180015654     car10_23_sfun_registry.obj
 0004:00000660       $pdata$mdl_terminate_processing 0000000180015660     car10_23_sfun_registry.obj
 0004:0000066c       $pdata$mdlStart            000000018001566c     car10_23_sfun_registry.obj
 0004:00000678       $pdata$mdlTerminate        0000000180015678     car10_23_sfun_registry.obj
 0004:00000684       $pdata$mdlInitializeSizes  0000000180015684     car10_23_sfun_registry.obj
 0004:00000690       $pdata$mdlInitializeSampleTimes 0000000180015690     car10_23_sfun_registry.obj
 0004:0000069c       $pdata$mdl_outputs_continuous_legacy 000000018001569c     car10_23_sfun_registry.obj
 0004:000006a8       $pdata$mdl_outputs_processing 00000001800156a8     car10_23_sfun_registry.obj
 0004:000006b4       $pdata$mdl_zeroCrossings_processing 00000001800156b4     car10_23_sfun_registry.obj
 0004:000006c0       $pdata$mdlZeroCrossings    00000001800156c0     car10_23_sfun_registry.obj
 0004:000006cc       $pdata$mdl_derivatives_processing 00000001800156cc     car10_23_sfun_registry.obj
 0004:000006d8       $pdata$mdlDerivatives      00000001800156d8     car10_23_sfun_registry.obj
 0004:000006e4       $pdata$mdl_initialize_conditions_processing 00000001800156e4     car10_23_sfun_registry.obj
 0004:000006f0       $pdata$mdlInitializeConditions 00000001800156f0     car10_23_sfun_registry.obj
 0004:000006fc       $pdata$mdl_ext_mode_exec_processing 00000001800156fc     car10_23_sfun_registry.obj
 0004:00000708       $pdata$mdlExtModeExec      0000000180015708     car10_23_sfun_registry.obj
 0004:00000714       $pdata$mdlRTW              0000000180015714     car10_23_sfun_registry.obj
 0004:00000720       $pdata$mdl_enable_processing 0000000180015720     car10_23_sfun_registry.obj
 0004:0000072c       $pdata$mdlEnable           000000018001572c     car10_23_sfun_registry.obj
 0004:00000738       $pdata$mdl_disable_processing 0000000180015738     car10_23_sfun_registry.obj
 0004:00000744       $pdata$mdlDisable          0000000180015744     car10_23_sfun_registry.obj
 0004:00000750       $pdata$mdlOutputs          0000000180015750     car10_23_sfun_registry.obj
 0004:0000075c       $pdata$mdl_update_processing 000000018001575c     car10_23_sfun_registry.obj
 0004:00000768       $pdata$mdlUpdate           0000000180015768     car10_23_sfun_registry.obj
 0004:00000774       $pdata$ProcessMexSfunctionEveryCall 0000000180015774     car10_23_sfun_registry.obj
 0004:00000780       $pdata$_RegNumInputPortsCB 0000000180015780     car10_23_sfun_registry.obj
 0004:0000078c       $pdata$_RegNumOutputPortsCB 000000018001578c     car10_23_sfun_registry.obj
 0004:00000798       $pdata$_CreateSimStruct    0000000180015798     car10_23_sfun_registry.obj
 0004:000007a4       $pdata$_ssFatalError       00000001800157a4     car10_23_sfun_registry.obj
 0004:000007b0       $pdata$_ProcessMexSfunctionCmdLineCall 00000001800157b0     car10_23_sfun_registry.obj
 0004:000007bc       $pdata$__raise_securityfailure 00000001800157bc     MSVCRT:gs_report.obj
 0004:000007c8       $pdata$__report_gsfailure  00000001800157c8     MSVCRT:gs_report.obj
 0004:000007d4       $pdata$__report_rangecheckfailure 00000001800157d4     MSVCRT:gs_report.obj
 0004:000007e0       $pdata$__report_securityfailure 00000001800157e0     MSVCRT:gs_report.obj
 0004:000007ec       $pdata$__report_securityfailureEx 00000001800157ec     MSVCRT:gs_report.obj
 0004:000007f8       $pdata$__GSHandlerCheck    00000001800157f8     MSVCRT:gshandler.obj
 0004:00000804       $pdata$__GSHandlerCheckCommon 0000000180015804     MSVCRT:gshandler.obj
 0004:0000081c       $pdata$pre_c_init          000000018001581c     MSVCRT:crtdll.obj
 0004:00000828       $pdata$_CRT_INIT           0000000180015828     MSVCRT:crtdll.obj
 0004:00000834       $pdata$_DllMainCRTStartup  0000000180015834     MSVCRT:crtdll.obj
 0004:00000840       $pdata$__DllMainCRTStartup 0000000180015840     MSVCRT:crtdll.obj
 0004:0000084c       $pdata$_IsNonwritableInCurrentImage 000000018001584c     MSVCRT:pesect.obj
 0004:00000858       $pdata$__atonexitinit      0000000180015858     MSVCRT:atonexit.obj
 0004:00000864       $pdata$_onexit             0000000180015864     MSVCRT:atonexit.obj
 0004:00000870       $pdata$atexit              0000000180015870     MSVCRT:atonexit.obj
 0004:0000087c       $pdata$__security_init_cookie 000000018001587c     MSVCRT:gs_support.obj
 0004:00000888       $pdata$DllMain             0000000180015888     MSVCRT:dllmain.obj
 0004:00000894       $pdata$_RTC_Initialize     0000000180015894     MSVCRT:initsect.obj
 0004:000008a0       $pdata$_RTC_Terminate      00000001800158a0     MSVCRT:initsect.obj
 0004:000008ac       $pdata$__DllMainCRTStartup$filt$0 00000001800158ac     MSVCRT:crtdll.obj
 0004:000008b8       $pdata$__DllMainCRTStartup$fin$1 00000001800158b8     MSVCRT:crtdll.obj
 0004:000008c4       $pdata$_IsNonwritableInCurrentImage$filt$0 00000001800158c4     MSVCRT:pesect.obj
 0004:000008d0       $pdata$_onexit$fin$0       00000001800158d0     MSVCRT:atonexit.obj
